Archive member included because of file (symbol)

c:/freescale/kds_v3/toolchain/bin/../lib/gcc/arm-none-eabi/4.8.4/../../../../arm-none-eabi/lib/armv7e-m/fpu\libg_s.a(lib_a-errno.o)
                              ./utilities/fsl_sbrk.o (symbol from plugin) (__errno)
c:/freescale/kds_v3/toolchain/bin/../lib/gcc/arm-none-eabi/4.8.4/../../../../arm-none-eabi/lib/armv7e-m/fpu\libg_s.a(lib_a-exit.o)
                              c:/freescale/kds_v3/toolchain/bin/../lib/gcc/arm-none-eabi/4.8.4/../../../../arm-none-eabi/lib/armv7e-m/fpu/crt0.o (exit)
c:/freescale/kds_v3/toolchain/bin/../lib/gcc/arm-none-eabi/4.8.4/../../../../arm-none-eabi/lib/armv7e-m/fpu\libg_s.a(lib_a-impure.o)
                              c:/freescale/kds_v3/toolchain/bin/../lib/gcc/arm-none-eabi/4.8.4/../../../../arm-none-eabi/lib/armv7e-m/fpu\libg_s.a(lib_a-exit.o) (_global_impure_ptr)
c:/freescale/kds_v3/toolchain/bin/../lib/gcc/arm-none-eabi/4.8.4/../../../../arm-none-eabi/lib/armv7e-m/fpu\libg_s.a(lib_a-init.o)
                              c:/freescale/kds_v3/toolchain/bin/../lib/gcc/arm-none-eabi/4.8.4/../../../../arm-none-eabi/lib/armv7e-m/fpu/crt0.o (__libc_init_array)
c:/freescale/kds_v3/toolchain/bin/../lib/gcc/arm-none-eabi/4.8.4/../../../../arm-none-eabi/lib/armv7e-m/fpu\libg_s.a(lib_a-memset.o)
                              c:/freescale/kds_v3/toolchain/bin/../lib/gcc/arm-none-eabi/4.8.4/../../../../arm-none-eabi/lib/armv7e-m/fpu/crt0.o (memset)
c:/freescale/kds_v3/toolchain/bin/../lib/gcc/arm-none-eabi/4.8.4/../../../../arm-none-eabi/lib/armv7e-m/fpu\libnosys.a(_exit.o)
                              c:/freescale/kds_v3/toolchain/bin/../lib/gcc/arm-none-eabi/4.8.4/../../../../arm-none-eabi/lib/armv7e-m/fpu\libg_s.a(lib_a-exit.o) (_exit)
c:/freescale/kds_v3/toolchain/bin/../lib/gcc/arm-none-eabi/4.8.4/armv7e-m/fpu\libgcc.a(_aeabi_uldivmod.o)
                              C:\Users\fabio\AppData\Local\Temp\ccMzhWx2.ltrans24.ltrans.o (__aeabi_uldivmod)
c:/freescale/kds_v3/toolchain/bin/../lib/gcc/arm-none-eabi/4.8.4/armv7e-m/fpu\libgcc.a(bpabi.o)
                              c:/freescale/kds_v3/toolchain/bin/../lib/gcc/arm-none-eabi/4.8.4/armv7e-m/fpu\libgcc.a(_aeabi_uldivmod.o) (__gnu_uldivmod_helper)
c:/freescale/kds_v3/toolchain/bin/../lib/gcc/arm-none-eabi/4.8.4/armv7e-m/fpu\libgcc.a(_dvmd_tls.o)
                              c:/freescale/kds_v3/toolchain/bin/../lib/gcc/arm-none-eabi/4.8.4/armv7e-m/fpu\libgcc.a(_aeabi_uldivmod.o) (__aeabi_ldiv0)
c:/freescale/kds_v3/toolchain/bin/../lib/gcc/arm-none-eabi/4.8.4/armv7e-m/fpu\libgcc.a(_divdi3.o)
                              c:/freescale/kds_v3/toolchain/bin/../lib/gcc/arm-none-eabi/4.8.4/armv7e-m/fpu\libgcc.a(bpabi.o) (__divdi3)
c:/freescale/kds_v3/toolchain/bin/../lib/gcc/arm-none-eabi/4.8.4/armv7e-m/fpu\libgcc.a(_udivdi3.o)
                              c:/freescale/kds_v3/toolchain/bin/../lib/gcc/arm-none-eabi/4.8.4/armv7e-m/fpu\libgcc.a(bpabi.o) (__udivdi3)
c:/freescale/kds_v3/toolchain/bin/../lib/gcc/arm-none-eabi/4.8.4/../../../../arm-none-eabi/lib/armv7e-m/fpu\libg_s.a(lib_a-memcpy-stub.o)
                              C:\Users\fabio\AppData\Local\Temp\ccMzhWx2.ltrans10.ltrans.o (memcpy)
c:/freescale/kds_v3/toolchain/bin/../lib/gcc/arm-none-eabi/4.8.4/../../../../arm-none-eabi/lib/armv7e-m/fpu\libg_s.a(lib_a-memmove.o)
                              C:\Users\fabio\AppData\Local\Temp\ccMzhWx2.ltrans26.ltrans.o (memmove)
c:/freescale/kds_v3/toolchain/bin/../lib/gcc/arm-none-eabi/4.8.4/../../../../arm-none-eabi/lib/armv7e-m/fpu\libg_s.a(lib_a-strlen.o)
                              C:\Users\fabio\AppData\Local\Temp\ccMzhWx2.ltrans26.ltrans.o (strlen)

Allocating common symbols
Common symbol       size              file

i                   0x4               ./source/main.o (symbol from plugin)

Discarded input sections

 .text          0x00000000        0x0 c:/freescale/kds_v3/toolchain/bin/../lib/gcc/arm-none-eabi/4.8.4/armv7e-m/fpu/crti.o
 .data          0x00000000        0x0 c:/freescale/kds_v3/toolchain/bin/../lib/gcc/arm-none-eabi/4.8.4/armv7e-m/fpu/crti.o
 .bss           0x00000000        0x0 c:/freescale/kds_v3/toolchain/bin/../lib/gcc/arm-none-eabi/4.8.4/armv7e-m/fpu/crti.o
 .data          0x00000000        0x4 c:/freescale/kds_v3/toolchain/bin/../lib/gcc/arm-none-eabi/4.8.4/armv7e-m/fpu/crtbegin.o
 .data          0x00000000        0x0 c:/freescale/kds_v3/toolchain/bin/../lib/gcc/arm-none-eabi/4.8.4/../../../../arm-none-eabi/lib/armv7e-m/fpu/crt0.o
 .bss           0x00000000        0x0 c:/freescale/kds_v3/toolchain/bin/../lib/gcc/arm-none-eabi/4.8.4/../../../../arm-none-eabi/lib/armv7e-m/fpu/crt0.o
 .ARM.extab     0x00000000        0x0 c:/freescale/kds_v3/toolchain/bin/../lib/gcc/arm-none-eabi/4.8.4/../../../../arm-none-eabi/lib/armv7e-m/fpu/crt0.o
 .text          0x00000000        0x0 ./utilities/fsl_debug_console.o (symbol from plugin)
[...]
Memory Configuration

Name             Origin             Length             Attributes
m_interrupts     0x00000000         0x00000400         xr
m_flash_config   0x00000400         0x00000010         xr
m_text           0x00000410         0x000ffbf0         xr
m_data           0x1fff0000         0x00010000         rw
m_data_2         0x20000000         0x00030000         rw
*default*        0x00000000         0xffffffff

Linker script and memory map

LOAD c:/freescale/kds_v3/toolchain/bin/../lib/gcc/arm-none-eabi/4.8.4/armv7e-m/fpu/crti.o
LOAD c:/freescale/kds_v3/toolchain/bin/../lib/gcc/arm-none-eabi/4.8.4/armv7e-m/fpu/crtbegin.o
LOAD c:/freescale/kds_v3/toolchain/bin/../lib/gcc/arm-none-eabi/4.8.4/../../../../arm-none-eabi/lib/armv7e-m/fpu/crt0.o
LOAD ./utilities/fsl_debug_console.o
LOAD C:\Users\fabio\AppData\Local\Temp\ccMzhWx2.ltrans0.ltrans.o
LOAD C:\Users\fabio\AppData\Local\Temp\ccMzhWx2.ltrans1.ltrans.o
LOAD C:\Users\fabio\AppData\Local\Temp\ccMzhWx2.ltrans2.ltrans.o
LOAD C:\Users\fabio\AppData\Local\Temp\ccMzhWx2.ltrans3.ltrans.o
LOAD C:\Users\fabio\AppData\Local\Temp\ccMzhWx2.ltrans4.ltrans.o
LOAD C:\Users\fabio\AppData\Local\Temp\ccMzhWx2.ltrans5.ltrans.o
LOAD C:\Users\fabio\AppData\Local\Temp\ccMzhWx2.ltrans6.ltrans.o
LOAD C:\Users\fabio\AppData\Local\Temp\ccMzhWx2.ltrans7.ltrans.o
LOAD C:\Users\fabio\AppData\Local\Temp\ccMzhWx2.ltrans8.ltrans.o
LOAD C:\Users\fabio\AppData\Local\Temp\ccMzhWx2.ltrans9.ltrans.o
LOAD C:\Users\fabio\AppData\Local\Temp\ccMzhWx2.ltrans10.ltrans.o
LOAD C:\Users\fabio\AppData\Local\Temp\ccMzhWx2.ltrans11.ltrans.o
LOAD C:\Users\fabio\AppData\Local\Temp\ccMzhWx2.ltrans12.ltrans.o
LOAD C:\Users\fabio\AppData\Local\Temp\ccMzhWx2.ltrans13.ltrans.o
LOAD C:\Users\fabio\AppData\Local\Temp\ccMzhWx2.ltrans14.ltrans.o
LOAD C:\Users\fabio\AppData\Local\Temp\ccMzhWx2.ltrans15.ltrans.o
LOAD C:\Users\fabio\AppData\Local\Temp\ccMzhWx2.ltrans16.ltrans.o
LOAD C:\Users\fabio\AppData\Local\Temp\ccMzhWx2.ltrans17.ltrans.o
LOAD C:\Users\fabio\AppData\Local\Temp\ccMzhWx2.ltrans18.ltrans.o
LOAD C:\Users\fabio\AppData\Local\Temp\ccMzhWx2.ltrans19.ltrans.o
LOAD C:\Users\fabio\AppData\Local\Temp\ccMzhWx2.ltrans20.ltrans.o
LOAD C:\Users\fabio\AppData\Local\Temp\ccMzhWx2.ltrans21.ltrans.o
LOAD C:\Users\fabio\AppData\Local\Temp\ccMzhWx2.ltrans22.ltrans.o
LOAD C:\Users\fabio\AppData\Local\Temp\ccMzhWx2.ltrans23.ltrans.o
LOAD C:\Users\fabio\AppData\Local\Temp\ccMzhWx2.ltrans24.ltrans.o
LOAD C:\Users\fabio\AppData\Local\Temp\ccMzhWx2.ltrans25.ltrans.o
LOAD C:\Users\fabio\AppData\Local\Temp\ccMzhWx2.ltrans26.ltrans.o
LOAD c:/freescale/kds_v3/toolchain/bin/../lib/gcc/arm-none-eabi/4.8.4/armv7e-m/fpu\libgcc.a
LOAD c:/freescale/kds_v3/toolchain/bin/../lib/gcc/arm-none-eabi/4.8.4/../../../../arm-none-eabi/lib/armv7e-m/fpu\libg_s.a
LOAD c:/freescale/kds_v3/toolchain/bin/../lib/gcc/arm-none-eabi/4.8.4/../../../../arm-none-eabi/lib/armv7e-m/fpu\libc_s.a
LOAD c:/freescale/kds_v3/toolchain/bin/../lib/gcc/arm-none-eabi/4.8.4/armv7e-m/fpu\libgcc.a
LOAD c:/freescale/kds_v3/toolchain/bin/../lib/gcc/arm-none-eabi/4.8.4/../../../../arm-none-eabi/lib/armv7e-m/fpu\libc_s.a
LOAD c:/freescale/kds_v3/toolchain/bin/../lib/gcc/arm-none-eabi/4.8.4/../../../../arm-none-eabi/lib/armv7e-m/fpu\libnosys.a
LOAD c:/freescale/kds_v3/toolchain/bin/../lib/gcc/arm-none-eabi/4.8.4/armv7e-m/fpu\libgcc.a
LOAD c:/freescale/kds_v3/toolchain/bin/../lib/gcc/arm-none-eabi/4.8.4/../../../../arm-none-eabi/lib/armv7e-m/fpu\libc_s.a
LOAD c:/freescale/kds_v3/toolchain/bin/../lib/gcc/arm-none-eabi/4.8.4/../../../../arm-none-eabi/lib/armv7e-m/fpu\libnosys.a
LOAD ./utilities/fsl_notifier.o
LOAD ./utilities/fsl_sbrk.o
LOAD ./utilities/fsl_shell.o
LOAD ./startup/startup_MK64F12.o
LOAD ./startup/system_MK64F12.o
LOAD ./source/ad.o
LOAD ./source/console.o
LOAD ./source/i2c.o
LOAD ./source/keypad.o
LOAD ./source/lcd.o
LOAD ./source/main.o
LOAD ./source/rgb.o
LOAD ./source/so.o
LOAD ./source/ssd.o
LOAD ./source/timer.o
LOAD ./freertos/Source/portable/MemMang/heap_4.o
LOAD ./freertos/Source/portable/GCC/ARM_CM4F/fsl_tickless_lptmr.o
LOAD ./freertos/Source/portable/GCC/ARM_CM4F/fsl_tickless_systick.o
LOAD ./freertos/Source/portable/GCC/ARM_CM4F/port.o
LOAD ./freertos/Source/croutine.o
LOAD ./freertos/Source/event_groups.o
LOAD ./freertos/Source/list.o
LOAD ./freertos/Source/queue.o
LOAD ./freertos/Source/tasks.o
LOAD ./freertos/Source/timers.o
LOAD ./drivers/fsl_adc16.o
LOAD ./drivers/fsl_clock.o
LOAD ./drivers/fsl_cmp.o
LOAD ./drivers/fsl_cmt.o
LOAD ./drivers/fsl_common.o
LOAD ./drivers/fsl_crc.o
LOAD ./drivers/fsl_dac.o
LOAD ./drivers/fsl_dmamux.o
LOAD ./drivers/fsl_dspi.o
LOAD ./drivers/fsl_dspi_edma.o
LOAD ./drivers/fsl_dspi_freertos.o
LOAD ./drivers/fsl_edma.o
LOAD ./drivers/fsl_enet.o
LOAD ./drivers/fsl_ewm.o
LOAD ./drivers/fsl_flash.o
LOAD ./drivers/fsl_flexbus.o
LOAD ./drivers/fsl_flexcan.o
LOAD ./drivers/fsl_ftm.o
LOAD ./drivers/fsl_gpio.o
LOAD ./drivers/fsl_i2c.o
LOAD ./drivers/fsl_i2c_edma.o
LOAD ./drivers/fsl_i2c_freertos.o
LOAD ./drivers/fsl_llwu.o
LOAD ./drivers/fsl_lptmr.o
LOAD ./drivers/fsl_mpu.o
LOAD ./drivers/fsl_pdb.o
LOAD ./drivers/fsl_pit.o
LOAD ./drivers/fsl_pmc.o
LOAD ./drivers/fsl_rcm.o
LOAD ./drivers/fsl_rnga.o
LOAD ./drivers/fsl_rtc.o
LOAD ./drivers/fsl_sai.o
LOAD ./drivers/fsl_sai_edma.o
LOAD ./drivers/fsl_sdhc.o
LOAD ./drivers/fsl_sim.o
LOAD ./drivers/fsl_smc.o
LOAD ./drivers/fsl_uart.o
LOAD ./drivers/fsl_uart_edma.o
LOAD ./drivers/fsl_uart_freertos.o
LOAD ./drivers/fsl_vref.o
LOAD ./drivers/fsl_wdog.o
LOAD ./board/board.o
LOAD ./board/clock_config.o
LOAD ./board/pin_mux.o
LOAD c:/freescale/kds_v3/toolchain/bin/../lib/gcc/arm-none-eabi/4.8.4/../../../../arm-none-eabi/lib/armv7e-m/fpu\libstdc++_s.a
LOAD c:/freescale/kds_v3/toolchain/bin/../lib/gcc/arm-none-eabi/4.8.4/../../../../arm-none-eabi/lib/armv7e-m/fpu\libm.a
START GROUP
LOAD c:/freescale/kds_v3/toolchain/bin/../lib/gcc/arm-none-eabi/4.8.4/armv7e-m/fpu\libgcc.a
LOAD c:/freescale/kds_v3/toolchain/bin/../lib/gcc/arm-none-eabi/4.8.4/../../../../arm-none-eabi/lib/armv7e-m/fpu\libg_s.a
LOAD c:/freescale/kds_v3/toolchain/bin/../lib/gcc/arm-none-eabi/4.8.4/../../../../arm-none-eabi/lib/armv7e-m/fpu\libc_s.a
END GROUP
START GROUP
LOAD c:/freescale/kds_v3/toolchain/bin/../lib/gcc/arm-none-eabi/4.8.4/armv7e-m/fpu\libgcc.a
LOAD c:/freescale/kds_v3/toolchain/bin/../lib/gcc/arm-none-eabi/4.8.4/../../../../arm-none-eabi/lib/armv7e-m/fpu\libc_s.a
LOAD c:/freescale/kds_v3/toolchain/bin/../lib/gcc/arm-none-eabi/4.8.4/../../../../arm-none-eabi/lib/armv7e-m/fpu\libnosys.a
END GROUP
START GROUP
LOAD c:/freescale/kds_v3/toolchain/bin/../lib/gcc/arm-none-eabi/4.8.4/armv7e-m/fpu\libgcc.a
LOAD c:/freescale/kds_v3/toolchain/bin/../lib/gcc/arm-none-eabi/4.8.4/../../../../arm-none-eabi/lib/armv7e-m/fpu\libc_s.a
LOAD c:/freescale/kds_v3/toolchain/bin/../lib/gcc/arm-none-eabi/4.8.4/../../../../arm-none-eabi/lib/armv7e-m/fpu\libnosys.a
END GROUP
LOAD c:/freescale/kds_v3/toolchain/bin/../lib/gcc/arm-none-eabi/4.8.4/armv7e-m/fpu/crtend.o
LOAD c:/freescale/kds_v3/toolchain/bin/../lib/gcc/arm-none-eabi/4.8.4/armv7e-m/fpu/crtn.o
                0x00000400                HEAP_SIZE = DEFINED (__heap_size__)?__heap_size__:0x400
                0x00000400                STACK_SIZE = DEFINED (__stack_size__)?__stack_size__:0x400
                0x00000000                M_VECTOR_RAM_SIZE = DEFINED (__ram_vector_table__)?0x400:0x0

.interrupts     0x00000000      0x400
                0x00000000                __VECTOR_TABLE = .
                0x00000000                . = ALIGN (0x4)
 *(.isr_vector)
 .isr_vector    0x00000000      0x400 ./startup/startup_MK64F12.o
                0x00000000                __isr_vector
                0x00000400                . = ALIGN (0x4)

.flash_config   0x00000400       0x10
                0x00000400                . = ALIGN (0x4)
 *(.FlashConfig)
 .FlashConfig   0x00000400       0x10 ./startup/startup_MK64F12.o
                0x00000410                . = ALIGN (0x4)

.text           0x00000410     0x6794
                0x00000410                . = ALIGN (0x4)
 *(.text)
 .text          0x00000410       0x54 c:/freescale/kds_v3/toolchain/bin/../lib/gcc/arm-none-eabi/4.8.4/armv7e-m/fpu/crtbegin.o
 .text          0x00000464       0x74 c:/freescale/kds_v3/toolchain/bin/../lib/gcc/arm-none-eabi/4.8.4/../../../../arm-none-eabi/lib/armv7e-m/fpu/crt0.o
                0x00000464                _start
                0x00000464                _mainCRTStartup
 .text          0x000004d8      0x1e4 ./startup/startup_MK64F12.o
                0x000004d8                Reset_Handler
                0x0000051c                DebugMon_Handler
                0x0000051c                PORTC_IRQHandler
                0x0000051c                USB0_IRQHandler
                0x0000051c                DMA_Error_DriverIRQHandler
                0x0000051c                CMP0_IRQHandler
                0x0000051c                Read_Collision_IRQHandler
                0x0000051c                ENET_Transmit_DriverIRQHandler
                0x0000051c                UART1_ERR_DriverIRQHandler
                0x0000051c                BusFault_Handler
                0x0000051c                LPTMR0_IRQHandler
                0x0000051c                PIT0_IRQHandler
                0x0000051c                FTM2_IRQHandler
                0x0000051c                CMP2_IRQHandler
                0x0000051c                LLWU_IRQHandler
                0x0000051c                PORTE_IRQHandler
                0x0000051c                FTM3_IRQHandler
                0x0000051c                ENET_1588_Timer_DriverIRQHandler
                0x0000051c                SWI_IRQHandler
                0x0000051c                ADC0_IRQHandler
                0x0000051c                UsageFault_Handler
                0x0000051c                MCM_IRQHandler
                0x0000051c                CMT_IRQHandler
                0x0000051c                DAC1_IRQHandler
                0x0000051c                PORTA_IRQHandler
                0x0000051c                DefaultISR
                0x0000051c                FTM0_IRQHandler
                0x0000051c                UART5_ERR_DriverIRQHandler
                0x0000051c                LVD_LVW_IRQHandler
                0x0000051c                CMP1_IRQHandler
                0x0000051c                Reserved71_IRQHandler
                0x0000051c                PORTD_IRQHandler
                0x0000051c                PORTB_IRQHandler
                0x0000051c                PIT1_IRQHandler
                0x0000051c                UART2_ERR_DriverIRQHandler
                0x0000051c                ADC1_IRQHandler
                0x0000051c                ENET_Error_DriverIRQHandler
                0x0000051c                PIT2_IRQHandler
                0x0000051c                DAC0_IRQHandler
                0x0000051c                ENET_Receive_DriverIRQHandler
                0x0000051c                RTC_IRQHandler
                0x0000051c                UART3_ERR_DriverIRQHandler
                0x0000051c                PDB0_IRQHandler
                0x0000051c                FTFE_IRQHandler
                0x0000051c                FTM1_IRQHandler
                0x0000051c                UART4_ERR_DriverIRQHandler
                0x0000051c                RNG_IRQHandler
                0x0000051c                PIT3_IRQHandler
                0x0000051c                UART0_LON_DriverIRQHandler
                0x0000051c                RTC_Seconds_IRQHandler
                0x0000051c                MCG_IRQHandler
                0x0000051c                WDOG_EWM_IRQHandler
                0x0000051c                UART0_ERR_DriverIRQHandler
                0x0000051c                MemManage_Handler
                0x0000051c                USBDCD_IRQHandler
                0x00000520                NMI_Handler
                0x00000524                HardFault_Handler
                0x00000534                DMA0_IRQHandler
                0x00000538                DMA1_IRQHandler
                0x0000053c                DMA2_IRQHandler
                0x00000540                DMA3_IRQHandler
                0x00000544                DMA4_IRQHandler
                0x00000548                DMA5_IRQHandler
                0x0000054c                DMA6_IRQHandler
                0x00000550                DMA7_IRQHandler
                0x00000554                DMA8_IRQHandler
                0x00000558                DMA9_IRQHandler
                0x0000055c                DMA10_IRQHandler
                0x00000560                DMA11_IRQHandler
                0x00000564                DMA12_IRQHandler
                0x00000568                DMA13_IRQHandler
                0x0000056c                DMA14_IRQHandler
                0x00000570                DMA15_IRQHandler
                0x00000574                DMA_Error_IRQHandler
                0x00000578                I2C0_IRQHandler
                0x0000057c                I2C1_IRQHandler
                0x00000580                SPI0_IRQHandler
                0x00000584                SPI1_IRQHandler
                0x00000588                I2S0_Tx_IRQHandler
                0x0000058c                I2S0_Rx_IRQHandler
                0x00000590                UART0_LON_IRQHandler
                0x00000594                UART0_RX_TX_IRQHandler
                0x00000598                UART0_ERR_IRQHandler
                0x0000059c                UART1_RX_TX_IRQHandler
                0x000005a0                UART1_ERR_IRQHandler
                0x000005a4                UART2_RX_TX_IRQHandler
                0x000005a8                UART2_ERR_IRQHandler
                0x000005ac                UART3_RX_TX_IRQHandler
                0x000005b0                UART3_ERR_IRQHandler
                0x000005b4                SPI2_IRQHandler
                0x000005b8                UART4_RX_TX_IRQHandler
                0x000005bc                UART4_ERR_IRQHandler
                0x000005c0                UART5_RX_TX_IRQHandler
                0x000005c4                UART5_ERR_IRQHandler
                0x000005c8                I2C2_IRQHandler
                0x000005cc                CAN0_ORed_Message_buffer_IRQHandler
                0x000005d0                CAN0_Bus_Off_IRQHandler
                0x000005d4                CAN0_Error_IRQHandler
                0x000005d8                CAN0_Tx_Warning_IRQHandler
                0x000005dc                CAN0_Rx_Warning_IRQHandler
                0x000005e0                CAN0_Wake_Up_IRQHandler
                0x000005e4                SDHC_IRQHandler
                0x000005e8                ENET_1588_Timer_IRQHandler
 *(.text*)
 .text.BOARD_InitDebugConsole
                0x000006bc       0x24 C:\Users\fabio\AppData\Local\Temp\ccMzhWx2.ltrans0.ltrans.o
                0x000006bc                BOARD_InitDebugConsole
 .text.CLOCK_SetSimSafeDivs.13642.4073
                0x000006e0       0x20 C:\Users\fabio\AppData\Local\Temp\ccMzhWx2.ltrans0.ltrans.o
 .text.CLOCK_SetXtal0Freq.13645.4070
                0x00000700       0x1c C:\Users\fabio\AppData\Local\Temp\ccMzhWx2.ltrans0.ltrans.o
 .text.BOARD_BootClockRUN
                0x0000071c       0x64 C:\Users\fabio\AppData\Local\Temp\ccMzhWx2.ltrans0.ltrans.o
                0x0000071c                BOARD_BootClockRUN
 .text.BOARD_InitOsc0.4047
                0x00000780       0x30 C:\Users\fabio\AppData\Local\Temp\ccMzhWx2.ltrans0.ltrans.o
 .text.CLOCK_EnableClock.13749.4042
                0x000007b0       0x34 C:\Users\fabio\AppData\Local\Temp\ccMzhWx2.ltrans0.ltrans.o
 .text.PORT_SetPinMux.13755.4016
                0x000007e4       0x38 C:\Users\fabio\AppData\Local\Temp\ccMzhWx2.ltrans0.ltrans.o
 .text.BOARD_InitPins
                0x0000081c       0x44 C:\Users\fabio\AppData\Local\Temp\ccMzhWx2.ltrans0.ltrans.o
                0x0000081c                BOARD_InitPins
 .text.UART_WriteBlocking
                0x00000860       0x3c C:\Users\fabio\AppData\Local\Temp\ccMzhWx2.ltrans1.ltrans.o
                0x00000860                UART_WriteBlocking
 .text.UART_ReadBlocking
                0x0000089c       0xa0 C:\Users\fabio\AppData\Local\Temp\ccMzhWx2.ltrans1.ltrans.o
                0x0000089c                UART_ReadBlocking
 .text.UART0_DriverIRQHandler.4203
                0x0000093c       0x20 C:\Users\fabio\AppData\Local\Temp\ccMzhWx2.ltrans1.ltrans.o
 .text.UART0_RX_TX_DriverIRQHandler
                0x0000095c        0xc C:\Users\fabio\AppData\Local\Temp\ccMzhWx2.ltrans1.ltrans.o
                0x0000095c                UART0_RX_TX_DriverIRQHandler
 .text.UART1_DriverIRQHandler.4199
                0x00000968       0x20 C:\Users\fabio\AppData\Local\Temp\ccMzhWx2.ltrans1.ltrans.o
 .text.UART1_RX_TX_DriverIRQHandler
                0x00000988        0xc C:\Users\fabio\AppData\Local\Temp\ccMzhWx2.ltrans1.ltrans.o
                0x00000988                UART1_RX_TX_DriverIRQHandler
 .text.UART2_DriverIRQHandler.4195
                0x00000994       0x20 C:\Users\fabio\AppData\Local\Temp\ccMzhWx2.ltrans1.ltrans.o
 .text.UART2_RX_TX_DriverIRQHandler
                0x000009b4        0xc C:\Users\fabio\AppData\Local\Temp\ccMzhWx2.ltrans1.ltrans.o
                0x000009b4                UART2_RX_TX_DriverIRQHandler
 .text.UART3_DriverIRQHandler.4191
                0x000009c0       0x20 C:\Users\fabio\AppData\Local\Temp\ccMzhWx2.ltrans1.ltrans.o
 .text.UART3_RX_TX_DriverIRQHandler
                0x000009e0        0xc C:\Users\fabio\AppData\Local\Temp\ccMzhWx2.ltrans1.ltrans.o
                0x000009e0                UART3_RX_TX_DriverIRQHandler
 .text.UART4_DriverIRQHandler.4187
                0x000009ec       0x20 C:\Users\fabio\AppData\Local\Temp\ccMzhWx2.ltrans1.ltrans.o
 .text.UART4_RX_TX_DriverIRQHandler
                0x00000a0c        0xc C:\Users\fabio\AppData\Local\Temp\ccMzhWx2.ltrans1.ltrans.o
                0x00000a0c                UART4_RX_TX_DriverIRQHandler
 .text.UART5_DriverIRQHandler.4183
                0x00000a18       0x20 C:\Users\fabio\AppData\Local\Temp\ccMzhWx2.ltrans1.ltrans.o
 .text.UART5_RX_TX_DriverIRQHandler
                0x00000a38        0xc C:\Users\fabio\AppData\Local\Temp\ccMzhWx2.ltrans1.ltrans.o
                0x00000a38                UART5_RX_TX_DriverIRQHandler
 .text.SDHC_DriverIRQHandler
                0x00000a44       0x44 C:\Users\fabio\AppData\Local\Temp\ccMzhWx2.ltrans2.ltrans.o
                0x00000a44                SDHC_DriverIRQHandler
 .text.CLOCK_EnableClock.12768.4149
                0x00000a88       0x34 C:\Users\fabio\AppData\Local\Temp\ccMzhWx2.ltrans2.ltrans.o
 .text.UART_GetInstance
                0x00000abc       0x5c C:\Users\fabio\AppData\Local\Temp\ccMzhWx2.ltrans2.ltrans.o
                0x00000abc                UART_GetInstance
 .text.UART_Init
                0x00000b18      0x2d8 C:\Users\fabio\AppData\Local\Temp\ccMzhWx2.ltrans2.ltrans.o
                0x00000b18                UART_Init
 .text.UART_GetDefaultConfig
                0x00000df0       0x5c C:\Users\fabio\AppData\Local\Temp\ccMzhWx2.ltrans2.ltrans.o
                0x00000df0                UART_GetDefaultConfig
 .text.UART_GetStatusFlags
                0x00000e4c       0x48 C:\Users\fabio\AppData\Local\Temp\ccMzhWx2.ltrans2.ltrans.o
                0x00000e4c                UART_GetStatusFlags
 .text.I2S0_Tx_DriverIRQHandler
                0x00000e94       0x44 C:\Users\fabio\AppData\Local\Temp\ccMzhWx2.ltrans4.ltrans.o
                0x00000e94                I2S0_Tx_DriverIRQHandler
 .text.I2S0_Rx_DriverIRQHandler
                0x00000ed8       0x44 C:\Users\fabio\AppData\Local\Temp\ccMzhWx2.ltrans4.ltrans.o
                0x00000ed8                I2S0_Rx_DriverIRQHandler
 .text.I2C0_DriverIRQHandler
                0x00000f1c       0x1c C:\Users\fabio\AppData\Local\Temp\ccMzhWx2.ltrans7.ltrans.o
                0x00000f1c                I2C0_DriverIRQHandler
 .text.I2C1_DriverIRQHandler
                0x00000f38       0x1c C:\Users\fabio\AppData\Local\Temp\ccMzhWx2.ltrans7.ltrans.o
                0x00000f38                I2C1_DriverIRQHandler
 .text.I2C2_DriverIRQHandler
                0x00000f54       0x1c C:\Users\fabio\AppData\Local\Temp\ccMzhWx2.ltrans7.ltrans.o
                0x00000f54                I2C2_DriverIRQHandler
 .text.I2C_TransferCommonIRQHandler.10342
                0x00000f70       0x50 C:\Users\fabio\AppData\Local\Temp\ccMzhWx2.ltrans8.ltrans.o
                0x00000f70                I2C_TransferCommonIRQHandler.10342
 .text.CAN0_DriverIRQHandler
                0x00000fc0       0x44 C:\Users\fabio\AppData\Local\Temp\ccMzhWx2.ltrans9.ltrans.o
                0x00000fc0                CAN0_DriverIRQHandler
 .text.ENET_Transmit_IRQHandler
                0x00001004       0x20 C:\Users\fabio\AppData\Local\Temp\ccMzhWx2.ltrans11.ltrans.o
                0x00001004                ENET_Transmit_IRQHandler
 .text.ENET_Receive_IRQHandler
                0x00001024       0x20 C:\Users\fabio\AppData\Local\Temp\ccMzhWx2.ltrans11.ltrans.o
                0x00001024                ENET_Receive_IRQHandler
 .text.ENET_Error_IRQHandler
                0x00001044       0x20 C:\Users\fabio\AppData\Local\Temp\ccMzhWx2.ltrans11.ltrans.o
                0x00001044                ENET_Error_IRQHandler
 .text.DMA0_DriverIRQHandler
                0x00001064       0x14 C:\Users\fabio\AppData\Local\Temp\ccMzhWx2.ltrans12.ltrans.o
                0x00001064                DMA0_DriverIRQHandler
 .text.DMA1_DriverIRQHandler
                0x00001078       0x14 C:\Users\fabio\AppData\Local\Temp\ccMzhWx2.ltrans12.ltrans.o
                0x00001078                DMA1_DriverIRQHandler
 .text.DMA2_DriverIRQHandler
                0x0000108c       0x14 C:\Users\fabio\AppData\Local\Temp\ccMzhWx2.ltrans12.ltrans.o
                0x0000108c                DMA2_DriverIRQHandler
 .text.DMA3_DriverIRQHandler
                0x000010a0       0x14 C:\Users\fabio\AppData\Local\Temp\ccMzhWx2.ltrans12.ltrans.o
                0x000010a0                DMA3_DriverIRQHandler
 .text.DMA4_DriverIRQHandler
                0x000010b4       0x14 C:\Users\fabio\AppData\Local\Temp\ccMzhWx2.ltrans12.ltrans.o
                0x000010b4                DMA4_DriverIRQHandler
 .text.DMA5_DriverIRQHandler
                0x000010c8       0x14 C:\Users\fabio\AppData\Local\Temp\ccMzhWx2.ltrans12.ltrans.o
                0x000010c8                DMA5_DriverIRQHandler
 .text.DMA6_DriverIRQHandler
                0x000010dc       0x14 C:\Users\fabio\AppData\Local\Temp\ccMzhWx2.ltrans12.ltrans.o
                0x000010dc                DMA6_DriverIRQHandler
 .text.DMA7_DriverIRQHandler
                0x000010f0       0x14 C:\Users\fabio\AppData\Local\Temp\ccMzhWx2.ltrans12.ltrans.o
                0x000010f0                DMA7_DriverIRQHandler
 .text.DMA8_DriverIRQHandler
                0x00001104       0x14 C:\Users\fabio\AppData\Local\Temp\ccMzhWx2.ltrans12.ltrans.o
                0x00001104                DMA8_DriverIRQHandler
 .text.DMA9_DriverIRQHandler
                0x00001118       0x14 C:\Users\fabio\AppData\Local\Temp\ccMzhWx2.ltrans12.ltrans.o
                0x00001118                DMA9_DriverIRQHandler
 .text.DMA10_DriverIRQHandler
                0x0000112c       0x14 C:\Users\fabio\AppData\Local\Temp\ccMzhWx2.ltrans12.ltrans.o
                0x0000112c                DMA10_DriverIRQHandler
 .text.DMA11_DriverIRQHandler
                0x00001140       0x14 C:\Users\fabio\AppData\Local\Temp\ccMzhWx2.ltrans12.ltrans.o
                0x00001140                DMA11_DriverIRQHandler
 .text.DMA12_DriverIRQHandler
                0x00001154       0x14 C:\Users\fabio\AppData\Local\Temp\ccMzhWx2.ltrans12.ltrans.o
                0x00001154                DMA12_DriverIRQHandler
 .text.DMA13_DriverIRQHandler
                0x00001168       0x14 C:\Users\fabio\AppData\Local\Temp\ccMzhWx2.ltrans12.ltrans.o
                0x00001168                DMA13_DriverIRQHandler
 .text.DMA14_DriverIRQHandler
                0x0000117c       0x14 C:\Users\fabio\AppData\Local\Temp\ccMzhWx2.ltrans12.ltrans.o
                0x0000117c                DMA14_DriverIRQHandler
 .text.DMA15_DriverIRQHandler
                0x00001190       0x14 C:\Users\fabio\AppData\Local\Temp\ccMzhWx2.ltrans12.ltrans.o
                0x00001190                DMA15_DriverIRQHandler
 .text.EDMA_HandleIRQ
                0x000011a4      0x15c C:\Users\fabio\AppData\Local\Temp\ccMzhWx2.ltrans13.ltrans.o
                0x000011a4                EDMA_HandleIRQ
 .text.DSPI_CommonIRQHandler.7641.4271
                0x00001300       0x3c C:\Users\fabio\AppData\Local\Temp\ccMzhWx2.ltrans15.ltrans.o
 .text.SPI0_DriverIRQHandler
                0x0000133c       0x3c C:\Users\fabio\AppData\Local\Temp\ccMzhWx2.ltrans15.ltrans.o
                0x0000133c                SPI0_DriverIRQHandler
 .text.SPI1_DriverIRQHandler
                0x00001378       0x3c C:\Users\fabio\AppData\Local\Temp\ccMzhWx2.ltrans15.ltrans.o
                0x00001378                SPI1_DriverIRQHandler
 .text.SPI2_DriverIRQHandler
                0x000013b4       0x3c C:\Users\fabio\AppData\Local\Temp\ccMzhWx2.ltrans15.ltrans.o
                0x000013b4                SPI2_DriverIRQHandler
 .text.__assert_func
                0x000013f0       0x28 C:\Users\fabio\AppData\Local\Temp\ccMzhWx2.ltrans17.ltrans.o
                0x000013f0                __assert_func
 .text.DSPI_IsMaster.7383
                0x00001418       0x1c C:\Users\fabio\AppData\Local\Temp\ccMzhWx2.ltrans17.ltrans.o
                0x00001418                DSPI_IsMaster.7383
 .text.CLOCK_BootToPeeMode
                0x00001434       0x70 C:\Users\fabio\AppData\Local\Temp\ccMzhWx2.ltrans18.ltrans.o
                0x00001434                CLOCK_BootToPeeMode
 .text.CLOCK_SetSimConfig
                0x000014a4       0x34 C:\Users\fabio\AppData\Local\Temp\ccMzhWx2.ltrans19.ltrans.o
                0x000014a4                CLOCK_SetSimConfig
 .text.CLOCK_GetOutClkFreq
                0x000014d8       0x64 C:\Users\fabio\AppData\Local\Temp\ccMzhWx2.ltrans19.ltrans.o
                0x000014d8                CLOCK_GetOutClkFreq
 .text.CLOCK_GetFllFreq
                0x0000153c       0x74 C:\Users\fabio\AppData\Local\Temp\ccMzhWx2.ltrans19.ltrans.o
                0x0000153c                CLOCK_GetFllFreq
 .text.CLOCK_GetPll0Freq
                0x000015b0       0x78 C:\Users\fabio\AppData\Local\Temp\ccMzhWx2.ltrans19.ltrans.o
                0x000015b0                CLOCK_GetPll0Freq
 .text.CLOCK_SetExternalRefClkConfig
                0x00001628       0x90 C:\Users\fabio\AppData\Local\Temp\ccMzhWx2.ltrans19.ltrans.o
                0x00001628                CLOCK_SetExternalRefClkConfig
 .text.CLOCK_SetInternalRefClkConfig
                0x000016b8      0x100 C:\Users\fabio\AppData\Local\Temp\ccMzhWx2.ltrans19.ltrans.o
                0x000016b8                CLOCK_SetInternalRefClkConfig
 .text.CLOCK_EnablePll0
                0x000017b8       0x90 C:\Users\fabio\AppData\Local\Temp\ccMzhWx2.ltrans19.ltrans.o
                0x000017b8                CLOCK_EnablePll0
 .text.CLOCK_InitOsc0
                0x00001848       0x88 C:\Users\fabio\AppData\Local\Temp\ccMzhWx2.ltrans19.ltrans.o
                0x00001848                CLOCK_InitOsc0
 .text.CLOCK_SetPbeMode
                0x000018d0       0xb0 C:\Users\fabio\AppData\Local\Temp\ccMzhWx2.ltrans19.ltrans.o
                0x000018d0                CLOCK_SetPbeMode
 .text.prvProcessTimerOrBlockTask.6008
                0x00001980       0x9c C:\Users\fabio\AppData\Local\Temp\ccMzhWx2.ltrans20.ltrans.o
                0x00001980                prvProcessTimerOrBlockTask.6008
 .text.prvGetNextExpireTime.5971
                0x00001a1c       0x48 C:\Users\fabio\AppData\Local\Temp\ccMzhWx2.ltrans20.ltrans.o
                0x00001a1c                prvGetNextExpireTime.5971
 .text.prvSampleTimeNow.6005.4271
                0x00001a64       0x40 C:\Users\fabio\AppData\Local\Temp\ccMzhWx2.ltrans20.ltrans.o
 .text.prvInsertTimerInActiveList.5974
                0x00001aa4       0x84 C:\Users\fabio\AppData\Local\Temp\ccMzhWx2.ltrans20.ltrans.o
                0x00001aa4                prvInsertTimerInActiveList.5974
 .text.prvProcessReceivedCommands.6012
                0x00001b28      0x15c C:\Users\fabio\AppData\Local\Temp\ccMzhWx2.ltrans20.ltrans.o
                0x00001b28                prvProcessReceivedCommands.6012
 .text.prvSwitchTimerLists.6003.4241
                0x00001c84       0xc0 C:\Users\fabio\AppData\Local\Temp\ccMzhWx2.ltrans20.ltrans.o
 .text.prvCheckForValidListAndQueue.6017
                0x00001d44       0x6c C:\Users\fabio\AppData\Local\Temp\ccMzhWx2.ltrans20.ltrans.o
                0x00001d44                prvCheckForValidListAndQueue.6017
 .text.CLOCK_EnableClock.6140.4207
                0x00001db0       0x34 C:\Users\fabio\AppData\Local\Temp\ccMzhWx2.ltrans20.ltrans.o
 .text.ADC16_GetInstance.6149.4201
                0x00001de4       0x54 C:\Users\fabio\AppData\Local\Temp\ccMzhWx2.ltrans20.ltrans.o
 .text.ADC16_Init
                0x00001e38      0x118 C:\Users\fabio\AppData\Local\Temp\ccMzhWx2.ltrans20.ltrans.o
                0x00001e38                ADC16_Init
 .text.ADC16_GetDefaultConfig
                0x00001f50       0x64 C:\Users\fabio\AppData\Local\Temp\ccMzhWx2.ltrans20.ltrans.o
                0x00001f50                ADC16_GetDefaultConfig
 .text.ADC16_DoAutoCalibration
                0x00001fb4      0x10c C:\Users\fabio\AppData\Local\Temp\ccMzhWx2.ltrans20.ltrans.o
                0x00001fb4                ADC16_DoAutoCalibration
 .text.ADC16_GetStatusFlags.4136
                0x000020c0       0x44 C:\Users\fabio\AppData\Local\Temp\ccMzhWx2.ltrans20.ltrans.o
 .text.ADC16_SetChannelConfig
                0x00002104       0x80 C:\Users\fabio\AppData\Local\Temp\ccMzhWx2.ltrans20.ltrans.o
                0x00002104                ADC16_SetChannelConfig
 .text.ADC16_GetChannelStatusFlags
                0x00002184       0x50 C:\Users\fabio\AppData\Local\Temp\ccMzhWx2.ltrans20.ltrans.o
                0x00002184                ADC16_GetChannelStatusFlags
 .text.CLOCK_SetEr32kClock.6296
                0x000021d4       0x2c C:\Users\fabio\AppData\Local\Temp\ccMzhWx2.ltrans20.ltrans.o
                0x000021d4                CLOCK_SetEr32kClock.6296
 .text.CLOCK_SetPllFllSelClock.6301
                0x00002200       0x38 C:\Users\fabio\AppData\Local\Temp\ccMzhWx2.ltrans20.ltrans.o
                0x00002200                CLOCK_SetPllFllSelClock.6301
 .text.OSC_SetExtRefClkConfig.6304
                0x00002238       0x34 C:\Users\fabio\AppData\Local\Temp\ccMzhWx2.ltrans20.ltrans.o
                0x00002238                OSC_SetExtRefClkConfig.6304
 .text.OSC_SetCapLoad.6316
                0x0000226c       0x34 C:\Users\fabio\AppData\Local\Temp\ccMzhWx2.ltrans20.ltrans.o
                0x0000226c                OSC_SetCapLoad.6316
 .text.CLOCK_GetMcgExtClkFreq.6322
                0x000022a0       0x8c C:\Users\fabio\AppData\Local\Temp\ccMzhWx2.ltrans20.ltrans.o
                0x000022a0                CLOCK_GetMcgExtClkFreq.6322
 .text.CLOCK_GetFllExtRefClkFreq.6324.4052
                0x0000232c       0xc8 C:\Users\fabio\AppData\Local\Temp\ccMzhWx2.ltrans20.ltrans.o
 .text.CLOCK_GetInternalRefClkSelectFreq.6326
                0x000023f4       0x44 C:\Users\fabio\AppData\Local\Temp\ccMzhWx2.ltrans20.ltrans.o
                0x000023f4                CLOCK_GetInternalRefClkSelectFreq.6326
 .text.CLOCK_GetFllRefClkFreq.6328
                0x00002438       0x2c C:\Users\fabio\AppData\Local\Temp\ccMzhWx2.ltrans20.ltrans.o
                0x00002438                CLOCK_GetFllRefClkFreq.6328
 .text.CLOCK_GetPll0RefFreq.6330
                0x00002464       0x10 C:\Users\fabio\AppData\Local\Temp\ccMzhWx2.ltrans20.ltrans.o
                0x00002464                CLOCK_GetPll0RefFreq.6330
 .text.CLOCK_GetOscRangeFromFreq.6332
                0x00002474       0x3c C:\Users\fabio\AppData\Local\Temp\ccMzhWx2.ltrans20.ltrans.o
                0x00002474                CLOCK_GetOscRangeFromFreq.6332
 .text.CLOCK_GetCoreSysClkFreq
                0x000024b0       0x24 C:\Users\fabio\AppData\Local\Temp\ccMzhWx2.ltrans20.ltrans.o
                0x000024b0                CLOCK_GetCoreSysClkFreq
 .text.xTaskIncrementTick
                0x000024d4      0x180 C:\Users\fabio\AppData\Local\Temp\ccMzhWx2.ltrans21.ltrans.o
                0x000024d4                xTaskIncrementTick
 .text.vTaskSwitchContext
                0x00002654       0xb4 C:\Users\fabio\AppData\Local\Temp\ccMzhWx2.ltrans21.ltrans.o
                0x00002654                vTaskSwitchContext
 .text.vTaskPlaceOnEventList
                0x00002708       0x44 C:\Users\fabio\AppData\Local\Temp\ccMzhWx2.ltrans21.ltrans.o
                0x00002708                vTaskPlaceOnEventList
 .text.vTaskPlaceOnEventListRestricted
                0x0000274c       0x54 C:\Users\fabio\AppData\Local\Temp\ccMzhWx2.ltrans21.ltrans.o
                0x0000274c                vTaskPlaceOnEventListRestricted
 .text.xTaskRemoveFromEventList
                0x000027a0       0xc4 C:\Users\fabio\AppData\Local\Temp\ccMzhWx2.ltrans21.ltrans.o
                0x000027a0                xTaskRemoveFromEventList
 .text.vTaskSetTimeOutState
                0x00002864       0x44 C:\Users\fabio\AppData\Local\Temp\ccMzhWx2.ltrans21.ltrans.o
                0x00002864                vTaskSetTimeOutState
 .text.xTaskCheckForTimeOut
                0x000028a8       0xbc C:\Users\fabio\AppData\Local\Temp\ccMzhWx2.ltrans21.ltrans.o
                0x000028a8                xTaskCheckForTimeOut
 .text.vTaskMissedYield
                0x00002964       0x18 C:\Users\fabio\AppData\Local\Temp\ccMzhWx2.ltrans21.ltrans.o
                0x00002964                vTaskMissedYield
 .text.prvIdleTask.5729
                0x0000297c       0x30 C:\Users\fabio\AppData\Local\Temp\ccMzhWx2.ltrans21.ltrans.o
                0x0000297c                prvIdleTask.5729
 .text.prvInitialiseTaskLists.5712
                0x000029ac       0x7c C:\Users\fabio\AppData\Local\Temp\ccMzhWx2.ltrans21.ltrans.o
                0x000029ac                prvInitialiseTaskLists.5712
 .text.prvCheckTasksWaitingTermination.5750.4208
                0x00002a28       0x74 C:\Users\fabio\AppData\Local\Temp\ccMzhWx2.ltrans21.ltrans.o
 .text.prvDeleteTCB.5735
                0x00002a9c       0x20 C:\Users\fabio\AppData\Local\Temp\ccMzhWx2.ltrans21.ltrans.o
                0x00002a9c                prvDeleteTCB.5735
 .text.prvResetNextTaskUnblockTime.5738
                0x00002abc       0x48 C:\Users\fabio\AppData\Local\Temp\ccMzhWx2.ltrans21.ltrans.o
                0x00002abc                prvResetNextTaskUnblockTime.5738
 .text.xTaskGetSchedulerState
                0x00002b04       0x3c C:\Users\fabio\AppData\Local\Temp\ccMzhWx2.ltrans21.ltrans.o
                0x00002b04                xTaskGetSchedulerState
 .text.vTaskPriorityInherit
                0x00002b40       0xec C:\Users\fabio\AppData\Local\Temp\ccMzhWx2.ltrans21.ltrans.o
                0x00002b40                vTaskPriorityInherit
 .text.xTaskPriorityDisinherit
                0x00002c2c      0x108 C:\Users\fabio\AppData\Local\Temp\ccMzhWx2.ltrans21.ltrans.o
                0x00002c2c                xTaskPriorityDisinherit
 .text.pvTaskIncrementMutexHeldCount
                0x00002d34       0x28 C:\Users\fabio\AppData\Local\Temp\ccMzhWx2.ltrans21.ltrans.o
                0x00002d34                pvTaskIncrementMutexHeldCount
 .text.prvAddCurrentTaskToDelayedList.5815
                0x00002d5c       0xc8 C:\Users\fabio\AppData\Local\Temp\ccMzhWx2.ltrans21.ltrans.o
                0x00002d5c                prvAddCurrentTaskToDelayedList.5815
 .text.xTimerCreateTimerTask
                0x00002e24       0x60 C:\Users\fabio\AppData\Local\Temp\ccMzhWx2.ltrans21.ltrans.o
                0x00002e24                xTimerCreateTimerTask
 .text.xTimerGenericCommand
                0x00002e84       0xa4 C:\Users\fabio\AppData\Local\Temp\ccMzhWx2.ltrans21.ltrans.o
                0x00002e84                xTimerGenericCommand
 .text.prvProcessExpiredTimer.5999
                0x00002f28       0x80 C:\Users\fabio\AppData\Local\Temp\ccMzhWx2.ltrans21.ltrans.o
                0x00002f28                prvProcessExpiredTimer.5999
 .text.prvTimerTask.6014.4013
                0x00002fa8       0x24 C:\Users\fabio\AppData\Local\Temp\ccMzhWx2.ltrans21.ltrans.o
 .text.prvCopyDataToQueue.5428
                0x00002fcc       0xd8 C:\Users\fabio\AppData\Local\Temp\ccMzhWx2.ltrans22.ltrans.o
                0x00002fcc                prvCopyDataToQueue.5428
 .text.prvCopyDataFromQueue.5439
                0x000030a4       0x4c C:\Users\fabio\AppData\Local\Temp\ccMzhWx2.ltrans22.ltrans.o
                0x000030a4                prvCopyDataFromQueue.5439
 .text.prvUnlockQueue.5452
                0x000030f0       0x98 C:\Users\fabio\AppData\Local\Temp\ccMzhWx2.ltrans22.ltrans.o
                0x000030f0                prvUnlockQueue.5452
 .text.prvIsQueueEmpty.5455
                0x00003188       0x2c C:\Users\fabio\AppData\Local\Temp\ccMzhWx2.ltrans22.ltrans.o
                0x00003188                prvIsQueueEmpty.5455
 .text.prvIsQueueFull.5471
                0x000031b4       0x30 C:\Users\fabio\AppData\Local\Temp\ccMzhWx2.ltrans22.ltrans.o
                0x000031b4                prvIsQueueFull.5471
 .text.vQueueAddToRegistry
                0x000031e4       0x50 C:\Users\fabio\AppData\Local\Temp\ccMzhWx2.ltrans22.ltrans.o
                0x000031e4                vQueueAddToRegistry
 .text.vQueueWaitForMessageRestricted
                0x00003234       0x6c C:\Users\fabio\AppData\Local\Temp\ccMzhWx2.ltrans22.ltrans.o
                0x00003234                vQueueWaitForMessageRestricted
 .text.xTaskCreate
                0x000032a0       0x84 C:\Users\fabio\AppData\Local\Temp\ccMzhWx2.ltrans22.ltrans.o
                0x000032a0                xTaskCreate
 .text.prvInitialiseNewTask.5577.4135
                0x00003324      0x124 C:\Users\fabio\AppData\Local\Temp\ccMzhWx2.ltrans22.ltrans.o
 .text.prvAddNewTaskToReadyList.5714.4104
                0x00003448       0xdc C:\Users\fabio\AppData\Local\Temp\ccMzhWx2.ltrans22.ltrans.o
 .text.vTaskDelay
                0x00003524       0x64 C:\Users\fabio\AppData\Local\Temp\ccMzhWx2.ltrans22.ltrans.o
                0x00003524                vTaskDelay
 .text.vTaskStartScheduler
                0x00003588       0x94 C:\Users\fabio\AppData\Local\Temp\ccMzhWx2.ltrans22.ltrans.o
                0x00003588                vTaskStartScheduler
 .text.vTaskSuspendAll
                0x0000361c       0x1c C:\Users\fabio\AppData\Local\Temp\ccMzhWx2.ltrans22.ltrans.o
                0x0000361c                vTaskSuspendAll
 .text.xTaskResumeAll
                0x00003638      0x138 C:\Users\fabio\AppData\Local\Temp\ccMzhWx2.ltrans22.ltrans.o
                0x00003638                xTaskResumeAll
 .text.xTaskGetTickCount
                0x00003770       0x20 C:\Users\fabio\AppData\Local\Temp\ccMzhWx2.ltrans22.ltrans.o
                0x00003770                xTaskGetTickCount
 .text.vPortEnterCritical
                0x00003790       0x5c C:\Users\fabio\AppData\Local\Temp\ccMzhWx2.ltrans23.ltrans.o
                0x00003790                vPortEnterCritical
 .text.vPortExitCritical
                0x000037ec       0x4c C:\Users\fabio\AppData\Local\Temp\ccMzhWx2.ltrans23.ltrans.o
                0x000037ec                vPortExitCritical
 *fill*         0x00003838        0x8 
 .text.PendSV_Handler
                0x00003840       0x70 C:\Users\fabio\AppData\Local\Temp\ccMzhWx2.ltrans23.ltrans.o
                0x00003840                PendSV_Handler
 .text.SysTick_Handler
                0x000038b0       0x40 C:\Users\fabio\AppData\Local\Temp\ccMzhWx2.ltrans23.ltrans.o
                0x000038b0                SysTick_Handler
 .text.vPortEnableVFP.5157
                0x000038f0       0x14 C:\Users\fabio\AppData\Local\Temp\ccMzhWx2.ltrans23.ltrans.o
                0x000038f0                vPortEnableVFP.5157
 .text.vPortValidateInterruptPriority
                0x00003904       0x78 C:\Users\fabio\AppData\Local\Temp\ccMzhWx2.ltrans23.ltrans.o
                0x00003904                vPortValidateInterruptPriority
 .text.vListInitialise
                0x0000397c       0x40 C:\Users\fabio\AppData\Local\Temp\ccMzhWx2.ltrans23.ltrans.o
                0x0000397c                vListInitialise
 .text.vListInitialiseItem
                0x000039bc       0x18 C:\Users\fabio\AppData\Local\Temp\ccMzhWx2.ltrans23.ltrans.o
                0x000039bc                vListInitialiseItem
 .text.vListInsertEnd
                0x000039d4       0x48 C:\Users\fabio\AppData\Local\Temp\ccMzhWx2.ltrans23.ltrans.o
                0x000039d4                vListInsertEnd
 .text.vListInsert
                0x00003a1c       0x70 C:\Users\fabio\AppData\Local\Temp\ccMzhWx2.ltrans23.ltrans.o
                0x00003a1c                vListInsert
 .text.uxListRemove
                0x00003a8c       0x54 C:\Users\fabio\AppData\Local\Temp\ccMzhWx2.ltrans23.ltrans.o
                0x00003a8c                uxListRemove
 .text.xQueueGenericReset.4127
                0x00003ae0       0xd0 C:\Users\fabio\AppData\Local\Temp\ccMzhWx2.ltrans23.ltrans.o
 .text.xQueueGenericCreate
                0x00003bb0       0x70 C:\Users\fabio\AppData\Local\Temp\ccMzhWx2.ltrans23.ltrans.o
                0x00003bb0                xQueueGenericCreate
 .text.prvInitialiseNewQueue.5345.4115
                0x00003c20       0x44 C:\Users\fabio\AppData\Local\Temp\ccMzhWx2.ltrans23.ltrans.o
 .text.xQueueGenericSend
                0x00003c64      0x1fc C:\Users\fabio\AppData\Local\Temp\ccMzhWx2.ltrans23.ltrans.o
                0x00003c64                xQueueGenericSend
 .text.xQueueGenericSendFromISR
                0x00003e60      0x128 C:\Users\fabio\AppData\Local\Temp\ccMzhWx2.ltrans23.ltrans.o
                0x00003e60                xQueueGenericSendFromISR
 .text.xQueueGenericReceive
                0x00003f88      0x22c C:\Users\fabio\AppData\Local\Temp\ccMzhWx2.ltrans23.ltrans.o
                0x00003f88                xQueueGenericReceive
 .text.lcdInit.4257
                0x000041b4       0x90 C:\Users\fabio\AppData\Local\Temp\ccMzhWx2.ltrans24.ltrans.o
 .text.red_task.4724.4222
                0x00004244       0x18 C:\Users\fabio\AppData\Local\Temp\ccMzhWx2.ltrans24.ltrans.o
 .text.blue_task.4727.4225
                0x0000425c       0x18 C:\Users\fabio\AppData\Local\Temp\ccMzhWx2.ltrans24.ltrans.o
 .text.green_task.4730.4228
                0x00004274       0x18 C:\Users\fabio\AppData\Local\Temp\ccMzhWx2.ltrans24.ltrans.o
 .text.lcd_task.4733.4216
                0x0000428c       0x80 C:\Users\fabio\AppData\Local\Temp\ccMzhWx2.ltrans24.ltrans.o
 .text.ad_task.4736.4219
                0x0000430c       0x7c C:\Users\fabio\AppData\Local\Temp\ccMzhWx2.ltrans24.ltrans.o
 .text.main     0x00004388       0xb4 C:\Users\fabio\AppData\Local\Temp\ccMzhWx2.ltrans24.ltrans.o
                0x00004388                main
 .text.CLOCK_EnableClock.4821.4211
                0x0000443c       0x34 C:\Users\fabio\AppData\Local\Temp\ccMzhWx2.ltrans24.ltrans.o
 .text.GPIO_SetPinsOutput.4827.4207
                0x00004470       0x1c C:\Users\fabio\AppData\Local\Temp\ccMzhWx2.ltrans24.ltrans.o
 .text.GPIO_TogglePinsOutput.4845.4199
                0x0000448c       0x1c C:\Users\fabio\AppData\Local\Temp\ccMzhWx2.ltrans24.ltrans.o
 .text.PORT_SetPinMux.4849.4194
                0x000044a8       0x38 C:\Users\fabio\AppData\Local\Temp\ccMzhWx2.ltrans24.ltrans.o
 .text.turnOn.4188
                0x000044e0       0x50 C:\Users\fabio\AppData\Local\Temp\ccMzhWx2.ltrans24.ltrans.o
 .text.toggle.4182
                0x00004530       0x50 C:\Users\fabio\AppData\Local\Temp\ccMzhWx2.ltrans24.ltrans.o
 .text.rgbInit.4179
                0x00004580       0x6c C:\Users\fabio\AppData\Local\Temp\ccMzhWx2.ltrans24.ltrans.o
 .text.CLOCK_EnableClock.4883.4176
                0x000045ec       0x34 C:\Users\fabio\AppData\Local\Temp\ccMzhWx2.ltrans24.ltrans.o
 .text.GPIO_SetPinsOutput.4889.4172
                0x00004620       0x1c C:\Users\fabio\AppData\Local\Temp\ccMzhWx2.ltrans24.ltrans.o
 .text.GPIO_ClearPinsOutput.4903.4168
                0x0000463c       0x1c C:\Users\fabio\AppData\Local\Temp\ccMzhWx2.ltrans24.ltrans.o
 .text.PORT_SetPinMux.4907.4163
                0x00004658       0x38 C:\Users\fabio\AppData\Local\Temp\ccMzhWx2.ltrans24.ltrans.o
 .text.soInit.4161
                0x00004690       0x6c C:\Users\fabio\AppData\Local\Temp\ccMzhWx2.ltrans24.ltrans.o
 .text.PulseEnClock.4159
                0x000046fc       0x1c C:\Users\fabio\AppData\Local\Temp\ccMzhWx2.ltrans24.ltrans.o
 .text.PulseClockData.4157
                0x00004718       0x1c C:\Users\fabio\AppData\Local\Temp\ccMzhWx2.ltrans24.ltrans.o
 .text.soWrite  0x00004734       0x60 C:\Users\fabio\AppData\Local\Temp\ccMzhWx2.ltrans24.ltrans.o
                0x00004734                soWrite
 .text.pvPortMalloc
                0x00004794      0x184 C:\Users\fabio\AppData\Local\Temp\ccMzhWx2.ltrans24.ltrans.o
                0x00004794                pvPortMalloc
 .text.vPortFree
                0x00004918       0xb0 C:\Users\fabio\AppData\Local\Temp\ccMzhWx2.ltrans24.ltrans.o
                0x00004918                vPortFree
 .text.prvHeapInit.5084.4046
                0x000049c8       0xc4 C:\Users\fabio\AppData\Local\Temp\ccMzhWx2.ltrans24.ltrans.o
 .text.prvInsertBlockIntoFreeList.5086.4037
                0x00004a8c       0xb0 C:\Users\fabio\AppData\Local\Temp\ccMzhWx2.ltrans24.ltrans.o
 .text.vPortSetupTimerInterrupt.4034
                0x00004b3c       0x40 C:\Users\fabio\AppData\Local\Temp\ccMzhWx2.ltrans24.ltrans.o
 .text.pxPortInitialiseStack
                0x00004b7c       0x68 C:\Users\fabio\AppData\Local\Temp\ccMzhWx2.ltrans24.ltrans.o
                0x00004b7c                pxPortInitialiseStack
 .text.prvTaskExitError.5131.4022
                0x00004be4       0x3c C:\Users\fabio\AppData\Local\Temp\ccMzhWx2.ltrans24.ltrans.o
 .text.SVC_Handler
                0x00004c20       0x30 C:\Users\fabio\AppData\Local\Temp\ccMzhWx2.ltrans24.ltrans.o
                0x00004c20                SVC_Handler
 .text.prvPortStartFirstTask.5145.4018
                0x00004c50       0x20 C:\Users\fabio\AppData\Local\Temp\ccMzhWx2.ltrans24.ltrans.o
 .text.xPortStartScheduler
                0x00004c70      0x118 C:\Users\fabio\AppData\Local\Temp\ccMzhWx2.ltrans24.ltrans.o
                0x00004c70                xPortStartScheduler
 .text.SystemInit
                0x00004d88       0x3c C:\Users\fabio\AppData\Local\Temp\ccMzhWx2.ltrans25.ltrans.o
                0x00004d88                SystemInit
 .text.ADC16_EnableHardwareTrigger.4506.4148
                0x00004dc4       0x38 C:\Users\fabio\AppData\Local\Temp\ccMzhWx2.ltrans25.ltrans.o
 .text.ADC16_GetChannelConversionValue.4544.4116
                0x00004dfc       0x3c C:\Users\fabio\AppData\Local\Temp\ccMzhWx2.ltrans25.ltrans.o
 .text.adInit   0x00004e38       0xb0 C:\Users\fabio\AppData\Local\Temp\ccMzhWx2.ltrans25.ltrans.o
                0x00004e38                adInit
 .text.adRead   0x00004ee8       0xac C:\Users\fabio\AppData\Local\Temp\ccMzhWx2.ltrans25.ltrans.o
                0x00004ee8                adRead
 .text.CLOCK_EnableClock.4614
                0x00004f94       0x34 C:\Users\fabio\AppData\Local\Temp\ccMzhWx2.ltrans25.ltrans.o
                0x00004f94                CLOCK_EnableClock.4614
 .text.GPIO_SetPinsOutput.4620.4094
                0x00004fc8       0x1c C:\Users\fabio\AppData\Local\Temp\ccMzhWx2.ltrans25.ltrans.o
 .text.GPIO_ClearPinsOutput.4634.4082
                0x00004fe4       0x1c C:\Users\fabio\AppData\Local\Temp\ccMzhWx2.ltrans25.ltrans.o
 .text.PORT_SetPinMux.4638
                0x00005000       0x38 C:\Users\fabio\AppData\Local\Temp\ccMzhWx2.ltrans25.ltrans.o
                0x00005000                PORT_SetPinMux.4638
 .text.Delay40us.4053
                0x00005038       0x24 C:\Users\fabio\AppData\Local\Temp\ccMzhWx2.ltrans25.ltrans.o
 .text.Delay80us.4051
                0x0000505c       0x10 C:\Users\fabio\AppData\Local\Temp\ccMzhWx2.ltrans25.ltrans.o
 .text.Delay160us
                0x0000506c       0x10 C:\Users\fabio\AppData\Local\Temp\ccMzhWx2.ltrans25.ltrans.o
                0x0000506c                Delay160us
 .text.Delay2ms.4047
                0x0000507c       0x28 C:\Users\fabio\AppData\Local\Temp\ccMzhWx2.ltrans25.ltrans.o
 .text.Delay5ms
                0x000050a4       0x28 C:\Users\fabio\AppData\Local\Temp\ccMzhWx2.ltrans25.ltrans.o
                0x000050a4                Delay5ms
 .text.Delay10ms
                0x000050cc       0x10 C:\Users\fabio\AppData\Local\Temp\ccMzhWx2.ltrans25.ltrans.o
                0x000050cc                Delay10ms
 .text.Delay15ms
                0x000050dc       0x14 C:\Users\fabio\AppData\Local\Temp\ccMzhWx2.ltrans25.ltrans.o
                0x000050dc                Delay15ms
 .text.pulseEnablePin.4039
                0x000050f0       0x1c C:\Users\fabio\AppData\Local\Temp\ccMzhWx2.ltrans25.ltrans.o
 .text.pushNibble
                0x0000510c       0x3c C:\Users\fabio\AppData\Local\Temp\ccMzhWx2.ltrans25.ltrans.o
                0x0000510c                pushNibble
 .text.pushByte.4031
                0x00005148       0x50 C:\Users\fabio\AppData\Local\Temp\ccMzhWx2.ltrans25.ltrans.o
 .text.lcdCommand
                0x00005198       0x3c C:\Users\fabio\AppData\Local\Temp\ccMzhWx2.ltrans25.ltrans.o
                0x00005198                lcdCommand
 .text.lcdPosition
                0x000051d4       0x64 C:\Users\fabio\AppData\Local\Temp\ccMzhWx2.ltrans25.ltrans.o
                0x000051d4                lcdPosition
 .text.lcdChar.4021
                0x00005238       0x20 C:\Users\fabio\AppData\Local\Temp\ccMzhWx2.ltrans25.ltrans.o
 .text.lcdString
                0x00005258       0x38 C:\Users\fabio\AppData\Local\Temp\ccMzhWx2.ltrans25.ltrans.o
                0x00005258                lcdString
 .text.lcdNumber
                0x00005290       0x60 C:\Users\fabio\AppData\Local\Temp\ccMzhWx2.ltrans25.ltrans.o
                0x00005290                lcdNumber
 .text.UART_EnableTx.4013.4234
                0x000052f0       0x40 C:\Users\fabio\AppData\Local\Temp\ccMzhWx2.ltrans26.ltrans.o
 .text.UART_EnableRx.4058.4230
                0x00005330       0x40 C:\Users\fabio\AppData\Local\Temp\ccMzhWx2.ltrans26.ltrans.o
 .text.DbgConsole_Init
                0x00005370       0x8c C:\Users\fabio\AppData\Local\Temp\ccMzhWx2.ltrans26.ltrans.o
                0x00005370                DbgConsole_Init
 .text.DbgConsole_Printf
                0x000053fc       0x40 C:\Users\fabio\AppData\Local\Temp\ccMzhWx2.ltrans26.ltrans.o
                0x000053fc                DbgConsole_Printf
 .text.DbgConsole_Putchar.4167
                0x0000543c       0x38 C:\Users\fabio\AppData\Local\Temp\ccMzhWx2.ltrans26.ltrans.o
 .text.DbgConsole_PrintfPaddingCharacter.4087.4152
                0x00005474       0x40 C:\Users\fabio\AppData\Local\Temp\ccMzhWx2.ltrans26.ltrans.o
 .text.DbgConsole_ConvertRadixNumToString.4095.4145
                0x000054b4      0x114 C:\Users\fabio\AppData\Local\Temp\ccMzhWx2.ltrans26.ltrans.o
 .text.DbgConsole_PrintfFormattedData.4102.4139
                0x000055c8      0x368 C:\Users\fabio\AppData\Local\Temp\ccMzhWx2.ltrans26.ltrans.o
 .text.memcpy   0x00005930       0x12 c:/freescale/kds_v3/toolchain/bin/../lib/gcc/arm-none-eabi/4.8.4/../../../../arm-none-eabi/lib/armv7e-m/fpu\libg_s.a(lib_a-memcpy-stub.o)
                0x00005930                memcpy
 .text.strlen   0x00005942       0x10 c:/freescale/kds_v3/toolchain/bin/../lib/gcc/arm-none-eabi/4.8.4/../../../../arm-none-eabi/lib/armv7e-m/fpu\libg_s.a(lib_a-strlen.o)
                0x00005942                strlen
 *fill*         0x00005952        0x2 
 .text.exit     0x00005954       0x28 c:/freescale/kds_v3/toolchain/bin/../lib/gcc/arm-none-eabi/4.8.4/../../../../arm-none-eabi/lib/armv7e-m/fpu\libg_s.a(lib_a-exit.o)
                0x00005954                exit
 .text.__libc_init_array
                0x0000597c       0x4c c:/freescale/kds_v3/toolchain/bin/../lib/gcc/arm-none-eabi/4.8.4/../../../../arm-none-eabi/lib/armv7e-m/fpu\libg_s.a(lib_a-init.o)
                0x0000597c                __libc_init_array
 .text.memset   0x000059c8       0x10 c:/freescale/kds_v3/toolchain/bin/../lib/gcc/arm-none-eabi/4.8.4/../../../../arm-none-eabi/lib/armv7e-m/fpu\libg_s.a(lib_a-memset.o)
                0x000059c8                memset
 .text._exit    0x000059d8        0x4 c:/freescale/kds_v3/toolchain/bin/../lib/gcc/arm-none-eabi/4.8.4/../../../../arm-none-eabi/lib/armv7e-m/fpu\libnosys.a(_exit.o)
                0x000059d8                _exit
 *(.rodata)
 .rodata        0x000059dc      0x168 C:\Users\fabio\AppData\Local\Temp\ccMzhWx2.ltrans0.ltrans.o
 .rodata        0x00005b44       0x84 C:\Users\fabio\AppData\Local\Temp\ccMzhWx2.ltrans1.ltrans.o
 .rodata        0x00005bc8      0x2e0 C:\Users\fabio\AppData\Local\Temp\ccMzhWx2.ltrans2.ltrans.o
 .rodata        0x00005ea8       0x48 C:\Users\fabio\AppData\Local\Temp\ccMzhWx2.ltrans4.ltrans.o
 .rodata        0x00005ef0      0x1fc C:\Users\fabio\AppData\Local\Temp\ccMzhWx2.ltrans9.ltrans.o
 .rodata        0x000060ec      0x220 C:\Users\fabio\AppData\Local\Temp\ccMzhWx2.ltrans13.ltrans.o
 .rodata        0x0000630c      0x150 C:\Users\fabio\AppData\Local\Temp\ccMzhWx2.ltrans15.ltrans.o
 .rodata        0x0000645c      0x140 C:\Users\fabio\AppData\Local\Temp\ccMzhWx2.ltrans17.ltrans.o
 .rodata        0x0000659c      0x1a0 C:\Users\fabio\AppData\Local\Temp\ccMzhWx2.ltrans18.ltrans.o
 .rodata        0x0000673c       0x2c C:\Users\fabio\AppData\Local\Temp\ccMzhWx2.ltrans19.ltrans.o
 .rodata        0x00006768       0xac C:\Users\fabio\AppData\Local\Temp\ccMzhWx2.ltrans20.ltrans.o
 .rodata        0x00006814        0x8 C:\Users\fabio\AppData\Local\Temp\ccMzhWx2.ltrans21.ltrans.o
 .rodata        0x0000681c        0x8 C:\Users\fabio\AppData\Local\Temp\ccMzhWx2.ltrans22.ltrans.o
 .rodata        0x00006824       0xc4 C:\Users\fabio\AppData\Local\Temp\ccMzhWx2.ltrans24.ltrans.o
 .rodata        0x000068e8       0x4c C:\Users\fabio\AppData\Local\Temp\ccMzhWx2.ltrans25.ltrans.o
 *(.rodata*)
 .rodata.__func__.6688.4589
                0x00006934       0x20 C:\Users\fabio\AppData\Local\Temp\ccMzhWx2.ltrans0.ltrans.o
                0x00006934                __func__.6688.4589
 .rodata.s_adc16Bases.6270
                0x00006954        0x8 C:\Users\fabio\AppData\Local\Temp\ccMzhWx2.ltrans0.ltrans.o
                0x00006954                s_adc16Bases.6270
 .rodata.s_adc16Clocks.6273
                0x0000695c        0x8 C:\Users\fabio\AppData\Local\Temp\ccMzhWx2.ltrans0.ltrans.o
                0x0000695c                s_adc16Clocks.6273
 .rodata.__func__.6638.6271
                0x00006964       0x14 C:\Users\fabio\AppData\Local\Temp\ccMzhWx2.ltrans0.ltrans.o
                0x00006964                __func__.6638.6271
 .rodata.__func__.6643.6272
                0x00006978        0xc C:\Users\fabio\AppData\Local\Temp\ccMzhWx2.ltrans0.ltrans.o
                0x00006978                __func__.6643.6272
 .rodata.__func__.6651.6274
                0x00006984       0x18 C:\Users\fabio\AppData\Local\Temp\ccMzhWx2.ltrans0.ltrans.o
                0x00006984                __func__.6651.6274
 .rodata.__func__.6694.6275
                0x0000699c       0x18 C:\Users\fabio\AppData\Local\Temp\ccMzhWx2.ltrans0.ltrans.o
                0x0000699c                __func__.6694.6275
 .rodata.__func__.6700.6276
                0x000069b4       0x1c C:\Users\fabio\AppData\Local\Temp\ccMzhWx2.ltrans0.ltrans.o
                0x000069b4                __func__.6700.6276
 .rodata.__func__.6530.6535
                0x000069d0       0x18 C:\Users\fabio\AppData\Local\Temp\ccMzhWx2.ltrans0.ltrans.o
                0x000069d0                __func__.6530.6535
 .rodata.fllFactorTable.6658.6541
                0x000069e8       0x10 C:\Users\fabio\AppData\Local\Temp\ccMzhWx2.ltrans0.ltrans.o
                0x000069e8                fllFactorTable.6658.6541
 .rodata.__func__.6673.6544
                0x000069f8       0x14 C:\Users\fabio\AppData\Local\Temp\ccMzhWx2.ltrans0.ltrans.o
                0x000069f8                __func__.6673.6544
 .rodata.__func__.6721.6545
                0x00006a0c       0x14 C:\Users\fabio\AppData\Local\Temp\ccMzhWx2.ltrans0.ltrans.o
                0x00006a0c                __func__.6721.6545
 .rodata.__func__.6857.6547
                0x00006a20       0x14 C:\Users\fabio\AppData\Local\Temp\ccMzhWx2.ltrans0.ltrans.o
                0x00006a20                __func__.6857.6547
 .rodata.__func__.6921.6548
                0x00006a34       0x14 C:\Users\fabio\AppData\Local\Temp\ccMzhWx2.ltrans0.ltrans.o
                0x00006a34                __func__.6921.6548
 .rodata.__func__.7196.7689
                0x00006a48       0x18 C:\Users\fabio\AppData\Local\Temp\ccMzhWx2.ltrans0.ltrans.o
                0x00006a48                __func__.7196.7689
 .rodata.__func__.7200.7690
                0x00006a60       0x18 C:\Users\fabio\AppData\Local\Temp\ccMzhWx2.ltrans0.ltrans.o
                0x00006a60                __func__.7200.7690
 .rodata.__func__.7204.7691
                0x00006a78       0x18 C:\Users\fabio\AppData\Local\Temp\ccMzhWx2.ltrans0.ltrans.o
                0x00006a78                __func__.7204.7691
 .rodata.__func__.7008.8602
                0x00006a90       0x10 C:\Users\fabio\AppData\Local\Temp\ccMzhWx2.ltrans0.ltrans.o
                0x00006a90                __func__.7008.8602
 .rodata.__func__.7073.9950
                0x00006aa0       0x18 C:\Users\fabio\AppData\Local\Temp\ccMzhWx2.ltrans0.ltrans.o
                0x00006aa0                __func__.7073.9950
 .rodata.__func__.7057.11863
                0x00006ab8       0x1c C:\Users\fabio\AppData\Local\Temp\ccMzhWx2.ltrans0.ltrans.o
                0x00006ab8                __func__.7057.11863
 .rodata.__func__.7061.11864
                0x00006ad4       0x1c C:\Users\fabio\AppData\Local\Temp\ccMzhWx2.ltrans0.ltrans.o
                0x00006ad4                __func__.7061.11864
 .rodata.__func__.7245.12549
                0x00006af0       0x18 C:\Users\fabio\AppData\Local\Temp\ccMzhWx2.ltrans0.ltrans.o
                0x00006af0                __func__.7245.12549
 .rodata.s_uartBases.13004
                0x00006b08       0x18 C:\Users\fabio\AppData\Local\Temp\ccMzhWx2.ltrans0.ltrans.o
                0x00006b08                s_uartBases.13004
 .rodata.s_uartClock.13009
                0x00006b20       0x18 C:\Users\fabio\AppData\Local\Temp\ccMzhWx2.ltrans0.ltrans.o
                0x00006b20                s_uartClock.13009
 .rodata.__func__.6729.13005
                0x00006b38       0x14 C:\Users\fabio\AppData\Local\Temp\ccMzhWx2.ltrans0.ltrans.o
                0x00006b38                __func__.6729.13005
 .rodata.__func__.6745.13008
                0x00006b4c        0xc C:\Users\fabio\AppData\Local\Temp\ccMzhWx2.ltrans0.ltrans.o
                0x00006b4c                __func__.6745.13008
 .rodata.__func__.6763.13010
                0x00006b58       0x18 C:\Users\fabio\AppData\Local\Temp\ccMzhWx2.ltrans0.ltrans.o
                0x00006b58                __func__.6763.13010
 .rodata.__func__.6823.13013
                0x00006b70       0x14 C:\Users\fabio\AppData\Local\Temp\ccMzhWx2.ltrans0.ltrans.o
                0x00006b70                __func__.6823.13013
 .rodata.str1.1
                0x00006b84        0x2 c:/freescale/kds_v3/toolchain/bin/../lib/gcc/arm-none-eabi/4.8.4/../../../../arm-none-eabi/lib/armv7e-m/fpu\libg_s.a(lib_a-impure.o)
 *fill*         0x00006b86        0x2 
 .rodata._global_impure_ptr
                0x00006b88        0x4 c:/freescale/kds_v3/toolchain/bin/../lib/gcc/arm-none-eabi/4.8.4/../../../../arm-none-eabi/lib/armv7e-m/fpu\libg_s.a(lib_a-impure.o)
                0x00006b88                _global_impure_ptr
 *(.glue_7)
 .glue_7        0x00000000        0x0 linker stubs
 *(.glue_7t)
 .glue_7t       0x00000000        0x0 linker stubs
 *(.eh_frame)
 .eh_frame      0x00006b8c        0x0 c:/freescale/kds_v3/toolchain/bin/../lib/gcc/arm-none-eabi/4.8.4/armv7e-m/fpu/crtbegin.o
 *(.init)
 .init          0x00006b8c        0x4 c:/freescale/kds_v3/toolchain/bin/../lib/gcc/arm-none-eabi/4.8.4/armv7e-m/fpu/crti.o
                0x00006b8c                _init
 .init          0x00006b90        0x8 c:/freescale/kds_v3/toolchain/bin/../lib/gcc/arm-none-eabi/4.8.4/armv7e-m/fpu/crtn.o
 *(.fini)
 .fini          0x00006b98        0x4 c:/freescale/kds_v3/toolchain/bin/../lib/gcc/arm-none-eabi/4.8.4/armv7e-m/fpu/crti.o
                0x00006b98                _fini
 .fini          0x00006b9c        0x8 c:/freescale/kds_v3/toolchain/bin/../lib/gcc/arm-none-eabi/4.8.4/armv7e-m/fpu/crtn.o
                0x00006ba4                . = ALIGN (0x4)

.vfp11_veneer   0x00006ba4        0x0
 .vfp11_veneer  0x00000000        0x0 linker stubs

.v4_bx          0x00006ba4        0x0
 .v4_bx         0x00000000        0x0 linker stubs

.iplt           0x00006ba4        0x0
 .iplt          0x00000000        0x0 c:/freescale/kds_v3/toolchain/bin/../lib/gcc/arm-none-eabi/4.8.4/armv7e-m/fpu/crtbegin.o

.ARM.extab
 *(.ARM.extab* .gnu.linkonce.armextab.*)

.ARM            0x00006ba4        0x8
                0x00006ba4                __exidx_start = .
 *(.ARM.exidx*)
 .ARM.exidx     0x00006ba4        0x8 c:/freescale/kds_v3/toolchain/bin/../lib/gcc/arm-none-eabi/4.8.4/../../../../arm-none-eabi/lib/armv7e-m/fpu/crt0.o
                0x00006bac                __exidx_end = .

.rel.dyn        0x00006bac        0x0
 .rel.iplt      0x00000000        0x0 c:/freescale/kds_v3/toolchain/bin/../lib/gcc/arm-none-eabi/4.8.4/armv7e-m/fpu/crtbegin.o

.ctors          0x00006bac        0x0
                0x00006bac                __CTOR_LIST__ = .
 *crtbegin.o(.ctors)
 *crtbegin?.o(.ctors)
 *(EXCLUDE_FILE(*crtend.o *crtend?.o) .ctors)
 *(SORT(.ctors.*))
 *(.ctors)
                0x00006bac                __CTOR_END__ = .

.dtors          0x00006bac        0x0
                0x00006bac                __DTOR_LIST__ = .
 *crtbegin.o(.dtors)
 *crtbegin?.o(.dtors)
 *(EXCLUDE_FILE(*crtend.o *crtend?.o) .dtors)
 *(SORT(.dtors.*))
 *(.dtors)
                0x00006bac                __DTOR_END__ = .

.preinit_array  0x00006bac        0x0
                0x00006bac                PROVIDE (__preinit_array_start, .)
 *(.preinit_array*)
                0x00006bac                PROVIDE (__preinit_array_end, .)

.init_array     0x00006bac        0x4
                0x00006bac                PROVIDE (__init_array_start, .)
 *(SORT(.init_array.*))
 *(.init_array*)
 .init_array    0x00006bac        0x4 c:/freescale/kds_v3/toolchain/bin/../lib/gcc/arm-none-eabi/4.8.4/armv7e-m/fpu/crtbegin.o
                0x00006bb0                PROVIDE (__init_array_end, .)

.fini_array     0x00006bb0        0x4
                0x00006bb0                PROVIDE (__fini_array_start, .)
 *(SORT(.fini_array.*))
 *(.fini_array*)
 .fini_array    0x00006bb0        0x4 c:/freescale/kds_v3/toolchain/bin/../lib/gcc/arm-none-eabi/4.8.4/armv7e-m/fpu/crtbegin.o
                0x00006bb4                PROVIDE (__fini_array_end, .)
                0x00006bb4                __etext = .
                0x00006bb4                __DATA_ROM = .

.interrupts_ram
                0x1fff0000        0x0
                0x1fff0000                . = ALIGN (0x4)
                0x1fff0000                __VECTOR_RAM__ = .
                0x1fff0000                __interrupts_ram_start__ = .
 *(.m_interrupts_ram)
                0x1fff0000                . = (. + M_VECTOR_RAM_SIZE)
                0x1fff0000                . = ALIGN (0x4)
                0x1fff0000                __interrupts_ram_end__ = .
                0x00000000                __VECTOR_RAM = DEFINED (__ram_vector_table__)?__VECTOR_RAM__:ORIGIN (m_interrupts)
                0x00000000                __RAM_VECTOR_TABLE_SIZE_BYTES = DEFINED (__ram_vector_table__)?(__interrupts_ram_end__ - __interrupts_ram_start__):0x0

.data           0x1fff0000       0x74 load address 0x00006bb4
                0x1fff0000                . = ALIGN (0x4)
                0x1fff0000                __DATA_RAM = .
                0x1fff0000                __data_start__ = .
 *(.data)
 *(.data*)
 .data.SystemCoreClock
                0x1fff0000        0x4 C:\Users\fabio\AppData\Local\Temp\ccMzhWx2.ltrans0.ltrans.o
                0x1fff0000                SystemCoreClock
 .data.uxCriticalNesting.5166
                0x1fff0004        0x4 C:\Users\fabio\AppData\Local\Temp\ccMzhWx2.ltrans0.ltrans.o
                0x1fff0004                uxCriticalNesting.5166
 .data.s_slowIrcFreq.6537
                0x1fff0008        0x4 C:\Users\fabio\AppData\Local\Temp\ccMzhWx2.ltrans0.ltrans.o
                0x1fff0008                s_slowIrcFreq.6537
 .data.s_fastIrcFreq.6538
                0x1fff000c        0x4 C:\Users\fabio\AppData\Local\Temp\ccMzhWx2.ltrans0.ltrans.o
                0x1fff000c                s_fastIrcFreq.6538
 .data.impure_data
                0x1fff0010       0x60 c:/freescale/kds_v3/toolchain/bin/../lib/gcc/arm-none-eabi/4.8.4/../../../../arm-none-eabi/lib/armv7e-m/fpu\libg_s.a(lib_a-impure.o)
 *(.jcr*)
 .jcr           0x1fff0070        0x0 c:/freescale/kds_v3/toolchain/bin/../lib/gcc/arm-none-eabi/4.8.4/armv7e-m/fpu/crtbegin.o
 .jcr           0x1fff0070        0x4 c:/freescale/kds_v3/toolchain/bin/../lib/gcc/arm-none-eabi/4.8.4/armv7e-m/fpu/crtend.o
                0x1fff0074                . = ALIGN (0x4)
                0x1fff0074                __data_end__ = .
                0x00006c28                __DATA_END = (__DATA_ROM + (__data_end__ - __data_start__))
                0x00100000                text_end = (ORIGIN (m_text) + 0xffbf0)
                0x00000001                ASSERT ((__DATA_END <= text_end), region m_text overflowed with text and data)
                0x00000000                USB_RAM_GAP = DEFINED (__usb_ram_size__)?__usb_ram_size__:0x0

.igot.plt       0x1fff0074        0x0 load address 0x00006c28
 .igot.plt      0x00000000        0x0 c:/freescale/kds_v3/toolchain/bin/../lib/gcc/arm-none-eabi/4.8.4/armv7e-m/fpu/crtbegin.o

.bss            0x1fff0074     0x2b8c load address 0x00006c28
                0x1fff0074                . = ALIGN (0x4)
                0x1fff0074                __START_BSS = .
                0x1fff0074                __bss_start__ = .
 *(.bss)
 .bss           0x1fff0074       0x1c c:/freescale/kds_v3/toolchain/bin/../lib/gcc/arm-none-eabi/4.8.4/armv7e-m/fpu/crtbegin.o
 *(.bss*)
 .bss.s_debugConsole.4148
                0x1fff0090       0x10 C:\Users\fabio\AppData\Local\Temp\ccMzhWx2.ltrans0.ltrans.o
                0x1fff0090                s_debugConsole.4148
 .bss.TEMPConfigStruct
                0x1fff00a0        0xc C:\Users\fabio\AppData\Local\Temp\ccMzhWx2.ltrans0.ltrans.o
                0x1fff00a0                TEMPConfigStruct
 .bss.TEMPChannelConfigStruct
                0x1fff00ac        0x8 C:\Users\fabio\AppData\Local\Temp\ccMzhWx2.ltrans0.ltrans.o
                0x1fff00ac                TEMPChannelConfigStruct
 .bss.LDRConfigStruct
                0x1fff00b4        0xc C:\Users\fabio\AppData\Local\Temp\ccMzhWx2.ltrans0.ltrans.o
                0x1fff00b4                LDRConfigStruct
 .bss.LDRChannelConfigStruct
                0x1fff00c0        0x8 C:\Users\fabio\AppData\Local\Temp\ccMzhWx2.ltrans0.ltrans.o
                0x1fff00c0                LDRChannelConfigStruct
 .bss.POTConfigStruct
                0x1fff00c8        0xc C:\Users\fabio\AppData\Local\Temp\ccMzhWx2.ltrans0.ltrans.o
                0x1fff00c8                POTConfigStruct
 .bss.POTChannelConfigStruct
                0x1fff00d4        0x8 C:\Users\fabio\AppData\Local\Temp\ccMzhWx2.ltrans0.ltrans.o
                0x1fff00d4                POTChannelConfigStruct
 .bss.pot       0x1fff00dc        0x4 C:\Users\fabio\AppData\Local\Temp\ccMzhWx2.ltrans0.ltrans.o
                0x1fff00dc                pot
 .bss.temp      0x1fff00e0        0x4 C:\Users\fabio\AppData\Local\Temp\ccMzhWx2.ltrans0.ltrans.o
                0x1fff00e0                temp
 .bss.ldr       0x1fff00e4        0x4 C:\Users\fabio\AppData\Local\Temp\ccMzhWx2.ltrans0.ltrans.o
                0x1fff00e4                ldr
 .bss.ucHeap.5104
                0x1fff00e8     0x2800 C:\Users\fabio\AppData\Local\Temp\ccMzhWx2.ltrans0.ltrans.o
                0x1fff00e8                ucHeap.5104
 .bss.xStart.5107
                0x1fff28e8        0x8 C:\Users\fabio\AppData\Local\Temp\ccMzhWx2.ltrans0.ltrans.o
                0x1fff28e8                xStart.5107
 .bss.pxEnd.5108
                0x1fff28f0        0x4 C:\Users\fabio\AppData\Local\Temp\ccMzhWx2.ltrans0.ltrans.o
                0x1fff28f0                pxEnd.5108
 .bss.xFreeBytesRemaining.5102
                0x1fff28f4        0x4 C:\Users\fabio\AppData\Local\Temp\ccMzhWx2.ltrans0.ltrans.o
                0x1fff28f4                xFreeBytesRemaining.5102
 .bss.xMinimumEverFreeBytesRemaining.5103
                0x1fff28f8        0x4 C:\Users\fabio\AppData\Local\Temp\ccMzhWx2.ltrans0.ltrans.o
                0x1fff28f8                xMinimumEverFreeBytesRemaining.5103
 .bss.xBlockAllocatedBit.5109
                0x1fff28fc        0x4 C:\Users\fabio\AppData\Local\Temp\ccMzhWx2.ltrans0.ltrans.o
                0x1fff28fc                xBlockAllocatedBit.5109
 .bss.ucMaxSysCallPriority.5168
                0x1fff2900        0x1 C:\Users\fabio\AppData\Local\Temp\ccMzhWx2.ltrans0.ltrans.o
                0x1fff2900                ucMaxSysCallPriority.5168
 *fill*         0x1fff2901        0x3 
 .bss.ulMaxPRIGROUPValue.5171
                0x1fff2904        0x4 C:\Users\fabio\AppData\Local\Temp\ccMzhWx2.ltrans0.ltrans.o
                0x1fff2904                ulMaxPRIGROUPValue.5171
 .bss.xQueueRegistry
                0x1fff2908       0x40 C:\Users\fabio\AppData\Local\Temp\ccMzhWx2.ltrans0.ltrans.o
                0x1fff2908                xQueueRegistry
 .bss.pxCurrentTCB
                0x1fff2948        0x4 C:\Users\fabio\AppData\Local\Temp\ccMzhWx2.ltrans0.ltrans.o
                0x1fff2948                pxCurrentTCB
 .bss.pxReadyTasksLists.5871
                0x1fff294c       0x64 C:\Users\fabio\AppData\Local\Temp\ccMzhWx2.ltrans0.ltrans.o
                0x1fff294c                pxReadyTasksLists.5871
 .bss.xDelayedTaskList1.5880
                0x1fff29b0       0x14 C:\Users\fabio\AppData\Local\Temp\ccMzhWx2.ltrans0.ltrans.o
                0x1fff29b0                xDelayedTaskList1.5880
 .bss.xDelayedTaskList2.5881
                0x1fff29c4       0x14 C:\Users\fabio\AppData\Local\Temp\ccMzhWx2.ltrans0.ltrans.o
                0x1fff29c4                xDelayedTaskList2.5881
 .bss.pxDelayedTaskList.5867
                0x1fff29d8        0x4 C:\Users\fabio\AppData\Local\Temp\ccMzhWx2.ltrans0.ltrans.o
                0x1fff29d8                pxDelayedTaskList.5867
 .bss.pxOverflowDelayedTaskList.5868
                0x1fff29dc        0x4 C:\Users\fabio\AppData\Local\Temp\ccMzhWx2.ltrans0.ltrans.o
                0x1fff29dc                pxOverflowDelayedTaskList.5868
 .bss.xPendingReadyList.5873
                0x1fff29e0       0x14 C:\Users\fabio\AppData\Local\Temp\ccMzhWx2.ltrans0.ltrans.o
                0x1fff29e0                xPendingReadyList.5873
 .bss.xTasksWaitingTermination.5870
                0x1fff29f4       0x14 C:\Users\fabio\AppData\Local\Temp\ccMzhWx2.ltrans0.ltrans.o
                0x1fff29f4                xTasksWaitingTermination.5870
 .bss.uxDeletedTasksWaitingCleanUp.5885
                0x1fff2a08        0x4 C:\Users\fabio\AppData\Local\Temp\ccMzhWx2.ltrans0.ltrans.o
                0x1fff2a08                uxDeletedTasksWaitingCleanUp.5885
 .bss.xSuspendedTaskList.5869
                0x1fff2a0c       0x14 C:\Users\fabio\AppData\Local\Temp\ccMzhWx2.ltrans0.ltrans.o
                0x1fff2a0c                xSuspendedTaskList.5869
 .bss.uxCurrentNumberOfTasks.5877
                0x1fff2a20        0x4 C:\Users\fabio\AppData\Local\Temp\ccMzhWx2.ltrans0.ltrans.o
                0x1fff2a20                uxCurrentNumberOfTasks.5877
 .bss.xTickCount.5876
                0x1fff2a24        0x4 C:\Users\fabio\AppData\Local\Temp\ccMzhWx2.ltrans0.ltrans.o
                0x1fff2a24                xTickCount.5876
 .bss.uxTopReadyPriority.5872
                0x1fff2a28        0x4 C:\Users\fabio\AppData\Local\Temp\ccMzhWx2.ltrans0.ltrans.o
                0x1fff2a28                uxTopReadyPriority.5872
 .bss.xSchedulerRunning.5875
                0x1fff2a2c        0x4 C:\Users\fabio\AppData\Local\Temp\ccMzhWx2.ltrans0.ltrans.o
                0x1fff2a2c                xSchedulerRunning.5875
 .bss.uxPendedTicks.5886
                0x1fff2a30        0x4 C:\Users\fabio\AppData\Local\Temp\ccMzhWx2.ltrans0.ltrans.o
                0x1fff2a30                uxPendedTicks.5886
 .bss.xYieldPending.5878
                0x1fff2a34        0x4 C:\Users\fabio\AppData\Local\Temp\ccMzhWx2.ltrans0.ltrans.o
                0x1fff2a34                xYieldPending.5878
 .bss.xNumOfOverflows.5879
                0x1fff2a38        0x4 C:\Users\fabio\AppData\Local\Temp\ccMzhWx2.ltrans0.ltrans.o
                0x1fff2a38                xNumOfOverflows.5879
 .bss.uxTaskNumber.5882
                0x1fff2a3c        0x4 C:\Users\fabio\AppData\Local\Temp\ccMzhWx2.ltrans0.ltrans.o
                0x1fff2a3c                uxTaskNumber.5882
 .bss.xNextTaskUnblockTime.5884
                0x1fff2a40        0x4 C:\Users\fabio\AppData\Local\Temp\ccMzhWx2.ltrans0.ltrans.o
                0x1fff2a40                xNextTaskUnblockTime.5884
 .bss.xIdleTaskHandle.5883
                0x1fff2a44        0x4 C:\Users\fabio\AppData\Local\Temp\ccMzhWx2.ltrans0.ltrans.o
                0x1fff2a44                xIdleTaskHandle.5883
 .bss.uxSchedulerSuspended.5874
                0x1fff2a48        0x4 C:\Users\fabio\AppData\Local\Temp\ccMzhWx2.ltrans0.ltrans.o
                0x1fff2a48                uxSchedulerSuspended.5874
 .bss.xActiveTimerList1.6100
                0x1fff2a4c       0x14 C:\Users\fabio\AppData\Local\Temp\ccMzhWx2.ltrans0.ltrans.o
                0x1fff2a4c                xActiveTimerList1.6100
 .bss.xActiveTimerList2.6101
                0x1fff2a60       0x14 C:\Users\fabio\AppData\Local\Temp\ccMzhWx2.ltrans0.ltrans.o
                0x1fff2a60                xActiveTimerList2.6101
 .bss.pxCurrentTimerList.6097
                0x1fff2a74        0x4 C:\Users\fabio\AppData\Local\Temp\ccMzhWx2.ltrans0.ltrans.o
                0x1fff2a74                pxCurrentTimerList.6097
 .bss.pxOverflowTimerList.6098
                0x1fff2a78        0x4 C:\Users\fabio\AppData\Local\Temp\ccMzhWx2.ltrans0.ltrans.o
                0x1fff2a78                pxOverflowTimerList.6098
 .bss.xTimerQueue.6095
                0x1fff2a7c        0x4 C:\Users\fabio\AppData\Local\Temp\ccMzhWx2.ltrans0.ltrans.o
                0x1fff2a7c                xTimerQueue.6095
 .bss.xTimerTaskHandle.6096
                0x1fff2a80        0x4 C:\Users\fabio\AppData\Local\Temp\ccMzhWx2.ltrans0.ltrans.o
                0x1fff2a80                xTimerTaskHandle.6096
 .bss.xLastTime.4977.6099
                0x1fff2a84        0x4 C:\Users\fabio\AppData\Local\Temp\ccMzhWx2.ltrans0.ltrans.o
                0x1fff2a84                xLastTime.4977.6099
 .bss.g_xtal0Freq
                0x1fff2a88        0x4 C:\Users\fabio\AppData\Local\Temp\ccMzhWx2.ltrans0.ltrans.o
                0x1fff2a88                g_xtal0Freq
 .bss.g_xtal32Freq
                0x1fff2a8c        0x4 C:\Users\fabio\AppData\Local\Temp\ccMzhWx2.ltrans0.ltrans.o
                0x1fff2a8c                g_xtal32Freq
 .bss.g_dspiHandle.7668
                0x1fff2a90        0xc C:\Users\fabio\AppData\Local\Temp\ccMzhWx2.ltrans0.ltrans.o
                0x1fff2a90                g_dspiHandle.7668
 .bss.s_dspiMasterIsr.7676
                0x1fff2a9c        0x4 C:\Users\fabio\AppData\Local\Temp\ccMzhWx2.ltrans0.ltrans.o
                0x1fff2a9c                s_dspiMasterIsr.7676
 .bss.s_dspiSlaveIsr.7684
                0x1fff2aa0        0x4 C:\Users\fabio\AppData\Local\Temp\ccMzhWx2.ltrans0.ltrans.o
                0x1fff2aa0                s_dspiSlaveIsr.7684
 .bss.s_EDMAHandle.8594
                0x1fff2aa4       0x40 C:\Users\fabio\AppData\Local\Temp\ccMzhWx2.ltrans0.ltrans.o
                0x1fff2aa4                s_EDMAHandle.8594
 .bss.s_ENETHandle.9011
                0x1fff2ae4        0x4 C:\Users\fabio\AppData\Local\Temp\ccMzhWx2.ltrans0.ltrans.o
                0x1fff2ae4                s_ENETHandle.9011
 .bss.s_enetTxIsr.9012
                0x1fff2ae8        0x4 C:\Users\fabio\AppData\Local\Temp\ccMzhWx2.ltrans0.ltrans.o
                0x1fff2ae8                s_enetTxIsr.9012
 .bss.s_enetRxIsr.9014
                0x1fff2aec        0x4 C:\Users\fabio\AppData\Local\Temp\ccMzhWx2.ltrans0.ltrans.o
                0x1fff2aec                s_enetRxIsr.9014
 .bss.s_enetErrIsr.9015
                0x1fff2af0        0x4 C:\Users\fabio\AppData\Local\Temp\ccMzhWx2.ltrans0.ltrans.o
                0x1fff2af0                s_enetErrIsr.9015
 .bss.s_flexcanHandle.9940
                0x1fff2af4        0x4 C:\Users\fabio\AppData\Local\Temp\ccMzhWx2.ltrans0.ltrans.o
                0x1fff2af4                s_flexcanHandle.9940
 .bss.s_flexcanIsr.9941
                0x1fff2af8        0x4 C:\Users\fabio\AppData\Local\Temp\ccMzhWx2.ltrans0.ltrans.o
                0x1fff2af8                s_flexcanIsr.9941
 .bss.s_i2cHandle.10565
                0x1fff2afc        0xc C:\Users\fabio\AppData\Local\Temp\ccMzhWx2.ltrans0.ltrans.o
                0x1fff2afc                s_i2cHandle.10565
 .bss.s_i2cMasterIsr.10555
                0x1fff2b08        0x4 C:\Users\fabio\AppData\Local\Temp\ccMzhWx2.ltrans0.ltrans.o
                0x1fff2b08                s_i2cMasterIsr.10555
 .bss.s_i2cSlaveIsr.10557
                0x1fff2b0c        0x4 C:\Users\fabio\AppData\Local\Temp\ccMzhWx2.ltrans0.ltrans.o
                0x1fff2b0c                s_i2cSlaveIsr.10557
 .bss.s_saiHandle
                0x1fff2b10        0x8 C:\Users\fabio\AppData\Local\Temp\ccMzhWx2.ltrans0.ltrans.o
                0x1fff2b10                s_saiHandle
 .bss.s_saiTxIsr.11848
                0x1fff2b18        0x4 C:\Users\fabio\AppData\Local\Temp\ccMzhWx2.ltrans0.ltrans.o
                0x1fff2b18                s_saiTxIsr.11848
 .bss.s_saiRxIsr.11851
                0x1fff2b1c        0x4 C:\Users\fabio\AppData\Local\Temp\ccMzhWx2.ltrans0.ltrans.o
                0x1fff2b1c                s_saiRxIsr.11851
 .bss.s_sdhcHandle.12545
                0x1fff2b20        0x4 C:\Users\fabio\AppData\Local\Temp\ccMzhWx2.ltrans0.ltrans.o
                0x1fff2b20                s_sdhcHandle.12545
 .bss.s_sdhcIsr.12546
                0x1fff2b24        0x4 C:\Users\fabio\AppData\Local\Temp\ccMzhWx2.ltrans0.ltrans.o
                0x1fff2b24                s_sdhcIsr.12546
 .bss.s_uartHandle.13017
                0x1fff2b28       0x18 C:\Users\fabio\AppData\Local\Temp\ccMzhWx2.ltrans0.ltrans.o
                0x1fff2b28                s_uartHandle.13017
 .bss.s_uartIsr.13018
                0x1fff2b40        0x4 C:\Users\fabio\AppData\Local\Temp\ccMzhWx2.ltrans0.ltrans.o
                0x1fff2b40                s_uartIsr.13018
                0x1fff2c00                . = ALIGN (0x200)
 *fill*         0x1fff2b44       0xbc 
                0x1fff2c00                USB_RAM_START = .
                0x1fff2c00                . = (. + USB_RAM_GAP)
 *(COMMON)
                0x1fff2c00                . = ALIGN (0x4)
                0x1fff2c00                __bss_end__ = .
                0x1fff2c00                __END_BSS = .

.heap           0x20000000      0x400
                0x20000000                . = ALIGN (0x8)
                0x20000000                __end__ = .
                0x20000000                PROVIDE (end, .)
                0x20000000                __HeapBase = .
                0x20000400                . = (. + HEAP_SIZE)
 *fill*         0x20000000      0x400 
                0x20000400                __HeapLimit = .
                0x20000400                __heap_limit = .

.stack          0x20000400      0x400
                0x20000400                . = ALIGN (0x8)
                0x20000800                . = (. + STACK_SIZE)
 *fill*         0x20000400      0x400 

m_usb_bdt       0x1fff2c00        0x0
 *(m_usb_bdt)
                0x1fff2c00                USB_RAM_BDT_END = .

m_usb_global
 *(m_usb_global)
                0x20030000                __StackTop = (ORIGIN (m_data_2) + 0x30000)
                0x2002fc00                __StackLimit = (__StackTop - STACK_SIZE)
                0x20030000                PROVIDE (__stack, __StackTop)

.ARM.attributes
                0x00000000       0x30
 *(.ARM.attributes)
 .ARM.attributes
                0x00000000       0x22 c:/freescale/kds_v3/toolchain/bin/../lib/gcc/arm-none-eabi/4.8.4/armv7e-m/fpu/crti.o
 .ARM.attributes
                0x00000022       0x34 c:/freescale/kds_v3/toolchain/bin/../lib/gcc/arm-none-eabi/4.8.4/armv7e-m/fpu/crtbegin.o
 .ARM.attributes
                0x00000056       0x20 c:/freescale/kds_v3/toolchain/bin/../lib/gcc/arm-none-eabi/4.8.4/../../../../arm-none-eabi/lib/armv7e-m/fpu/crt0.o
 .ARM.attributes
                0x00000076       0x37 C:\Users\fabio\AppData\Local\Temp\ccMzhWx2.ltrans0.ltrans.o
 .ARM.attributes
                0x000000ad       0x37 C:\Users\fabio\AppData\Local\Temp\ccMzhWx2.ltrans1.ltrans.o
 .ARM.attributes
                0x000000e4       0x37 C:\Users\fabio\AppData\Local\Temp\ccMzhWx2.ltrans2.ltrans.o
 .ARM.attributes
                0x0000011b       0x37 C:\Users\fabio\AppData\Local\Temp\ccMzhWx2.ltrans4.ltrans.o
 .ARM.attributes
                0x00000152       0x37 C:\Users\fabio\AppData\Local\Temp\ccMzhWx2.ltrans7.ltrans.o
 .ARM.attributes
                0x00000189       0x37 C:\Users\fabio\AppData\Local\Temp\ccMzhWx2.ltrans8.ltrans.o
 .ARM.attributes
                0x000001c0       0x37 C:\Users\fabio\AppData\Local\Temp\ccMzhWx2.ltrans9.ltrans.o
 .ARM.attributes
                0x000001f7       0x37 C:\Users\fabio\AppData\Local\Temp\ccMzhWx2.ltrans11.ltrans.o
 .ARM.attributes
                0x0000022e       0x37 C:\Users\fabio\AppData\Local\Temp\ccMzhWx2.ltrans12.ltrans.o
 .ARM.attributes
                0x00000265       0x37 C:\Users\fabio\AppData\Local\Temp\ccMzhWx2.ltrans13.ltrans.o
 .ARM.attributes
                0x0000029c       0x37 C:\Users\fabio\AppData\Local\Temp\ccMzhWx2.ltrans15.ltrans.o
 .ARM.attributes
                0x000002d3       0x37 C:\Users\fabio\AppData\Local\Temp\ccMzhWx2.ltrans17.ltrans.o
 .ARM.attributes
                0x0000030a       0x37 C:\Users\fabio\AppData\Local\Temp\ccMzhWx2.ltrans18.ltrans.o
 .ARM.attributes
                0x00000341       0x37 C:\Users\fabio\AppData\Local\Temp\ccMzhWx2.ltrans19.ltrans.o
 .ARM.attributes
                0x00000378       0x37 C:\Users\fabio\AppData\Local\Temp\ccMzhWx2.ltrans20.ltrans.o
 .ARM.attributes
                0x000003af       0x37 C:\Users\fabio\AppData\Local\Temp\ccMzhWx2.ltrans21.ltrans.o
 .ARM.attributes
                0x000003e6       0x37 C:\Users\fabio\AppData\Local\Temp\ccMzhWx2.ltrans22.ltrans.o
 .ARM.attributes
                0x0000041d       0x37 C:\Users\fabio\AppData\Local\Temp\ccMzhWx2.ltrans23.ltrans.o
 .ARM.attributes
                0x00000454       0x37 C:\Users\fabio\AppData\Local\Temp\ccMzhWx2.ltrans24.ltrans.o
 .ARM.attributes
                0x0000048b       0x37 C:\Users\fabio\AppData\Local\Temp\ccMzhWx2.ltrans25.ltrans.o
 .ARM.attributes
                0x000004c2       0x37 C:\Users\fabio\AppData\Local\Temp\ccMzhWx2.ltrans26.ltrans.o
 .ARM.attributes
                0x000004f9       0x34 c:/freescale/kds_v3/toolchain/bin/../lib/gcc/arm-none-eabi/4.8.4/../../../../arm-none-eabi/lib/armv7e-m/fpu\libg_s.a(lib_a-memcpy-stub.o)
 .ARM.attributes
                0x0000052d       0x34 c:/freescale/kds_v3/toolchain/bin/../lib/gcc/arm-none-eabi/4.8.4/../../../../arm-none-eabi/lib/armv7e-m/fpu\libg_s.a(lib_a-strlen.o)
 .ARM.attributes
                0x00000561       0x1f ./startup/startup_MK64F12.o
 .ARM.attributes
                0x00000580       0x34 c:/freescale/kds_v3/toolchain/bin/../lib/gcc/arm-none-eabi/4.8.4/../../../../arm-none-eabi/lib/armv7e-m/fpu\libg_s.a(lib_a-exit.o)
 .ARM.attributes
                0x000005b4       0x34 c:/freescale/kds_v3/toolchain/bin/../lib/gcc/arm-none-eabi/4.8.4/../../../../arm-none-eabi/lib/armv7e-m/fpu\libg_s.a(lib_a-impure.o)
 .ARM.attributes
                0x000005e8       0x34 c:/freescale/kds_v3/toolchain/bin/../lib/gcc/arm-none-eabi/4.8.4/../../../../arm-none-eabi/lib/armv7e-m/fpu\libg_s.a(lib_a-init.o)
 .ARM.attributes
                0x0000061c       0x34 c:/freescale/kds_v3/toolchain/bin/../lib/gcc/arm-none-eabi/4.8.4/../../../../arm-none-eabi/lib/armv7e-m/fpu\libg_s.a(lib_a-memset.o)
 .ARM.attributes
                0x00000650       0x34 c:/freescale/kds_v3/toolchain/bin/../lib/gcc/arm-none-eabi/4.8.4/../../../../arm-none-eabi/lib/armv7e-m/fpu\libnosys.a(_exit.o)
 .ARM.attributes
                0x00000684       0x34 c:/freescale/kds_v3/toolchain/bin/../lib/gcc/arm-none-eabi/4.8.4/armv7e-m/fpu/crtend.o
 .ARM.attributes
                0x000006b8       0x22 c:/freescale/kds_v3/toolchain/bin/../lib/gcc/arm-none-eabi/4.8.4/armv7e-m/fpu/crtn.o
                0x00000001                ASSERT ((__StackLimit >= __HeapLimit), region m_data_2 overflowed with stack and heap)
OUTPUT(FreeRTOSeKSDK2.elf elf32-littlearm)

.debug_info     0x00000000    0x2869b
 .debug_info    0x00000000     0xc261 C:\Users\fabio\AppData\Local\Temp\ccMzhWx2.ltrans0.ltrans.o
 .debug_info    0x0000c261     0x12bb C:\Users\fabio\AppData\Local\Temp\ccMzhWx2.ltrans1.ltrans.o
 .debug_info    0x0000d51c     0x1efe C:\Users\fabio\AppData\Local\Temp\ccMzhWx2.ltrans2.ltrans.o
 .debug_info    0x0000f41a     0x1463 C:\Users\fabio\AppData\Local\Temp\ccMzhWx2.ltrans4.ltrans.o
 .debug_info    0x0001087d     0x13d7 C:\Users\fabio\AppData\Local\Temp\ccMzhWx2.ltrans7.ltrans.o
 .debug_info    0x00011c54     0x1e13 C:\Users\fabio\AppData\Local\Temp\ccMzhWx2.ltrans8.ltrans.o
 .debug_info    0x00013a67     0x1737 C:\Users\fabio\AppData\Local\Temp\ccMzhWx2.ltrans9.ltrans.o
 .debug_info    0x0001519e     0x1f54 C:\Users\fabio\AppData\Local\Temp\ccMzhWx2.ltrans11.ltrans.o
 .debug_info    0x000170f2     0x1b4d C:\Users\fabio\AppData\Local\Temp\ccMzhWx2.ltrans12.ltrans.o
 .debug_info    0x00018c3f     0x14bb C:\Users\fabio\AppData\Local\Temp\ccMzhWx2.ltrans13.ltrans.o
 .debug_info    0x0001a0fa     0x13c2 C:\Users\fabio\AppData\Local\Temp\ccMzhWx2.ltrans15.ltrans.o
 .debug_info    0x0001b4bc     0x1cec C:\Users\fabio\AppData\Local\Temp\ccMzhWx2.ltrans17.ltrans.o
 .debug_info    0x0001d1a8     0x1451 C:\Users\fabio\AppData\Local\Temp\ccMzhWx2.ltrans18.ltrans.o
 .debug_info    0x0001e5f9      0xc26 C:\Users\fabio\AppData\Local\Temp\ccMzhWx2.ltrans19.ltrans.o
 .debug_info    0x0001f21f     0x1806 C:\Users\fabio\AppData\Local\Temp\ccMzhWx2.ltrans20.ltrans.o
 .debug_info    0x00020a25     0x1935 C:\Users\fabio\AppData\Local\Temp\ccMzhWx2.ltrans21.ltrans.o
 .debug_info    0x0002235a     0x15bd C:\Users\fabio\AppData\Local\Temp\ccMzhWx2.ltrans22.ltrans.o
 .debug_info    0x00023917     0x1a6f C:\Users\fabio\AppData\Local\Temp\ccMzhWx2.ltrans23.ltrans.o
 .debug_info    0x00025386     0x11b6 C:\Users\fabio\AppData\Local\Temp\ccMzhWx2.ltrans24.ltrans.o
 .debug_info    0x0002653c      0xf20 C:\Users\fabio\AppData\Local\Temp\ccMzhWx2.ltrans25.ltrans.o
 .debug_info    0x0002745c     0x1191 C:\Users\fabio\AppData\Local\Temp\ccMzhWx2.ltrans26.ltrans.o
 .debug_info    0x000285ed       0xae ./startup/startup_MK64F12.o

.debug_abbrev   0x00000000     0x3fe7
 .debug_abbrev  0x00000000      0x565 C:\Users\fabio\AppData\Local\Temp\ccMzhWx2.ltrans0.ltrans.o
 .debug_abbrev  0x00000565      0x2b1 C:\Users\fabio\AppData\Local\Temp\ccMzhWx2.ltrans1.ltrans.o
 .debug_abbrev  0x00000816      0x37e C:\Users\fabio\AppData\Local\Temp\ccMzhWx2.ltrans2.ltrans.o
 .debug_abbrev  0x00000b94      0x28a C:\Users\fabio\AppData\Local\Temp\ccMzhWx2.ltrans4.ltrans.o
 .debug_abbrev  0x00000e1e      0x2c9 C:\Users\fabio\AppData\Local\Temp\ccMzhWx2.ltrans7.ltrans.o
 .debug_abbrev  0x000010e7      0x38e C:\Users\fabio\AppData\Local\Temp\ccMzhWx2.ltrans8.ltrans.o
 .debug_abbrev  0x00001475      0x281 C:\Users\fabio\AppData\Local\Temp\ccMzhWx2.ltrans9.ltrans.o
 .debug_abbrev  0x000016f6      0x31d C:\Users\fabio\AppData\Local\Temp\ccMzhWx2.ltrans11.ltrans.o
 .debug_abbrev  0x00001a13      0x21b C:\Users\fabio\AppData\Local\Temp\ccMzhWx2.ltrans12.ltrans.o
 .debug_abbrev  0x00001c2e      0x277 C:\Users\fabio\AppData\Local\Temp\ccMzhWx2.ltrans13.ltrans.o
 .debug_abbrev  0x00001ea5      0x2a2 C:\Users\fabio\AppData\Local\Temp\ccMzhWx2.ltrans15.ltrans.o
 .debug_abbrev  0x00002147      0x2fd C:\Users\fabio\AppData\Local\Temp\ccMzhWx2.ltrans17.ltrans.o
 .debug_abbrev  0x00002444      0x226 C:\Users\fabio\AppData\Local\Temp\ccMzhWx2.ltrans18.ltrans.o
 .debug_abbrev  0x0000266a      0x1fe C:\Users\fabio\AppData\Local\Temp\ccMzhWx2.ltrans19.ltrans.o
 .debug_abbrev  0x00002868      0x44a C:\Users\fabio\AppData\Local\Temp\ccMzhWx2.ltrans20.ltrans.o
 .debug_abbrev  0x00002cb2      0x328 C:\Users\fabio\AppData\Local\Temp\ccMzhWx2.ltrans21.ltrans.o
 .debug_abbrev  0x00002fda      0x2e1 C:\Users\fabio\AppData\Local\Temp\ccMzhWx2.ltrans22.ltrans.o
 .debug_abbrev  0x000032bb      0x2b6 C:\Users\fabio\AppData\Local\Temp\ccMzhWx2.ltrans23.ltrans.o
 .debug_abbrev  0x00003571      0x39a C:\Users\fabio\AppData\Local\Temp\ccMzhWx2.ltrans24.ltrans.o
 .debug_abbrev  0x0000390b      0x399 C:\Users\fabio\AppData\Local\Temp\ccMzhWx2.ltrans25.ltrans.o
 .debug_abbrev  0x00003ca4      0x32f C:\Users\fabio\AppData\Local\Temp\ccMzhWx2.ltrans26.ltrans.o
 .debug_abbrev  0x00003fd3       0x14 ./startup/startup_MK64F12.o

.debug_aranges  0x00000000     0x1b48
 .debug_aranges
                0x00000000      0x178 C:\Users\fabio\AppData\Local\Temp\ccMzhWx2.ltrans0.ltrans.o
 .debug_aranges
                0x00000178      0x120 C:\Users\fabio\AppData\Local\Temp\ccMzhWx2.ltrans1.ltrans.o
 .debug_aranges
                0x00000298      0x160 C:\Users\fabio\AppData\Local\Temp\ccMzhWx2.ltrans2.ltrans.o
 .debug_aranges
                0x000003f8       0xe8 C:\Users\fabio\AppData\Local\Temp\ccMzhWx2.ltrans4.ltrans.o
 .debug_aranges
                0x000004e0       0xf0 C:\Users\fabio\AppData\Local\Temp\ccMzhWx2.ltrans7.ltrans.o
 .debug_aranges
                0x000005d0      0x170 C:\Users\fabio\AppData\Local\Temp\ccMzhWx2.ltrans8.ltrans.o
 .debug_aranges
                0x00000740      0x108 C:\Users\fabio\AppData\Local\Temp\ccMzhWx2.ltrans9.ltrans.o
 .debug_aranges
                0x00000848      0x158 C:\Users\fabio\AppData\Local\Temp\ccMzhWx2.ltrans11.ltrans.o
 .debug_aranges
                0x000009a0      0x1a0 C:\Users\fabio\AppData\Local\Temp\ccMzhWx2.ltrans12.ltrans.o
 .debug_aranges
                0x00000b40      0x110 C:\Users\fabio\AppData\Local\Temp\ccMzhWx2.ltrans13.ltrans.o
 .debug_aranges
                0x00000c50       0xd8 C:\Users\fabio\AppData\Local\Temp\ccMzhWx2.ltrans15.ltrans.o
 .debug_aranges
                0x00000d28      0x1c8 C:\Users\fabio\AppData\Local\Temp\ccMzhWx2.ltrans17.ltrans.o
 .debug_aranges
                0x00000ef0      0x140 C:\Users\fabio\AppData\Local\Temp\ccMzhWx2.ltrans18.ltrans.o
 .debug_aranges
                0x00001030      0x100 C:\Users\fabio\AppData\Local\Temp\ccMzhWx2.ltrans19.ltrans.o
 .debug_aranges
                0x00001130      0x198 C:\Users\fabio\AppData\Local\Temp\ccMzhWx2.ltrans20.ltrans.o
 .debug_aranges
                0x000012c8      0x180 C:\Users\fabio\AppData\Local\Temp\ccMzhWx2.ltrans21.ltrans.o
 .debug_aranges
                0x00001448      0x160 C:\Users\fabio\AppData\Local\Temp\ccMzhWx2.ltrans22.ltrans.o
 .debug_aranges
                0x000015a8      0x150 C:\Users\fabio\AppData\Local\Temp\ccMzhWx2.ltrans23.ltrans.o
 .debug_aranges
                0x000016f8      0x218 C:\Users\fabio\AppData\Local\Temp\ccMzhWx2.ltrans24.ltrans.o
 .debug_aranges
                0x00001910      0x140 C:\Users\fabio\AppData\Local\Temp\ccMzhWx2.ltrans25.ltrans.o
 .debug_aranges
                0x00001a50       0xd8 C:\Users\fabio\AppData\Local\Temp\ccMzhWx2.ltrans26.ltrans.o
 .debug_aranges
                0x00001b28       0x20 ./startup/startup_MK64F12.o

.debug_ranges   0x00000000     0x1a08
 .debug_ranges  0x00000000      0x168 C:\Users\fabio\AppData\Local\Temp\ccMzhWx2.ltrans0.ltrans.o
 .debug_ranges  0x00000168      0x110 C:\Users\fabio\AppData\Local\Temp\ccMzhWx2.ltrans1.ltrans.o
 .debug_ranges  0x00000278      0x150 C:\Users\fabio\AppData\Local\Temp\ccMzhWx2.ltrans2.ltrans.o