Archive member included because of file (symbol)

c:/freescale/kds_v3/toolchain/bin/../lib/gcc/arm-none-eabi/4.8.4/../../../../arm-none-eabi/lib/armv7e-m/fpu\libg_s.a(lib_a-errno.o)
                              ./utilities/fsl_sbrk.o (symbol from plugin) (__errno)
c:/freescale/kds_v3/toolchain/bin/../lib/gcc/arm-none-eabi/4.8.4/../../../../arm-none-eabi/lib/armv7e-m/fpu\libg_s.a(lib_a-exit.o)
                              c:/freescale/kds_v3/toolchain/bin/../lib/gcc/arm-none-eabi/4.8.4/../../../../arm-none-eabi/lib/armv7e-m/fpu/crt0.o (exit)
c:/freescale/kds_v3/toolchain/bin/../lib/gcc/arm-none-eabi/4.8.4/../../../../arm-none-eabi/lib/armv7e-m/fpu\libg_s.a(lib_a-impure.o)
                              c:/freescale/kds_v3/toolchain/bin/../lib/gcc/arm-none-eabi/4.8.4/../../../../arm-none-eabi/lib/armv7e-m/fpu\libg_s.a(lib_a-exit.o) (_global_impure_ptr)
c:/freescale/kds_v3/toolchain/bin/../lib/gcc/arm-none-eabi/4.8.4/../../../../arm-none-eabi/lib/armv7e-m/fpu\libg_s.a(lib_a-init.o)
                              c:/freescale/kds_v3/toolchain/bin/../lib/gcc/arm-none-eabi/4.8.4/../../../../arm-none-eabi/lib/armv7e-m/fpu/crt0.o (__libc_init_array)
c:/freescale/kds_v3/toolchain/bin/../lib/gcc/arm-none-eabi/4.8.4/../../../../arm-none-eabi/lib/armv7e-m/fpu\libg_s.a(lib_a-memset.o)
                              c:/freescale/kds_v3/toolchain/bin/../lib/gcc/arm-none-eabi/4.8.4/../../../../arm-none-eabi/lib/armv7e-m/fpu/crt0.o (memset)
c:/freescale/kds_v3/toolchain/bin/../lib/gcc/arm-none-eabi/4.8.4/../../../../arm-none-eabi/lib/armv7e-m/fpu\libnosys.a(_exit.o)
                              c:/freescale/kds_v3/toolchain/bin/../lib/gcc/arm-none-eabi/4.8.4/../../../../arm-none-eabi/lib/armv7e-m/fpu\libg_s.a(lib_a-exit.o) (_exit)
c:/freescale/kds_v3/toolchain/bin/../lib/gcc/arm-none-eabi/4.8.4/../../../../arm-none-eabi/lib/armv7e-m/fpu\libg_s.a(lib_a-memcpy-stub.o)
                              C:\Users\fabio\AppData\Local\Temp\ccGKmI0M.ltrans0.ltrans.o (memcpy)
c:/freescale/kds_v3/toolchain/bin/../lib/gcc/arm-none-eabi/4.8.4/../../../../arm-none-eabi/lib/armv7e-m/fpu\libg_s.a(lib_a-strlen.o)
                              C:\Users\fabio\AppData\Local\Temp\ccGKmI0M.ltrans2.ltrans.o (strlen)

Allocating common symbols
Common symbol       size              file

habBLUE             0x4               ./source/main.o (symbol from plugin)
lptmrConfig         0x7               ./source/timer.o (symbol from plugin)
POTConfigStruct     0x9               ./source/ad.o (symbol from plugin)
xQueueRegistry      0x40              ./freertos/Source/queue.o (symbol from plugin)
temp                0x4               ./source/main.o (symbol from plugin)
i                   0x4               ./source/main.o (symbol from plugin)
habRED              0x4               ./source/main.o (symbol from plugin)
interval            0x4               ./source/timer.o (symbol from plugin)
s_saiHandle         0x8               ./drivers/fsl_sai.o (symbol from plugin)
LDRConfigStruct     0x9               ./source/ad.o (symbol from plugin)
delay               0x1               ./source/main.o (symbol from plugin)
g_xtal32Freq        0x4               ./drivers/fsl_clock.o (symbol from plugin)
habGREEN            0x4               ./source/main.o (symbol from plugin)
TEMPConfigStruct    0x9               ./source/ad.o (symbol from plugin)

Discarded input sections

 .text          0x00000000        0x0 c:/freescale/kds_v3/toolchain/bin/../lib/gcc/arm-none-eabi/4.8.4/armv7e-m/fpu/crti.o
 .data          0x00000000        0x0 c:/freescale/kds_v3/toolchain/bin/../lib/gcc/arm-none-eabi/4.8.4/armv7e-m/fpu/crti.o
 .bss           0x00000000        0x0 c:/freescale/kds_v3/toolchain/bin/../lib/gcc/arm-none-eabi/4.8.4/armv7e-m/fpu/crti.o
 .data          0x00000000        0x4 c:/freescale/kds_v3/toolchain/bin/../lib/gcc/arm-none-eabi/4.8.4/armv7e-m/fpu/crtbegin.o
 .data          0x00000000        0x0 c:/freescale/kds_v3/toolchain/bin/../lib/gcc/arm-none-eabi/4.8.4/../../../../arm-none-eabi/lib/armv7e-m/fpu/crt0.o
 .bss           0x00000000        0x0 c:/freescale/kds_v3/toolchain/bin/../lib/gcc/arm-none-eabi/4.8.4/../../../../arm-none-eabi/lib/armv7e-m/fpu/crt0.o
 .ARM.extab     0x00000000        0x0 c:/freescale/kds_v3/toolchain/bin/../lib/gcc/arm-none-eabi/4.8.4/../../../../arm-none-eabi/lib/armv7e-m/fpu/crt0.o
 .text          0x00000000        0x0 ./utilities/fsl_debug_console.o (symbol from plugin)
 .text          0x00000000        0x0 C:\Users\fabio\AppData\Local\Temp\ccGKmI0M.ltrans0.ltrans.o
 .data          0x00000000        0x0 C:\Users\fabio\AppData\Local\Temp\ccGKmI0M.ltrans0.ltrans.o
 .bss           0x00000000        0x0 C:\Users\fabio\AppData\Local\Temp\ccGKmI0M.ltrans0.ltrans.o
 .text.flash_check_execute_in_ram_function_info.9275
                0x00000000       0x1a C:\Users\fabio\AppData\Local\Temp\ccGKmI0M.ltrans0.ltrans.o
 .text.DSPI_CommonIRQHandler.7468
                0x00000000       0x1c C:\Users\fabio\AppData\Local\Temp\ccGKmI0M.ltrans0.ltrans.o
 .bss.s_dspiSlaveIsr.7673.4521
                0x00000000        0x4 C:\Users\fabio\AppData\Local\Temp\ccGKmI0M.ltrans0.ltrans.o
 .bss.s_dspiMasterIsr.7671.4540
                0x00000000        0x4 C:\Users\fabio\AppData\Local\Temp\ccGKmI0M.ltrans0.ltrans.o
 .bss.lptmrCounter
                0x00000000        0x4 C:\Users\fabio\AppData\Local\Temp\ccGKmI0M.ltrans0.ltrans.o
 .text          0x00000000        0x0 C:\Users\fabio\AppData\Local\Temp\ccGKmI0M.ltrans1.ltrans.o
 .data          0x00000000        0x0 C:\Users\fabio\AppData\Local\Temp\ccGKmI0M.ltrans1.ltrans.o
 .bss           0x00000000        0x0 C:\Users\fabio\AppData\Local\Temp\ccGKmI0M.ltrans1.ltrans.o
 .text          0x00000000        0x0 C:\Users\fabio\AppData\Local\Temp\ccGKmI0M.ltrans2.ltrans.o
 .data          0x00000000        0x0 C:\Users\fabio\AppData\Local\Temp\ccGKmI0M.ltrans2.ltrans.o
 .bss           0x00000000        0x0 C:\Users\fabio\AppData\Local\Temp\ccGKmI0M.ltrans2.ltrans.o
 .text          0x00000000        0x0 C:\Users\fabio\AppData\Local\Temp\ccGKmI0M.ltrans3.ltrans.o
 .data          0x00000000        0x0 C:\Users\fabio\AppData\Local\Temp\ccGKmI0M.ltrans3.ltrans.o
 .bss           0x00000000        0x0 C:\Users\fabio\AppData\Local\Temp\ccGKmI0M.ltrans3.ltrans.o
 .text.unlikely.ADC16_GetDefaultConfig.part.1.6179
                0x00000000       0x1c C:\Users\fabio\AppData\Local\Temp\ccGKmI0M.ltrans3.ltrans.o
 .text.unlikely.ADC16_GetChannelStatusFlags.part.3.6183.4281
                0x00000000       0x1c C:\Users\fabio\AppData\Local\Temp\ccGKmI0M.ltrans3.ltrans.o
 .rodata.__func__.6651.6231.4318
                0x00000000       0x17 C:\Users\fabio\AppData\Local\Temp\ccGKmI0M.ltrans3.ltrans.o
 .rodata.__func__.6700.6233.4322
                0x00000000       0x1c C:\Users\fabio\AppData\Local\Temp\ccGKmI0M.ltrans3.ltrans.o
 .text          0x00000000        0x0 C:\Users\fabio\AppData\Local\Temp\ccGKmI0M.ltrans4.ltrans.o
 .data          0x00000000        0x0 C:\Users\fabio\AppData\Local\Temp\ccGKmI0M.ltrans4.ltrans.o
 .bss           0x00000000        0x0 C:\Users\fabio\AppData\Local\Temp\ccGKmI0M.ltrans4.ltrans.o
 .text.flash_cache_clear.4064
                0x00000000       0x4c C:\Users\fabio\AppData\Local\Temp\ccGKmI0M.ltrans4.ltrans.o
 .bss.callFlashCommonBitOperation.9481.4576
                0x00000000        0x4 C:\Users\fabio\AppData\Local\Temp\ccGKmI0M.ltrans4.ltrans.o
 .text          0x00000000        0x0 c:/freescale/kds_v3/toolchain/bin/../lib/gcc/arm-none-eabi/4.8.4/../../../../arm-none-eabi/lib/armv7e-m/fpu\libg_s.a(lib_a-memcpy-stub.o)
 .data          0x00000000        0x0 c:/freescale/kds_v3/toolchain/bin/../lib/gcc/arm-none-eabi/4.8.4/../../../../arm-none-eabi/lib/armv7e-m/fpu\libg_s.a(lib_a-memcpy-stub.o)
 .bss           0x00000000        0x0 c:/freescale/kds_v3/toolchain/bin/../lib/gcc/arm-none-eabi/4.8.4/../../../../arm-none-eabi/lib/armv7e-m/fpu\libg_s.a(lib_a-memcpy-stub.o)
 .text          0x00000000        0x0 c:/freescale/kds_v3/toolchain/bin/../lib/gcc/arm-none-eabi/4.8.4/../../../../arm-none-eabi/lib/armv7e-m/fpu\libg_s.a(lib_a-strlen.o)
 .data          0x00000000        0x0 c:/freescale/kds_v3/toolchain/bin/../lib/gcc/arm-none-eabi/4.8.4/../../../../arm-none-eabi/lib/armv7e-m/fpu\libg_s.a(lib_a-strlen.o)
 .bss           0x00000000        0x0 c:/freescale/kds_v3/toolchain/bin/../lib/gcc/arm-none-eabi/4.8.4/../../../../arm-none-eabi/lib/armv7e-m/fpu\libg_s.a(lib_a-strlen.o)
 .text          0x00000000        0x0 ./utilities/fsl_notifier.o (symbol from plugin)
 .text          0x00000000        0x0 ./utilities/fsl_sbrk.o (symbol from plugin)
 .text          0x00000000        0x0 ./utilities/fsl_shell.o (symbol from plugin)
 .data          0x00000000        0x0 ./startup/startup_MK64F12.o
 .bss           0x00000000        0x0 ./startup/startup_MK64F12.o
 .text          0x00000000        0x0 ./startup/system_MK64F12.o (symbol from plugin)
 .text          0x00000000        0x0 ./source/ad.o (symbol from plugin)
 .text          0x00000000        0x0 ./source/console.o (symbol from plugin)
 .text          0x00000000        0x0 ./source/i2c.o (symbol from plugin)
 .text          0x00000000        0x0 ./source/keypad.o (symbol from plugin)
 .text          0x00000000        0x0 ./source/lcd.o (symbol from plugin)
 .text          0x00000000        0x0 ./source/main.o (symbol from plugin)
 .text          0x00000000        0x0 ./source/rgb.o (symbol from plugin)
 .text          0x00000000        0x0 ./source/so.o (symbol from plugin)
 .text          0x00000000        0x0 ./source/ssd.o (symbol from plugin)
 .text          0x00000000        0x0 ./source/timer.o (symbol from plugin)
 .text          0x00000000        0x0 ./freertos/Source/portable/MemMang/heap_4.o (symbol from plugin)
 .text          0x00000000        0x0 ./freertos/Source/portable/GCC/ARM_CM4F/fsl_tickless_lptmr.o (symbol from plugin)
 .text          0x00000000        0x0 ./freertos/Source/portable/GCC/ARM_CM4F/fsl_tickless_systick.o (symbol from plugin)
 .text          0x00000000        0x0 ./freertos/Source/portable/GCC/ARM_CM4F/port.o (symbol from plugin)
 .text          0x00000000        0x0 ./freertos/Source/croutine.o (symbol from plugin)
 .text          0x00000000        0x0 ./freertos/Source/event_groups.o (symbol from plugin)
 .text          0x00000000        0x0 ./freertos/Source/list.o (symbol from plugin)
 .text          0x00000000        0x0 ./freertos/Source/queue.o (symbol from plugin)
 .text          0x00000000        0x0 ./freertos/Source/tasks.o (symbol from plugin)
 .text          0x00000000        0x0 ./freertos/Source/timers.o (symbol from plugin)
 .text          0x00000000        0x0 ./drivers/fsl_adc16.o (symbol from plugin)
 .text          0x00000000        0x0 ./drivers/fsl_clock.o (symbol from plugin)
 .text          0x00000000        0x0 ./drivers/fsl_cmp.o (symbol from plugin)
 .text          0x00000000        0x0 ./drivers/fsl_cmt.o (symbol from plugin)
 .text          0x00000000        0x0 ./drivers/fsl_common.o (symbol from plugin)
 .text          0x00000000        0x0 ./drivers/fsl_crc.o (symbol from plugin)
 .text          0x00000000        0x0 ./drivers/fsl_dac.o (symbol from plugin)
 .text          0x00000000        0x0 ./drivers/fsl_dmamux.o (symbol from plugin)
 .text          0x00000000        0x0 ./drivers/fsl_dspi.o (symbol from plugin)
 .text          0x00000000        0x0 ./drivers/fsl_dspi_edma.o (symbol from plugin)
 .text          0x00000000        0x0 ./drivers/fsl_dspi_freertos.o (symbol from plugin)
 .text          0x00000000        0x0 ./drivers/fsl_edma.o (symbol from plugin)
 .text          0x00000000        0x0 ./drivers/fsl_enet.o (symbol from plugin)
 .text          0x00000000        0x0 ./drivers/fsl_ewm.o (symbol from plugin)
 .text          0x00000000        0x0 ./drivers/fsl_flash.o (symbol from plugin)
 .text          0x00000000        0x0 ./drivers/fsl_flexbus.o (symbol from plugin)
 .text          0x00000000        0x0 ./drivers/fsl_flexcan.o (symbol from plugin)
 .text          0x00000000        0x0 ./drivers/fsl_ftm.o (symbol from plugin)
 .text          0x00000000        0x0 ./drivers/fsl_gpio.o (symbol from plugin)
 .text          0x00000000        0x0 ./drivers/fsl_i2c.o (symbol from plugin)
 .text          0x00000000        0x0 ./drivers/fsl_i2c_edma.o (symbol from plugin)
 .text          0x00000000        0x0 ./drivers/fsl_i2c_freertos.o (symbol from plugin)
 .text          0x00000000        0x0 ./drivers/fsl_llwu.o (symbol from plugin)
 .text          0x00000000        0x0 ./drivers/fsl_lptmr.o (symbol from plugin)
 .text          0x00000000        0x0 ./drivers/fsl_mpu.o (symbol from plugin)
 .text          0x00000000        0x0 ./drivers/fsl_pdb.o (symbol from plugin)
 .text          0x00000000        0x0 ./drivers/fsl_pit.o (symbol from plugin)
 .text          0x00000000        0x0 ./drivers/fsl_pmc.o (symbol from plugin)
 .text          0x00000000        0x0 ./drivers/fsl_rcm.o (symbol from plugin)
 .text          0x00000000        0x0 ./drivers/fsl_rnga.o (symbol from plugin)
 .text          0x00000000        0x0 ./drivers/fsl_rtc.o (symbol from plugin)
 .text          0x00000000        0x0 ./drivers/fsl_sai.o (symbol from plugin)
 .text          0x00000000        0x0 ./drivers/fsl_sai_edma.o (symbol from plugin)
 .text          0x00000000        0x0 ./drivers/fsl_sdhc.o (symbol from plugin)
 .text          0x00000000        0x0 ./drivers/fsl_sim.o (symbol from plugin)
 .text          0x00000000        0x0 ./drivers/fsl_smc.o (symbol from plugin)
 .text          0x00000000        0x0 ./drivers/fsl_uart.o (symbol from plugin)
 .text          0x00000000        0x0 ./drivers/fsl_uart_edma.o (symbol from plugin)
 .text          0x00000000        0x0 ./drivers/fsl_uart_freertos.o (symbol from plugin)
 .text          0x00000000        0x0 ./drivers/fsl_vref.o (symbol from plugin)
 .text          0x00000000        0x0 ./drivers/fsl_wdog.o (symbol from plugin)
 .text          0x00000000        0x0 ./board/board.o (symbol from plugin)
 .text          0x00000000        0x0 ./board/clock_config.o (symbol from plugin)
 .text          0x00000000        0x0 ./board/pin_mux.o (symbol from plugin)
 .text          0x00000000        0x0 c:/freescale/kds_v3/toolchain/bin/../lib/gcc/arm-none-eabi/4.8.4/../../../../arm-none-eabi/lib/armv7e-m/fpu\libg_s.a(lib_a-errno.o)
 .data          0x00000000        0x0 c:/freescale/kds_v3/toolchain/bin/../lib/gcc/arm-none-eabi/4.8.4/../../../../arm-none-eabi/lib/armv7e-m/fpu\libg_s.a(lib_a-errno.o)
 .bss           0x00000000        0x0 c:/freescale/kds_v3/toolchain/bin/../lib/gcc/arm-none-eabi/4.8.4/../../../../arm-none-eabi/lib/armv7e-m/fpu\libg_s.a(lib_a-errno.o)
 .text.__errno  0x00000000        0xc c:/freescale/kds_v3/toolchain/bin/../lib/gcc/arm-none-eabi/4.8.4/../../../../arm-none-eabi/lib/armv7e-m/fpu\libg_s.a(lib_a-errno.o)
 .ARM.attributes
                0x00000000       0x34 c:/freescale/kds_v3/toolchain/bin/../lib/gcc/arm-none-eabi/4.8.4/../../../../arm-none-eabi/lib/armv7e-m/fpu\libg_s.a(lib_a-errno.o)
 .debug_frame   0x00000000       0x20 c:/freescale/kds_v3/toolchain/bin/../lib/gcc/arm-none-eabi/4.8.4/../../../../arm-none-eabi/lib/armv7e-m/fpu\libg_s.a(lib_a-errno.o)
 .text          0x00000000        0x0 c:/freescale/kds_v3/toolchain/bin/../lib/gcc/arm-none-eabi/4.8.4/../../../../arm-none-eabi/lib/armv7e-m/fpu\libg_s.a(lib_a-exit.o)
 .data          0x00000000        0x0 c:/freescale/kds_v3/toolchain/bin/../lib/gcc/arm-none-eabi/4.8.4/../../../../arm-none-eabi/lib/armv7e-m/fpu\libg_s.a(lib_a-exit.o)
 .bss           0x00000000        0x0 c:/freescale/kds_v3/toolchain/bin/../lib/gcc/arm-none-eabi/4.8.4/../../../../arm-none-eabi/lib/armv7e-m/fpu\libg_s.a(lib_a-exit.o)
 .text          0x00000000        0x0 c:/freescale/kds_v3/toolchain/bin/../lib/gcc/arm-none-eabi/4.8.4/../../../../arm-none-eabi/lib/armv7e-m/fpu\libg_s.a(lib_a-impure.o)
 .data          0x00000000        0x0 c:/freescale/kds_v3/toolchain/bin/../lib/gcc/arm-none-eabi/4.8.4/../../../../arm-none-eabi/lib/armv7e-m/fpu\libg_s.a(lib_a-impure.o)
 .bss           0x00000000        0x0 c:/freescale/kds_v3/toolchain/bin/../lib/gcc/arm-none-eabi/4.8.4/../../../../arm-none-eabi/lib/armv7e-m/fpu\libg_s.a(lib_a-impure.o)
 .data._impure_ptr
                0x00000000        0x4 c:/freescale/kds_v3/toolchain/bin/../lib/gcc/arm-none-eabi/4.8.4/../../../../arm-none-eabi/lib/armv7e-m/fpu\libg_s.a(lib_a-impure.o)
 .text          0x00000000        0x0 c:/freescale/kds_v3/toolchain/bin/../lib/gcc/arm-none-eabi/4.8.4/../../../../arm-none-eabi/lib/armv7e-m/fpu\libg_s.a(lib_a-init.o)
 .data          0x00000000        0x0 c:/freescale/kds_v3/toolchain/bin/../lib/gcc/arm-none-eabi/4.8.4/../../../../arm-none-eabi/lib/armv7e-m/fpu\libg_s.a(lib_a-init.o)
 .bss           0x00000000        0x0 c:/freescale/kds_v3/toolchain/bin/../lib/gcc/arm-none-eabi/4.8.4/../../../../arm-none-eabi/lib/armv7e-m/fpu\libg_s.a(lib_a-init.o)
 .text          0x00000000        0x0 c:/freescale/kds_v3/toolchain/bin/../lib/gcc/arm-none-eabi/4.8.4/../../../../arm-none-eabi/lib/armv7e-m/fpu\libg_s.a(lib_a-memset.o)
 .data          0x00000000        0x0 c:/freescale/kds_v3/toolchain/bin/../lib/gcc/arm-none-eabi/4.8.4/../../../../arm-none-eabi/lib/armv7e-m/fpu\libg_s.a(lib_a-memset.o)
 .bss           0x00000000        0x0 c:/freescale/kds_v3/toolchain/bin/../lib/gcc/arm-none-eabi/4.8.4/../../../../arm-none-eabi/lib/armv7e-m/fpu\libg_s.a(lib_a-memset.o)
 .text          0x00000000        0x0 c:/freescale/kds_v3/toolchain/bin/../lib/gcc/arm-none-eabi/4.8.4/../../../../arm-none-eabi/lib/armv7e-m/fpu\libnosys.a(_exit.o)
 .data          0x00000000        0x0 c:/freescale/kds_v3/toolchain/bin/../lib/gcc/arm-none-eabi/4.8.4/../../../../arm-none-eabi/lib/armv7e-m/fpu\libnosys.a(_exit.o)
 .bss           0x00000000        0x0 c:/freescale/kds_v3/toolchain/bin/../lib/gcc/arm-none-eabi/4.8.4/../../../../arm-none-eabi/lib/armv7e-m/fpu\libnosys.a(_exit.o)
 .text          0x00000000        0x0 c:/freescale/kds_v3/toolchain/bin/../lib/gcc/arm-none-eabi/4.8.4/armv7e-m/fpu/crtend.o
 .data          0x00000000        0x0 c:/freescale/kds_v3/toolchain/bin/../lib/gcc/arm-none-eabi/4.8.4/armv7e-m/fpu/crtend.o
 .bss           0x00000000        0x0 c:/freescale/kds_v3/toolchain/bin/../lib/gcc/arm-none-eabi/4.8.4/armv7e-m/fpu/crtend.o
 .eh_frame      0x00000000        0x4 c:/freescale/kds_v3/toolchain/bin/../lib/gcc/arm-none-eabi/4.8.4/armv7e-m/fpu/crtend.o
 .text          0x00000000        0x0 c:/freescale/kds_v3/toolchain/bin/../lib/gcc/arm-none-eabi/4.8.4/armv7e-m/fpu/crtn.o
 .data          0x00000000        0x0 c:/freescale/kds_v3/toolchain/bin/../lib/gcc/arm-none-eabi/4.8.4/armv7e-m/fpu/crtn.o
 .bss           0x00000000        0x0 c:/freescale/kds_v3/toolchain/bin/../lib/gcc/arm-none-eabi/4.8.4/armv7e-m/fpu/crtn.o

Memory Configuration

Name             Origin             Length             Attributes
m_interrupts     0x00000000         0x00000400         xr
m_flash_config   0x00000400         0x00000010         xr
m_text           0x00000410         0x000ffbf0         xr
m_data           0x1fff0000         0x00010000         rw
m_data_2         0x20000000         0x00030000         rw
*default*        0x00000000         0xffffffff

Linker script and memory map

LOAD c:/freescale/kds_v3/toolchain/bin/../lib/gcc/arm-none-eabi/4.8.4/armv7e-m/fpu/crti.o
LOAD c:/freescale/kds_v3/toolchain/bin/../lib/gcc/arm-none-eabi/4.8.4/armv7e-m/fpu/crtbegin.o
LOAD c:/freescale/kds_v3/toolchain/bin/../lib/gcc/arm-none-eabi/4.8.4/../../../../arm-none-eabi/lib/armv7e-m/fpu/crt0.o
LOAD ./utilities/fsl_debug_console.o
LOAD C:\Users\fabio\AppData\Local\Temp\ccGKmI0M.ltrans0.ltrans.o
LOAD C:\Users\fabio\AppData\Local\Temp\ccGKmI0M.ltrans1.ltrans.o
LOAD C:\Users\fabio\AppData\Local\Temp\ccGKmI0M.ltrans2.ltrans.o
LOAD C:\Users\fabio\AppData\Local\Temp\ccGKmI0M.ltrans3.ltrans.o
LOAD C:\Users\fabio\AppData\Local\Temp\ccGKmI0M.ltrans4.ltrans.o
LOAD c:/freescale/kds_v3/toolchain/bin/../lib/gcc/arm-none-eabi/4.8.4/armv7e-m/fpu\libgcc.a
LOAD c:/freescale/kds_v3/toolchain/bin/../lib/gcc/arm-none-eabi/4.8.4/../../../../arm-none-eabi/lib/armv7e-m/fpu\libg_s.a
LOAD c:/freescale/kds_v3/toolchain/bin/../lib/gcc/arm-none-eabi/4.8.4/../../../../arm-none-eabi/lib/armv7e-m/fpu\libc_s.a
LOAD c:/freescale/kds_v3/toolchain/bin/../lib/gcc/arm-none-eabi/4.8.4/armv7e-m/fpu\libgcc.a
LOAD c:/freescale/kds_v3/toolchain/bin/../lib/gcc/arm-none-eabi/4.8.4/../../../../arm-none-eabi/lib/armv7e-m/fpu\libc_s.a
LOAD c:/freescale/kds_v3/toolchain/bin/../lib/gcc/arm-none-eabi/4.8.4/../../../../arm-none-eabi/lib/armv7e-m/fpu\libnosys.a
LOAD c:/freescale/kds_v3/toolchain/bin/../lib/gcc/arm-none-eabi/4.8.4/armv7e-m/fpu\libgcc.a
LOAD c:/freescale/kds_v3/toolchain/bin/../lib/gcc/arm-none-eabi/4.8.4/../../../../arm-none-eabi/lib/armv7e-m/fpu\libc_s.a
LOAD c:/freescale/kds_v3/toolchain/bin/../lib/gcc/arm-none-eabi/4.8.4/../../../../arm-none-eabi/lib/armv7e-m/fpu\libnosys.a
LOAD ./utilities/fsl_notifier.o
LOAD ./utilities/fsl_sbrk.o
LOAD ./utilities/fsl_shell.o
LOAD ./startup/startup_MK64F12.o
LOAD ./startup/system_MK64F12.o
LOAD ./source/ad.o
LOAD ./source/console.o
LOAD ./source/i2c.o
LOAD ./source/keypad.o
LOAD ./source/lcd.o
LOAD ./source/main.o
LOAD ./source/rgb.o
LOAD ./source/so.o
LOAD ./source/ssd.o
LOAD ./source/timer.o
LOAD ./freertos/Source/portable/MemMang/heap_4.o
LOAD ./freertos/Source/portable/GCC/ARM_CM4F/fsl_tickless_lptmr.o
LOAD ./freertos/Source/portable/GCC/ARM_CM4F/fsl_tickless_systick.o
LOAD ./freertos/Source/portable/GCC/ARM_CM4F/port.o
LOAD ./freertos/Source/croutine.o
LOAD ./freertos/Source/event_groups.o
LOAD ./freertos/Source/list.o
LOAD ./freertos/Source/queue.o
LOAD ./freertos/Source/tasks.o
LOAD ./freertos/Source/timers.o
LOAD ./drivers/fsl_adc16.o
LOAD ./drivers/fsl_clock.o
LOAD ./drivers/fsl_cmp.o
LOAD ./drivers/fsl_cmt.o
LOAD ./drivers/fsl_common.o
LOAD ./drivers/fsl_crc.o
LOAD ./drivers/fsl_dac.o
LOAD ./drivers/fsl_dmamux.o
LOAD ./drivers/fsl_dspi.o
LOAD ./drivers/fsl_dspi_edma.o
LOAD ./drivers/fsl_dspi_freertos.o
LOAD ./drivers/fsl_edma.o
LOAD ./drivers/fsl_enet.o
LOAD ./drivers/fsl_ewm.o
LOAD ./drivers/fsl_flash.o
LOAD ./drivers/fsl_flexbus.o
LOAD ./drivers/fsl_flexcan.o
LOAD ./drivers/fsl_ftm.o
LOAD ./drivers/fsl_gpio.o
LOAD ./drivers/fsl_i2c.o
LOAD ./drivers/fsl_i2c_edma.o
LOAD ./drivers/fsl_i2c_freertos.o
LOAD ./drivers/fsl_llwu.o
LOAD ./drivers/fsl_lptmr.o
LOAD ./drivers/fsl_mpu.o
LOAD ./drivers/fsl_pdb.o
LOAD ./drivers/fsl_pit.o
LOAD ./drivers/fsl_pmc.o
LOAD ./drivers/fsl_rcm.o
LOAD ./drivers/fsl_rnga.o
LOAD ./drivers/fsl_rtc.o
LOAD ./drivers/fsl_sai.o
LOAD ./drivers/fsl_sai_edma.o
LOAD ./drivers/fsl_sdhc.o
LOAD ./drivers/fsl_sim.o
LOAD ./drivers/fsl_smc.o
LOAD ./drivers/fsl_uart.o
LOAD ./drivers/fsl_uart_edma.o
LOAD ./drivers/fsl_uart_freertos.o
LOAD ./drivers/fsl_vref.o
LOAD ./drivers/fsl_wdog.o
LOAD ./board/board.o
LOAD ./board/clock_config.o
LOAD ./board/pin_mux.o
LOAD c:/freescale/kds_v3/toolchain/bin/../lib/gcc/arm-none-eabi/4.8.4/../../../../arm-none-eabi/lib/armv7e-m/fpu\libstdc++_s.a
LOAD c:/freescale/kds_v3/toolchain/bin/../lib/gcc/arm-none-eabi/4.8.4/../../../../arm-none-eabi/lib/armv7e-m/fpu\libm.a
START GROUP
LOAD c:/freescale/kds_v3/toolchain/bin/../lib/gcc/arm-none-eabi/4.8.4/armv7e-m/fpu\libgcc.a
LOAD c:/freescale/kds_v3/toolchain/bin/../lib/gcc/arm-none-eabi/4.8.4/../../../../arm-none-eabi/lib/armv7e-m/fpu\libg_s.a
LOAD c:/freescale/kds_v3/toolchain/bin/../lib/gcc/arm-none-eabi/4.8.4/../../../../arm-none-eabi/lib/armv7e-m/fpu\libc_s.a
END GROUP
START GROUP
LOAD c:/freescale/kds_v3/toolchain/bin/../lib/gcc/arm-none-eabi/4.8.4/armv7e-m/fpu\libgcc.a
LOAD c:/freescale/kds_v3/toolchain/bin/../lib/gcc/arm-none-eabi/4.8.4/../../../../arm-none-eabi/lib/armv7e-m/fpu\libc_s.a
LOAD c:/freescale/kds_v3/toolchain/bin/../lib/gcc/arm-none-eabi/4.8.4/../../../../arm-none-eabi/lib/armv7e-m/fpu\libnosys.a
END GROUP
START GROUP
LOAD c:/freescale/kds_v3/toolchain/bin/../lib/gcc/arm-none-eabi/4.8.4/armv7e-m/fpu\libgcc.a
LOAD c:/freescale/kds_v3/toolchain/bin/../lib/gcc/arm-none-eabi/4.8.4/../../../../arm-none-eabi/lib/armv7e-m/fpu\libc_s.a
LOAD c:/freescale/kds_v3/toolchain/bin/../lib/gcc/arm-none-eabi/4.8.4/../../../../arm-none-eabi/lib/armv7e-m/fpu\libnosys.a
END GROUP
LOAD c:/freescale/kds_v3/toolchain/bin/../lib/gcc/arm-none-eabi/4.8.4/armv7e-m/fpu/crtend.o
LOAD c:/freescale/kds_v3/toolchain/bin/../lib/gcc/arm-none-eabi/4.8.4/armv7e-m/fpu/crtn.o
                0x00000400                HEAP_SIZE = DEFINED (__heap_size__)?__heap_size__:0x400
                0x00000400                STACK_SIZE = DEFINED (__stack_size__)?__stack_size__:0x400
                0x00000000                M_VECTOR_RAM_SIZE = DEFINED (__ram_vector_table__)?0x400:0x0

.interrupts     0x00000000      0x400
                0x00000000                __VECTOR_TABLE = .
                0x00000000                . = ALIGN (0x4)
 *(.isr_vector)
 .isr_vector    0x00000000      0x400 ./startup/startup_MK64F12.o
                0x00000000                __isr_vector
                0x00000400                . = ALIGN (0x4)

.flash_config   0x00000400       0x10
                0x00000400                . = ALIGN (0x4)
 *(.FlashConfig)
 .FlashConfig   0x00000400       0x10 ./startup/startup_MK64F12.o
                0x00000410                . = ALIGN (0x4)

.text           0x00000410     0x2bec
                0x00000410                . = ALIGN (0x4)
 *(.text)
 .text          0x00000410       0x54 c:/freescale/kds_v3/toolchain/bin/../lib/gcc/arm-none-eabi/4.8.4/armv7e-m/fpu/crtbegin.o
 .text          0x00000464       0x74 c:/freescale/kds_v3/toolchain/bin/../lib/gcc/arm-none-eabi/4.8.4/../../../../arm-none-eabi/lib/armv7e-m/fpu/crt0.o
                0x00000464                _start
                0x00000464                _mainCRTStartup
 .text          0x000004d8      0x1e4 ./startup/startup_MK64F12.o
                0x000004d8                Reset_Handler
                0x0000051c                DebugMon_Handler
                0x0000051c                PORTC_IRQHandler
                0x0000051c                USB0_IRQHandler
                0x0000051c                DMA_Error_DriverIRQHandler
                0x0000051c                CMP0_IRQHandler
                0x0000051c                Read_Collision_IRQHandler
                0x0000051c                ENET_Transmit_DriverIRQHandler
                0x0000051c                UART1_ERR_DriverIRQHandler
                0x0000051c                BusFault_Handler
                0x0000051c                LPTMR0_IRQHandler
                0x0000051c                PIT0_IRQHandler
                0x0000051c                FTM2_IRQHandler
                0x0000051c                CMP2_IRQHandler
                0x0000051c                LLWU_IRQHandler
                0x0000051c                PORTE_IRQHandler
                0x0000051c                FTM3_IRQHandler
                0x0000051c                ENET_1588_Timer_DriverIRQHandler
                0x0000051c                SWI_IRQHandler
                0x0000051c                ADC0_IRQHandler
                0x0000051c                UsageFault_Handler
                0x0000051c                MCM_IRQHandler
                0x0000051c                CMT_IRQHandler
                0x0000051c                DAC1_IRQHandler
                0x0000051c                PORTA_IRQHandler
                0x0000051c                DefaultISR
                0x0000051c                FTM0_IRQHandler
                0x0000051c                UART5_ERR_DriverIRQHandler
                0x0000051c                LVD_LVW_IRQHandler
                0x0000051c                CMP1_IRQHandler
                0x0000051c                Reserved71_IRQHandler
                0x0000051c                PORTD_IRQHandler
                0x0000051c                PORTB_IRQHandler
                0x0000051c                PIT1_IRQHandler
                0x0000051c                UART2_ERR_DriverIRQHandler
                0x0000051c                ADC1_IRQHandler
                0x0000051c                ENET_Error_DriverIRQHandler
                0x0000051c                PIT2_IRQHandler
                0x0000051c                DAC0_IRQHandler
                0x0000051c                ENET_Receive_DriverIRQHandler
                0x0000051c                RTC_IRQHandler
                0x0000051c                UART3_ERR_DriverIRQHandler
                0x0000051c                PDB0_IRQHandler
                0x0000051c                FTFE_IRQHandler
                0x0000051c                FTM1_IRQHandler
                0x0000051c                UART4_ERR_DriverIRQHandler
                0x0000051c                RNG_IRQHandler
                0x0000051c                PIT3_IRQHandler
                0x0000051c                UART0_LON_DriverIRQHandler
                0x0000051c                RTC_Seconds_IRQHandler
                0x0000051c                MCG_IRQHandler
                0x0000051c                WDOG_EWM_IRQHandler
                0x0000051c                UART0_ERR_DriverIRQHandler
                0x0000051c                MemManage_Handler
                0x0000051c                USBDCD_IRQHandler
                0x00000520                NMI_Handler
                0x00000524                HardFault_Handler
                0x00000534                DMA0_IRQHandler
                0x00000538                DMA1_IRQHandler
                0x0000053c                DMA2_IRQHandler
                0x00000540                DMA3_IRQHandler
                0x00000544                DMA4_IRQHandler
                0x00000548                DMA5_IRQHandler
                0x0000054c                DMA6_IRQHandler
                0x00000550                DMA7_IRQHandler
                0x00000554                DMA8_IRQHandler
                0x00000558                DMA9_IRQHandler
                0x0000055c                DMA10_IRQHandler
                0x00000560                DMA11_IRQHandler
                0x00000564                DMA12_IRQHandler
                0x00000568                DMA13_IRQHandler
                0x0000056c                DMA14_IRQHandler
                0x00000570                DMA15_IRQHandler
                0x00000574                DMA_Error_IRQHandler
                0x00000578                I2C0_IRQHandler
                0x0000057c                I2C1_IRQHandler
                0x00000580                SPI0_IRQHandler
                0x00000584                SPI1_IRQHandler
                0x00000588                I2S0_Tx_IRQHandler
                0x0000058c                I2S0_Rx_IRQHandler
                0x00000590                UART0_LON_IRQHandler
                0x00000594                UART0_RX_TX_IRQHandler
                0x00000598                UART0_ERR_IRQHandler
                0x0000059c                UART1_RX_TX_IRQHandler
                0x000005a0                UART1_ERR_IRQHandler
                0x000005a4                UART2_RX_TX_IRQHandler
                0x000005a8                UART2_ERR_IRQHandler
                0x000005ac                UART3_RX_TX_IRQHandler
                0x000005b0                UART3_ERR_IRQHandler
                0x000005b4                SPI2_IRQHandler
                0x000005b8                UART4_RX_TX_IRQHandler
                0x000005bc                UART4_ERR_IRQHandler
                0x000005c0                UART5_RX_TX_IRQHandler
                0x000005c4                UART5_ERR_IRQHandler
                0x000005c8                I2C2_IRQHandler
                0x000005cc                CAN0_ORed_Message_buffer_IRQHandler
                0x000005d0                CAN0_Bus_Off_IRQHandler
                0x000005d4                CAN0_Error_IRQHandler
                0x000005d8                CAN0_Tx_Warning_IRQHandler
                0x000005dc                CAN0_Rx_Warning_IRQHandler
                0x000005e0                CAN0_Wake_Up_IRQHandler
                0x000005e4                SDHC_IRQHandler
                0x000005e8                ENET_1588_Timer_IRQHandler
 *(.text*)
 .text.prvTaskExitError.5060
                0x000006bc       0x30 C:\Users\fabio\AppData\Local\Temp\ccGKmI0M.ltrans0.ltrans.o
                0x000006bc                prvTaskExitError.5060
 .text.UART_WriteBlocking
                0x000006ec       0x16 C:\Users\fabio\AppData\Local\Temp\ccGKmI0M.ltrans0.ltrans.o
                0x000006ec                UART_WriteBlocking
 *fill*         0x00000702        0x2 
 .text.unlikely.prvResetNextTaskUnblockTime.5594.4423
                0x00000704       0x24 C:\Users\fabio\AppData\Local\Temp\ccGKmI0M.ltrans0.ltrans.o
 .text.vListInsert.4430
                0x00000728       0x30 C:\Users\fabio\AppData\Local\Temp\ccGKmI0M.ltrans0.ltrans.o
 .text.unlikely.prvInsertBlockIntoFreeList.5013.4451
                0x00000758       0x48 C:\Users\fabio\AppData\Local\Temp\ccGKmI0M.ltrans0.ltrans.o
 .text.DbgConsole_Putchar
                0x000007a0       0x24 C:\Users\fabio\AppData\Local\Temp\ccGKmI0M.ltrans0.ltrans.o
                0x000007a0                DbgConsole_Putchar
 .text.I2C_TransferCommonIRQHandler.10487
                0x000007c4       0x30 C:\Users\fabio\AppData\Local\Temp\ccGKmI0M.ltrans0.ltrans.o
                0x000007c4                I2C_TransferCommonIRQHandler.10487
 .text.prvInsertTimerInActiveList.5954
                0x000007f4       0x3c C:\Users\fabio\AppData\Local\Temp\ccGKmI0M.ltrans0.ltrans.o
                0x000007f4                prvInsertTimerInActiveList.5954
 .text.xTaskGetSchedulerState
                0x00000830       0x20 C:\Users\fabio\AppData\Local\Temp\ccGKmI0M.ltrans0.ltrans.o
                0x00000830                xTaskGetSchedulerState
 .text.vTaskSetTimeOutState
                0x00000850       0x2c C:\Users\fabio\AppData\Local\Temp\ccGKmI0M.ltrans0.ltrans.o
                0x00000850                vTaskSetTimeOutState
 .text.vTaskSuspendAll
                0x0000087c       0x10 C:\Users\fabio\AppData\Local\Temp\ccGKmI0M.ltrans0.ltrans.o
                0x0000087c                vTaskSuspendAll
 .text.uxListRemove
                0x0000088c       0x20 C:\Users\fabio\AppData\Local\Temp\ccGKmI0M.ltrans0.ltrans.o
                0x0000088c                uxListRemove
 .text.vListInsertEnd
                0x000008ac       0x18 C:\Users\fabio\AppData\Local\Temp\ccGKmI0M.ltrans0.ltrans.o
                0x000008ac                vListInsertEnd
 .text.unlikely.prvCopyDataToQueue.5324.constprop.5.4214
                0x000008c4       0xdc C:\Users\fabio\AppData\Local\Temp\ccGKmI0M.ltrans0.ltrans.o
 .text.xTaskRemoveFromEventList
                0x000009a0       0x80 C:\Users\fabio\AppData\Local\Temp\ccGKmI0M.ltrans0.ltrans.o
                0x000009a0                xTaskRemoveFromEventList
 .text.xTaskIncrementTick
                0x00000a20      0x118 C:\Users\fabio\AppData\Local\Temp\ccGKmI0M.ltrans0.ltrans.o
                0x00000a20                xTaskIncrementTick
 .text.prvAddCurrentTaskToDelayedList.5608
                0x00000b38       0x90 C:\Users\fabio\AppData\Local\Temp\ccGKmI0M.ltrans0.ltrans.o
                0x00000b38                prvAddCurrentTaskToDelayedList.5608
 .text.vTaskPlaceOnEventList
                0x00000bc8       0x34 C:\Users\fabio\AppData\Local\Temp\ccGKmI0M.ltrans0.ltrans.o
                0x00000bc8                vTaskPlaceOnEventList
 .text.vListInitialise
                0x00000bfc       0x16 C:\Users\fabio\AppData\Local\Temp\ccGKmI0M.ltrans0.ltrans.o
                0x00000bfc                vListInitialise
 *fill*         0x00000c12        0x2 
 .text.vPortExitCritical
                0x00000c14       0x28 C:\Users\fabio\AppData\Local\Temp\ccGKmI0M.ltrans0.ltrans.o
                0x00000c14                vPortExitCritical
 .text.vPortEnterCritical
                0x00000c3c       0x44 C:\Users\fabio\AppData\Local\Temp\ccGKmI0M.ltrans0.ltrans.o
                0x00000c3c                vPortEnterCritical
 .text.prvUnlockQueue.5333
                0x00000c80       0x70 C:\Users\fabio\AppData\Local\Temp\ccGKmI0M.ltrans0.ltrans.o
                0x00000c80                prvUnlockQueue.5333
 .text.xTaskCheckForTimeOut
                0x00000cf0       0x74 C:\Users\fabio\AppData\Local\Temp\ccGKmI0M.ltrans0.ltrans.o
                0x00000cf0                xTaskCheckForTimeOut
 .text.xTaskResumeAll
                0x00000d64       0xe4 C:\Users\fabio\AppData\Local\Temp\ccGKmI0M.ltrans0.ltrans.o
                0x00000d64                xTaskResumeAll
 .text.xQueueGenericSend.constprop.3.4082
                0x00000e48      0x13c C:\Users\fabio\AppData\Local\Temp\ccGKmI0M.ltrans0.ltrans.o
 .text.xTimerGenericCommand.constprop.0
                0x00000f84       0x3c C:\Users\fabio\AppData\Local\Temp\ccGKmI0M.ltrans0.ltrans.o
                0x00000f84                xTimerGenericCommand.constprop.0
 .text.prvSwitchTimerLists.5986
                0x00000fc0       0x6c C:\Users\fabio\AppData\Local\Temp\ccGKmI0M.ltrans0.ltrans.o
                0x00000fc0                prvSwitchTimerLists.5986
 .text.vTaskDelay
                0x0000102c       0x50 C:\Users\fabio\AppData\Local\Temp\ccGKmI0M.ltrans0.ltrans.o
                0x0000102c                vTaskDelay
 .text.pvPortMalloc
                0x0000107c      0x12c C:\Users\fabio\AppData\Local\Temp\ccGKmI0M.ltrans0.ltrans.o
                0x0000107c                pvPortMalloc
 .text.vPortFree
                0x000011a8       0x70 C:\Users\fabio\AppData\Local\Temp\ccGKmI0M.ltrans0.ltrans.o
                0x000011a8                vPortFree
 .text.xTaskCreate.constprop.17
                0x00001218      0x1c0 C:\Users\fabio\AppData\Local\Temp\ccGKmI0M.ltrans0.ltrans.o
                0x00001218                xTaskCreate.constprop.17
 .text.prvIdleTask.5571
                0x000013d8       0x74 C:\Users\fabio\AppData\Local\Temp\ccGKmI0M.ltrans0.ltrans.o
                0x000013d8                prvIdleTask.5571
 .text.unlikely.vPortEnableVFP.5065
                0x0000144c       0x14 C:\Users\fabio\AppData\Local\Temp\ccGKmI0M.ltrans0.ltrans.o
                0x0000144c                vPortEnableVFP.5065
 .text.unlikely.prvPortStartFirstTask.5063
                0x00001460       0x20 C:\Users\fabio\AppData\Local\Temp\ccGKmI0M.ltrans0.ltrans.o
                0x00001460                prvPortStartFirstTask.5063
 .text.soWrite  0x00001480       0x40 C:\Users\fabio\AppData\Local\Temp\ccGKmI0M.ltrans0.ltrans.o
                0x00001480                soWrite
 .text.pushByte.4029
                0x000014c0       0x2c C:\Users\fabio\AppData\Local\Temp\ccGKmI0M.ltrans0.ltrans.o
 .text.lcdNumber
                0x000014ec       0x30 C:\Users\fabio\AppData\Local\Temp\ccGKmI0M.ltrans0.ltrans.o
                0x000014ec                lcdNumber
 .text.lcdString
                0x0000151c       0x16 C:\Users\fabio\AppData\Local\Temp\ccGKmI0M.ltrans0.ltrans.o
                0x0000151c                lcdString
 .text.lcdCommand
                0x00001532        0x6 C:\Users\fabio\AppData\Local\Temp\ccGKmI0M.ltrans0.ltrans.o
                0x00001532                lcdCommand
 .text.ssd_task.4710
                0x00001538       0xa8 C:\Users\fabio\AppData\Local\Temp\ccGKmI0M.ltrans0.ltrans.o
                0x00001538                ssd_task.4710
 .text.startup.main
                0x000015e0      0x804 C:\Users\fabio\AppData\Local\Temp\ccGKmI0M.ltrans1.ltrans.o
                0x000015e0                main
 .text.prvTimerTask.5935
                0x00001de4      0x418 C:\Users\fabio\AppData\Local\Temp\ccGKmI0M.ltrans2.ltrans.o
                0x00001de4                prvTimerTask.5935
 .text.lcd_task.4716
                0x000021fc       0x3c C:\Users\fabio\AppData\Local\Temp\ccGKmI0M.ltrans2.ltrans.o
                0x000021fc                lcd_task.4716
 .text.DbgConsole_Printf
                0x00002238      0x278 C:\Users\fabio\AppData\Local\Temp\ccGKmI0M.ltrans2.ltrans.o
                0x00002238                DbgConsole_Printf
 .text.SystemInit
                0x000024b0       0x2c C:\Users\fabio\AppData\Local\Temp\ccGKmI0M.ltrans3.ltrans.o
                0x000024b0                SystemInit
 .text.unlikely.__assert_func
                0x000024dc       0x1c C:\Users\fabio\AppData\Local\Temp\ccGKmI0M.ltrans3.ltrans.o
                0x000024dc                __assert_func
 .text.ADC16_SetChannelConfig.constprop.26.4075
                0x000024f8       0x38 C:\Users\fabio\AppData\Local\Temp\ccGKmI0M.ltrans3.ltrans.o
 .text.UART_ReadBlocking
                0x00002530       0x74 C:\Users\fabio\AppData\Local\Temp\ccGKmI0M.ltrans3.ltrans.o
                0x00002530                UART_ReadBlocking
 .text.EDMA_HandleIRQ
                0x000025a4       0x9c C:\Users\fabio\AppData\Local\Temp\ccGKmI0M.ltrans3.ltrans.o
                0x000025a4                EDMA_HandleIRQ
 .text.CLOCK_GetMcgExtClkFreq.6297
                0x00002640       0x54 C:\Users\fabio\AppData\Local\Temp\ccGKmI0M.ltrans3.ltrans.o
                0x00002640                CLOCK_GetMcgExtClkFreq.6297
 .text.ADC16_Init
                0x00002694       0xe0 C:\Users\fabio\AppData\Local\Temp\ccGKmI0M.ltrans3.ltrans.o
                0x00002694                ADC16_Init
 .text.ad_task.4713
                0x00002774       0x98 C:\Users\fabio\AppData\Local\Temp\ccGKmI0M.ltrans3.ltrans.o
                0x00002774                ad_task.4713
 .text.ADC16_DoAutoCalibration
                0x0000280c       0xb6 C:\Users\fabio\AppData\Local\Temp\ccGKmI0M.ltrans3.ltrans.o
                0x0000280c                ADC16_DoAutoCalibration
 *fill*         0x000028c2        0x2 
 .text.UART5_RX_TX_DriverIRQHandler
                0x000028c4       0x18 C:\Users\fabio\AppData\Local\Temp\ccGKmI0M.ltrans4.ltrans.o
                0x000028c4                UART5_RX_TX_DriverIRQHandler
 .text.UART4_RX_TX_DriverIRQHandler
                0x000028dc       0x18 C:\Users\fabio\AppData\Local\Temp\ccGKmI0M.ltrans4.ltrans.o
                0x000028dc                UART4_RX_TX_DriverIRQHandler
 .text.UART3_RX_TX_DriverIRQHandler
                0x000028f4       0x18 C:\Users\fabio\AppData\Local\Temp\ccGKmI0M.ltrans4.ltrans.o
                0x000028f4                UART3_RX_TX_DriverIRQHandler
 .text.UART2_RX_TX_DriverIRQHandler
                0x0000290c       0x18 C:\Users\fabio\AppData\Local\Temp\ccGKmI0M.ltrans4.ltrans.o
                0x0000290c                UART2_RX_TX_DriverIRQHandler
 .text.UART1_RX_TX_DriverIRQHandler
                0x00002924       0x18 C:\Users\fabio\AppData\Local\Temp\ccGKmI0M.ltrans4.ltrans.o
                0x00002924                UART1_RX_TX_DriverIRQHandler
 .text.UART0_RX_TX_DriverIRQHandler
                0x0000293c       0x18 C:\Users\fabio\AppData\Local\Temp\ccGKmI0M.ltrans4.ltrans.o
                0x0000293c                UART0_RX_TX_DriverIRQHandler
 .text.SDHC_DriverIRQHandler
                0x00002954       0x1c C:\Users\fabio\AppData\Local\Temp\ccGKmI0M.ltrans4.ltrans.o
                0x00002954                SDHC_DriverIRQHandler
 .text.I2S0_Rx_DriverIRQHandler
                0x00002970       0x1c C:\Users\fabio\AppData\Local\Temp\ccGKmI0M.ltrans4.ltrans.o
                0x00002970                I2S0_Rx_DriverIRQHandler
 .text.I2S0_Tx_DriverIRQHandler
                0x0000298c       0x1c C:\Users\fabio\AppData\Local\Temp\ccGKmI0M.ltrans4.ltrans.o
                0x0000298c                I2S0_Tx_DriverIRQHandler
 .text.I2C2_DriverIRQHandler
                0x000029a8        0xc C:\Users\fabio\AppData\Local\Temp\ccGKmI0M.ltrans4.ltrans.o
                0x000029a8                I2C2_DriverIRQHandler
 .text.I2C1_DriverIRQHandler
                0x000029b4        0xc C:\Users\fabio\AppData\Local\Temp\ccGKmI0M.ltrans4.ltrans.o
                0x000029b4                I2C1_DriverIRQHandler
 .text.I2C0_DriverIRQHandler
                0x000029c0        0xc C:\Users\fabio\AppData\Local\Temp\ccGKmI0M.ltrans4.ltrans.o
                0x000029c0                I2C0_DriverIRQHandler
 .text.CAN0_DriverIRQHandler
                0x000029cc       0x1c C:\Users\fabio\AppData\Local\Temp\ccGKmI0M.ltrans4.ltrans.o
                0x000029cc                CAN0_DriverIRQHandler
 .text.ENET_Error_IRQHandler
                0x000029e8       0x18 C:\Users\fabio\AppData\Local\Temp\ccGKmI0M.ltrans4.ltrans.o
                0x000029e8                ENET_Error_IRQHandler
 .text.ENET_Receive_IRQHandler
                0x00002a00       0x18 C:\Users\fabio\AppData\Local\Temp\ccGKmI0M.ltrans4.ltrans.o
                0x00002a00                ENET_Receive_IRQHandler
 .text.ENET_Transmit_IRQHandler
                0x00002a18       0x18 C:\Users\fabio\AppData\Local\Temp\ccGKmI0M.ltrans4.ltrans.o
                0x00002a18                ENET_Transmit_IRQHandler
 .text.DMA15_DriverIRQHandler
                0x00002a30        0x6 C:\Users\fabio\AppData\Local\Temp\ccGKmI0M.ltrans4.ltrans.o
                0x00002a30                DMA15_DriverIRQHandler
 .text.DMA14_DriverIRQHandler
                0x00002a36        0x6 C:\Users\fabio\AppData\Local\Temp\ccGKmI0M.ltrans4.ltrans.o
                0x00002a36                DMA14_DriverIRQHandler
 .text.DMA13_DriverIRQHandler
                0x00002a3c        0x6 C:\Users\fabio\AppData\Local\Temp\ccGKmI0M.ltrans4.ltrans.o
                0x00002a3c                DMA13_DriverIRQHandler
 .text.DMA12_DriverIRQHandler
                0x00002a42        0x6 C:\Users\fabio\AppData\Local\Temp\ccGKmI0M.ltrans4.ltrans.o
                0x00002a42                DMA12_DriverIRQHandler
 .text.DMA11_DriverIRQHandler
                0x00002a48        0x6 C:\Users\fabio\AppData\Local\Temp\ccGKmI0M.ltrans4.ltrans.o
                0x00002a48                DMA11_DriverIRQHandler
 .text.DMA10_DriverIRQHandler
                0x00002a4e        0x6 C:\Users\fabio\AppData\Local\Temp\ccGKmI0M.ltrans4.ltrans.o
                0x00002a4e                DMA10_DriverIRQHandler
 .text.DMA9_DriverIRQHandler
                0x00002a54        0x6 C:\Users\fabio\AppData\Local\Temp\ccGKmI0M.ltrans4.ltrans.o
                0x00002a54                DMA9_DriverIRQHandler
 .text.DMA8_DriverIRQHandler
                0x00002a5a        0x6 C:\Users\fabio\AppData\Local\Temp\ccGKmI0M.ltrans4.ltrans.o
                0x00002a5a                DMA8_DriverIRQHandler
 .text.DMA7_DriverIRQHandler
                0x00002a60        0x6 C:\Users\fabio\AppData\Local\Temp\ccGKmI0M.ltrans4.ltrans.o
                0x00002a60                DMA7_DriverIRQHandler
 .text.DMA6_DriverIRQHandler
                0x00002a66        0x6 C:\Users\fabio\AppData\Local\Temp\ccGKmI0M.ltrans4.ltrans.o
                0x00002a66                DMA6_DriverIRQHandler
 .text.DMA5_DriverIRQHandler
                0x00002a6c        0x6 C:\Users\fabio\AppData\Local\Temp\ccGKmI0M.ltrans4.ltrans.o
                0x00002a6c                DMA5_DriverIRQHandler
 .text.DMA4_DriverIRQHandler
                0x00002a72        0x6 C:\Users\fabio\AppData\Local\Temp\ccGKmI0M.ltrans4.ltrans.o
                0x00002a72                DMA4_DriverIRQHandler
 .text.DMA3_DriverIRQHandler
                0x00002a78        0x6 C:\Users\fabio\AppData\Local\Temp\ccGKmI0M.ltrans4.ltrans.o
                0x00002a78                DMA3_DriverIRQHandler
 .text.DMA2_DriverIRQHandler
                0x00002a7e        0x6 C:\Users\fabio\AppData\Local\Temp\ccGKmI0M.ltrans4.ltrans.o
                0x00002a7e                DMA2_DriverIRQHandler
 .text.DMA1_DriverIRQHandler
                0x00002a84        0x6 C:\Users\fabio\AppData\Local\Temp\ccGKmI0M.ltrans4.ltrans.o
                0x00002a84                DMA1_DriverIRQHandler
 .text.DMA0_DriverIRQHandler
                0x00002a8a        0x6 C:\Users\fabio\AppData\Local\Temp\ccGKmI0M.ltrans4.ltrans.o
                0x00002a8a                DMA0_DriverIRQHandler
 .text.SPI2_DriverIRQHandler
                0x00002a90       0x1c C:\Users\fabio\AppData\Local\Temp\ccGKmI0M.ltrans4.ltrans.o
                0x00002a90                SPI2_DriverIRQHandler
 .text.SPI1_DriverIRQHandler
                0x00002aac       0x1c C:\Users\fabio\AppData\Local\Temp\ccGKmI0M.ltrans4.ltrans.o
                0x00002aac                SPI1_DriverIRQHandler
 .text.SPI0_DriverIRQHandler
                0x00002ac8       0x1c C:\Users\fabio\AppData\Local\Temp\ccGKmI0M.ltrans4.ltrans.o
                0x00002ac8                SPI0_DriverIRQHandler
 .text.SysTick_Handler
                0x00002ae4       0x2c C:\Users\fabio\AppData\Local\Temp\ccGKmI0M.ltrans4.ltrans.o
                0x00002ae4                SysTick_Handler
 .text.PendSV_Handler
                0x00002b10       0x70 C:\Users\fabio\AppData\Local\Temp\ccGKmI0M.ltrans4.ltrans.o
                0x00002b10                PendSV_Handler
 .text.SVC_Handler
                0x00002b80       0x30 C:\Users\fabio\AppData\Local\Temp\ccGKmI0M.ltrans4.ltrans.o
                0x00002b80                SVC_Handler
 .text.memcpy   0x00002bb0       0x12 c:/freescale/kds_v3/toolchain/bin/../lib/gcc/arm-none-eabi/4.8.4/../../../../arm-none-eabi/lib/armv7e-m/fpu\libg_s.a(lib_a-memcpy-stub.o)
                0x00002bb0                memcpy
 .text.strlen   0x00002bc2       0x10 c:/freescale/kds_v3/toolchain/bin/../lib/gcc/arm-none-eabi/4.8.4/../../../../arm-none-eabi/lib/armv7e-m/fpu\libg_s.a(lib_a-strlen.o)
                0x00002bc2                strlen
 *fill*         0x00002bd2        0x2 
 .text.exit     0x00002bd4       0x28 c:/freescale/kds_v3/toolchain/bin/../lib/gcc/arm-none-eabi/4.8.4/../../../../arm-none-eabi/lib/armv7e-m/fpu\libg_s.a(lib_a-exit.o)
                0x00002bd4                exit
 .text.__libc_init_array
                0x00002bfc       0x4c c:/freescale/kds_v3/toolchain/bin/../lib/gcc/arm-none-eabi/4.8.4/../../../../arm-none-eabi/lib/armv7e-m/fpu\libg_s.a(lib_a-init.o)
                0x00002bfc                __libc_init_array
 .text.memset   0x00002c48       0x10 c:/freescale/kds_v3/toolchain/bin/../lib/gcc/arm-none-eabi/4.8.4/../../../../arm-none-eabi/lib/armv7e-m/fpu\libg_s.a(lib_a-memset.o)
                0x00002c48                memset
 .text._exit    0x00002c58        0x4 c:/freescale/kds_v3/toolchain/bin/../lib/gcc/arm-none-eabi/4.8.4/../../../../arm-none-eabi/lib/armv7e-m/fpu\libnosys.a(_exit.o)
                0x00002c58                _exit
 *(.rodata)
 *(.rodata*)
 .rodata.__func__.6673.6519.4588
                0x00002c5c       0x12 C:\Users\fabio\AppData\Local\Temp\ccGKmI0M.ltrans1.ltrans.o
 .rodata.str1.1
                0x00002c6e       0x46 C:\Users\fabio\AppData\Local\Temp\ccGKmI0M.ltrans1.ltrans.o
                                 0x47 (size before relaxing)
 .rodata.fllFactorTable.6658.6527.4587
                0x00002cb4       0x10 C:\Users\fabio\AppData\Local\Temp\ccGKmI0M.ltrans1.ltrans.o
 .rodata.str1.1
                0x00002cc4       0x17 C:\Users\fabio\AppData\Local\Temp\ccGKmI0M.ltrans2.ltrans.o
 .rodata.__func__.6694.6232.4308
                0x00002cdb       0x17 C:\Users\fabio\AppData\Local\Temp\ccGKmI0M.ltrans3.ltrans.o
 *fill*         0x00002cf2        0x2 
 .rodata.s_adc16Clocks.6236.4314
                0x00002cf4        0x8 C:\Users\fabio\AppData\Local\Temp\ccGKmI0M.ltrans3.ltrans.o
 .rodata.__func__.6643.6234.4313
                0x00002cfc        0xb C:\Users\fabio\AppData\Local\Temp\ccGKmI0M.ltrans3.ltrans.o
 .rodata.str1.1
                0x00002d07      0x11b C:\Users\fabio\AppData\Local\Temp\ccGKmI0M.ltrans3.ltrans.o
                                0x132 (size before relaxing)
 .rodata.__func__.6823.13207.4309
                0x00002e22       0x12 C:\Users\fabio\AppData\Local\Temp\ccGKmI0M.ltrans3.ltrans.o
 .rodata.__func__.6638.6230.4317
                0x00002e34       0x12 C:\Users\fabio\AppData\Local\Temp\ccGKmI0M.ltrans3.ltrans.o
 .rodata.__func__.6530.6516.4312
                0x00002e46       0x17 C:\Users\fabio\AppData\Local\Temp\ccGKmI0M.ltrans3.ltrans.o
 .rodata.__func__.7008.8684.4310
                0x00002e5d        0xf C:\Users\fabio\AppData\Local\Temp\ccGKmI0M.ltrans3.ltrans.o
 .rodata.__func__.7057.12014.4499
                0x00002e6c       0x19 C:\Users\fabio\AppData\Local\Temp\ccGKmI0M.ltrans4.ltrans.o
 .rodata.__func__.7204.7666.4723
                0x00002e85       0x16 C:\Users\fabio\AppData\Local\Temp\ccGKmI0M.ltrans4.ltrans.o
 .rodata.str1.1
                0x00002e9b       0xd1 C:\Users\fabio\AppData\Local\Temp\ccGKmI0M.ltrans4.ltrans.o
 .rodata.__func__.7200.7665.4724
                0x00002f6c       0x16 C:\Users\fabio\AppData\Local\Temp\ccGKmI0M.ltrans4.ltrans.o
 .rodata.__func__.7061.12015.4496
                0x00002f82       0x19 C:\Users\fabio\AppData\Local\Temp\ccGKmI0M.ltrans4.ltrans.o
 .rodata.__func__.7245.12711.4445
                0x00002f9b       0x16 C:\Users\fabio\AppData\Local\Temp\ccGKmI0M.ltrans4.ltrans.o
 .rodata.__func__.7073.10020.4575
                0x00002fb1       0x16 C:\Users\fabio\AppData\Local\Temp\ccGKmI0M.ltrans4.ltrans.o
 .rodata.__func__.7196.7664.4725
                0x00002fc7       0x16 C:\Users\fabio\AppData\Local\Temp\ccGKmI0M.ltrans4.ltrans.o
 .rodata.str1.1
                0x00002fdd        0x2 c:/freescale/kds_v3/toolchain/bin/../lib/gcc/arm-none-eabi/4.8.4/../../../../arm-none-eabi/lib/armv7e-m/fpu\libg_s.a(lib_a-impure.o)
 *fill*         0x00002fdf        0x1 
 .rodata._global_impure_ptr
                0x00002fe0        0x4 c:/freescale/kds_v3/toolchain/bin/../lib/gcc/arm-none-eabi/4.8.4/../../../../arm-none-eabi/lib/armv7e-m/fpu\libg_s.a(lib_a-impure.o)
                0x00002fe0                _global_impure_ptr
 *(.glue_7)
 .glue_7        0x00000000        0x0 linker stubs
 *(.glue_7t)
 .glue_7t       0x00000000        0x0 linker stubs
 *(.eh_frame)
 .eh_frame      0x00002fe4        0x0 c:/freescale/kds_v3/toolchain/bin/../lib/gcc/arm-none-eabi/4.8.4/armv7e-m/fpu/crtbegin.o
 *(.init)
 .init          0x00002fe4        0x4 c:/freescale/kds_v3/toolchain/bin/../lib/gcc/arm-none-eabi/4.8.4/armv7e-m/fpu/crti.o
                0x00002fe4                _init
 .init          0x00002fe8        0x8 c:/freescale/kds_v3/toolchain/bin/../lib/gcc/arm-none-eabi/4.8.4/armv7e-m/fpu/crtn.o
 *(.fini)
 .fini          0x00002ff0        0x4 c:/freescale/kds_v3/toolchain/bin/../lib/gcc/arm-none-eabi/4.8.4/armv7e-m/fpu/crti.o
                0x00002ff0                _fini
 .fini          0x00002ff4        0x8 c:/freescale/kds_v3/toolchain/bin/../lib/gcc/arm-none-eabi/4.8.4/armv7e-m/fpu/crtn.o
                0x00002ffc                . = ALIGN (0x4)

.vfp11_veneer   0x00002ffc        0x0
 .vfp11_veneer  0x00000000        0x0 linker stubs

.v4_bx          0x00002ffc        0x0
 .v4_bx         0x00000000        0x0 linker stubs

.iplt           0x00002ffc        0x0
 .iplt          0x00000000        0x0 c:/freescale/kds_v3/toolchain/bin/../lib/gcc/arm-none-eabi/4.8.4/armv7e-m/fpu/crtbegin.o

.ARM.extab
 *(.ARM.extab* .gnu.linkonce.armextab.*)

.ARM            0x00002ffc        0x8
                0x00002ffc                __exidx_start = .
 *(.ARM.exidx*)
 .ARM.exidx     0x00002ffc        0x8 c:/freescale/kds_v3/toolchain/bin/../lib/gcc/arm-none-eabi/4.8.4/../../../../arm-none-eabi/lib/armv7e-m/fpu/crt0.o
                0x00003004                __exidx_end = .

.rel.dyn        0x00003004        0x0
 .rel.iplt      0x00000000        0x0 c:/freescale/kds_v3/toolchain/bin/../lib/gcc/arm-none-eabi/4.8.4/armv7e-m/fpu/crtbegin.o

.ctors          0x00003004        0x0
                0x00003004                __CTOR_LIST__ = .
 *crtbegin.o(.ctors)
 *crtbegin?.o(.ctors)
 *(EXCLUDE_FILE(*crtend.o *crtend?.o) .ctors)
 *(SORT(.ctors.*))
 *(.ctors)
                0x00003004                __CTOR_END__ = .

.dtors          0x00003004        0x0
                0x00003004                __DTOR_LIST__ = .
 *crtbegin.o(.dtors)
 *crtbegin?.o(.dtors)
 *(EXCLUDE_FILE(*crtend.o *crtend?.o) .dtors)
 *(SORT(.dtors.*))
 *(.dtors)
                0x00003004                __DTOR_END__ = .

.preinit_array  0x00003004        0x0
                0x00003004                PROVIDE (__preinit_array_start, .)
 *(.preinit_array*)
                0x00003004                PROVIDE (__preinit_array_end, .)

.init_array     0x00003004        0x4
                0x00003004                PROVIDE (__init_array_start, .)
 *(SORT(.init_array.*))
 *(.init_array*)
 .init_array    0x00003004        0x4 c:/freescale/kds_v3/toolchain/bin/../lib/gcc/arm-none-eabi/4.8.4/armv7e-m/fpu/crtbegin.o
                0x00003008                PROVIDE (__init_array_end, .)

.fini_array     0x00003008        0x4
                0x00003008                PROVIDE (__fini_array_start, .)
 *(SORT(.fini_array.*))
 *(.fini_array*)
 .fini_array    0x00003008        0x4 c:/freescale/kds_v3/toolchain/bin/../lib/gcc/arm-none-eabi/4.8.4/armv7e-m/fpu/crtbegin.o
                0x0000300c                PROVIDE (__fini_array_end, .)
                0x0000300c                __etext = .
                0x0000300c                __DATA_ROM = .

.interrupts_ram
                0x1fff0000        0x0
                0x1fff0000                . = ALIGN (0x4)
                0x1fff0000                __VECTOR_RAM__ = .
                0x1fff0000                __interrupts_ram_start__ = .
 *(.m_interrupts_ram)
                0x1fff0000                . = (. + M_VECTOR_RAM_SIZE)
                0x1fff0000                . = ALIGN (0x4)
                0x1fff0000                __interrupts_ram_end__ = .
                0x00000000                __VECTOR_RAM = DEFINED (__ram_vector_table__)?__VECTOR_RAM__:ORIGIN (m_interrupts)
                0x00000000                __RAM_VECTOR_TABLE_SIZE_BYTES = DEFINED (__ram_vector_table__)?(__interrupts_ram_end__ - __interrupts_ram_start__):0x0

.data           0x1fff0000       0x6c load address 0x0000300c
                0x1fff0000                . = ALIGN (0x4)
                0x1fff0000                __DATA_RAM = .
                0x1fff0000                __data_start__ = .
 *(.data)
 *(.data*)
 .data.uxCriticalNesting.5097
                0x1fff0000        0x4 C:\Users\fabio\AppData\Local\Temp\ccGKmI0M.ltrans1.ltrans.o
                0x1fff0000                uxCriticalNesting.5097
 .data.SystemCoreClock
                0x1fff0004        0x4 C:\Users\fabio\AppData\Local\Temp\ccGKmI0M.ltrans1.ltrans.o
 .data.impure_data
                0x1fff0008       0x60 c:/freescale/kds_v3/toolchain/bin/../lib/gcc/arm-none-eabi/4.8.4/../../../../arm-none-eabi/lib/armv7e-m/fpu\libg_s.a(lib_a-impure.o)
 *(.jcr*)
 .jcr           0x1fff0068        0x0 c:/freescale/kds_v3/toolchain/bin/../lib/gcc/arm-none-eabi/4.8.4/armv7e-m/fpu/crtbegin.o
 .jcr           0x1fff0068        0x4 c:/freescale/kds_v3/toolchain/bin/../lib/gcc/arm-none-eabi/4.8.4/armv7e-m/fpu/crtend.o
                0x1fff006c                . = ALIGN (0x4)
                0x1fff006c                __data_end__ = .
                0x00003078                __DATA_END = (__DATA_ROM + (__data_end__ - __data_start__))
                0x00100000                text_end = (ORIGIN (m_text) + 0xffbf0)
                0x00000001                ASSERT ((__DATA_END <= text_end), region m_text overflowed with text and data)
                0x00000000                USB_RAM_GAP = DEFINED (__usb_ram_size__)?__usb_ram_size__:0x0

.igot.plt       0x1fff006c        0x0 load address 0x00003078
 .igot.plt      0x00000000        0x0 c:/freescale/kds_v3/toolchain/bin/../lib/gcc/arm-none-eabi/4.8.4/armv7e-m/fpu/crtbegin.o

.bss            0x1fff006c     0x2b94 load address 0x00003078
                0x1fff006c                . = ALIGN (0x4)
                0x1fff006c                __START_BSS = .
                0x1fff006c                __bss_start__ = .
 *(.bss)
 .bss           0x1fff006c       0x1c c:/freescale/kds_v3/toolchain/bin/../lib/gcc/arm-none-eabi/4.8.4/armv7e-m/fpu/crtbegin.o
 *(.bss*)
 .bss.xTasksWaitingTermination.5849.4513
                0x1fff0088       0x14 C:\Users\fabio\AppData\Local\Temp\ccGKmI0M.ltrans0.ltrans.o
 .bss.uxCurrentNumberOfTasks.5857.4505
                0x1fff009c        0x4 C:\Users\fabio\AppData\Local\Temp\ccGKmI0M.ltrans0.ltrans.o
 .bss.xNumOfOverflows.5866.4562
                0x1fff00a0        0x4 C:\Users\fabio\AppData\Local\Temp\ccGKmI0M.ltrans0.ltrans.o
 .bss.xYieldPending.5868.4503
                0x1fff00a4        0x4 C:\Users\fabio\AppData\Local\Temp\ccGKmI0M.ltrans0.ltrans.o
 .bss.xPendingReadyList.5850.4512
                0x1fff00a8       0x14 C:\Users\fabio\AppData\Local\Temp\ccGKmI0M.ltrans0.ltrans.o
 .bss.xBlockAllocatedBit.5042.4495
                0x1fff00bc        0x4 C:\Users\fabio\AppData\Local\Temp\ccGKmI0M.ltrans0.ltrans.o
 .bss.v2.4917.4490
                0x1fff00c0        0x1 C:\Users\fabio\AppData\Local\Temp\ccGKmI0M.ltrans0.ltrans.o
 .bss.v3.4918.4491
                0x1fff00c1        0x1 C:\Users\fabio\AppData\Local\Temp\ccGKmI0M.ltrans0.ltrans.o
 *fill*         0x1fff00c2        0x2 
 .bss.uxDeletedTasksWaitingCleanUp.5865.4563
                0x1fff00c4        0x4 C:\Users\fabio\AppData\Local\Temp\ccGKmI0M.ltrans0.ltrans.o
 .bss.uxPendedTicks.5867.4566
                0x1fff00c8        0x4 C:\Users\fabio\AppData\Local\Temp\ccGKmI0M.ltrans0.ltrans.o
 .bss.xStart.5038.4564
                0x1fff00cc        0x8 C:\Users\fabio\AppData\Local\Temp\ccGKmI0M.ltrans0.ltrans.o
 .bss.display.4915.4488
                0x1fff00d4        0x1 C:\Users\fabio\AppData\Local\Temp\ccGKmI0M.ltrans0.ltrans.o
 *fill*         0x1fff00d5        0x3 
 .bss.uxTaskNumber.5860.4499
                0x1fff00d8        0x4 C:\Users\fabio\AppData\Local\Temp\ccGKmI0M.ltrans0.ltrans.o
 .bss.xMinimumEverFreeBytesRemaining.5040.4493
                0x1fff00dc        0x4 C:\Users\fabio\AppData\Local\Temp\ccGKmI0M.ltrans0.ltrans.o
 .bss.s_i2cMasterIsr.10689.4518
                0x1fff00e0        0x4 C:\Users\fabio\AppData\Local\Temp\ccGKmI0M.ltrans0.ltrans.o
 .bss.xSuspendedTaskList.5848.4514
                0x1fff00e4       0x14 C:\Users\fabio\AppData\Local\Temp\ccGKmI0M.ltrans0.ltrans.o
 .bss.s_i2cSlaveIsr.10691.4520
                0x1fff00f8        0x4 C:\Users\fabio\AppData\Local\Temp\ccGKmI0M.ltrans0.ltrans.o
 .bss.ucHeap.5035.4565
                0x1fff00fc     0x2800 C:\Users\fabio\AppData\Local\Temp\ccGKmI0M.ltrans0.ltrans.o
 .bss.pxOverflowDelayedTaskList.5856.4516
                0x1fff28fc        0x4 C:\Users\fabio\AppData\Local\Temp\ccGKmI0M.ltrans0.ltrans.o
 .bss.pxDelayedTaskList.5855.4515
                0x1fff2900        0x4 C:\Users\fabio\AppData\Local\Temp\ccGKmI0M.ltrans0.ltrans.o
 .bss.xDelayedTaskList2.5851.4511
                0x1fff2904       0x14 C:\Users\fabio\AppData\Local\Temp\ccGKmI0M.ltrans0.ltrans.o
 .bss.xDelayedTaskList1.5852.4510
                0x1fff2918       0x14 C:\Users\fabio\AppData\Local\Temp\ccGKmI0M.ltrans0.ltrans.o
 .bss.xFreeBytesRemaining.5041.4494
                0x1fff292c        0x4 C:\Users\fabio\AppData\Local\Temp\ccGKmI0M.ltrans0.ltrans.o
 .bss.v0.4913.4487
                0x1fff2930        0x1 C:\Users\fabio\AppData\Local\Temp\ccGKmI0M.ltrans0.ltrans.o
 *fill*         0x1fff2931        0x3 
 .bss.uxSchedulerSuspended.5864.4559
                0x1fff2934        0x4 C:\Users\fabio\AppData\Local\Temp\ccGKmI0M.ltrans0.ltrans.o
 .bss.pxEnd.5039.4492
                0x1fff2938        0x4 C:\Users\fabio\AppData\Local\Temp\ccGKmI0M.ltrans0.ltrans.o
 .bss.v1.4916.4489
                0x1fff293c        0x1 C:\Users\fabio\AppData\Local\Temp\ccGKmI0M.ltrans0.ltrans.o
 .bss.ucMaxSysCallPriority.5099
                0x1fff293d        0x1 C:\Users\fabio\AppData\Local\Temp\ccGKmI0M.ltrans1.ltrans.o
                0x1fff293d                ucMaxSysCallPriority.5099
 *fill*         0x1fff293e        0x2 
 .bss.xQueueRegistry.4549
                0x1fff2940       0x40 C:\Users\fabio\AppData\Local\Temp\ccGKmI0M.ltrans1.ltrans.o
 .bss.xSchedulerRunning.5859
                0x1fff2980        0x4 C:\Users\fabio\AppData\Local\Temp\ccGKmI0M.ltrans1.ltrans.o
                0x1fff2980                xSchedulerRunning.5859
 .bss.TEMPConfigStruct.4568
                0x1fff2984        0x9 C:\Users\fabio\AppData\Local\Temp\ccGKmI0M.ltrans1.ltrans.o
 *fill*         0x1fff298d        0x3 
 .bss.LDRChannelConfigStruct
                0x1fff2990        0x8 C:\Users\fabio\AppData\Local\Temp\ccGKmI0M.ltrans1.ltrans.o
                0x1fff2990                LDRChannelConfigStruct
 .bss.xTimerTaskHandle.6061.4565
                0x1fff2998        0x4 C:\Users\fabio\AppData\Local\Temp\ccGKmI0M.ltrans1.ltrans.o
 .bss.xTickCount.5863
                0x1fff299c        0x4 C:\Users\fabio\AppData\Local\Temp\ccGKmI0M.ltrans1.ltrans.o
                0x1fff299c                xTickCount.5863
 .bss.xNextTaskUnblockTime.5862
                0x1fff29a0        0x4 C:\Users\fabio\AppData\Local\Temp\ccGKmI0M.ltrans1.ltrans.o
                0x1fff29a0                xNextTaskUnblockTime.5862
 .bss.xTimerQueue.6063
                0x1fff29a4        0x4 C:\Users\fabio\AppData\Local\Temp\ccGKmI0M.ltrans1.ltrans.o
                0x1fff29a4                xTimerQueue.6063
 .bss.pxOverflowTimerList.6064
                0x1fff29a8        0x4 C:\Users\fabio\AppData\Local\Temp\ccGKmI0M.ltrans1.ltrans.o
                0x1fff29a8                pxOverflowTimerList.6064
 .bss.xIdleTaskHandle.5853.4559
                0x1fff29ac        0x4 C:\Users\fabio\AppData\Local\Temp\ccGKmI0M.ltrans1.ltrans.o
 .bss.pxCurrentTimerList.6062
                0x1fff29b0        0x4 C:\Users\fabio\AppData\Local\Temp\ccGKmI0M.ltrans1.ltrans.o
                0x1fff29b0                pxCurrentTimerList.6062
 .bss.g_xtal0Freq
                0x1fff29b4        0x4 C:\Users\fabio\AppData\Local\Temp\ccGKmI0M.ltrans1.ltrans.o
                0x1fff29b4                g_xtal0Freq
 .bss.ulMaxPRIGROUPValue.5102
                0x1fff29b8        0x4 C:\Users\fabio\AppData\Local\Temp\ccGKmI0M.ltrans1.ltrans.o
                0x1fff29b8                ulMaxPRIGROUPValue.5102
 .bss.xActiveTimerList1.6060.4566
                0x1fff29bc       0x14 C:\Users\fabio\AppData\Local\Temp\ccGKmI0M.ltrans1.ltrans.o
 .bss.xActiveTimerList2.6059.4567
                0x1fff29d0       0x14 C:\Users\fabio\AppData\Local\Temp\ccGKmI0M.ltrans1.ltrans.o
 .bss.s_debugConsole.4155
                0x1fff29e4       0x10 C:\Users\fabio\AppData\Local\Temp\ccGKmI0M.ltrans1.ltrans.o
                0x1fff29e4                s_debugConsole.4155
 .bss.TEMPChannelConfigStruct
                0x1fff29f4        0x8 C:\Users\fabio\AppData\Local\Temp\ccGKmI0M.ltrans1.ltrans.o
                0x1fff29f4                TEMPChannelConfigStruct
 .bss.LDRConfigStruct.4575
                0x1fff29fc        0x9 C:\Users\fabio\AppData\Local\Temp\ccGKmI0M.ltrans1.ltrans.o
 .bss.POTConfigStruct.4577
                0x1fff2a05        0x9 C:\Users\fabio\AppData\Local\Temp\ccGKmI0M.ltrans1.ltrans.o
 *fill*         0x1fff2a0e        0x2 
 .bss.POTChannelConfigStruct
                0x1fff2a10        0x8 C:\Users\fabio\AppData\Local\Temp\ccGKmI0M.ltrans1.ltrans.o
                0x1fff2a10                POTChannelConfigStruct
 .bss.pxReadyTasksLists.5854
                0x1fff2a18       0x64 C:\Users\fabio\AppData\Local\Temp\ccGKmI0M.ltrans2.ltrans.o
                0x1fff2a18                pxReadyTasksLists.5854
 .bss.xLastTime.4977.6065.4324
                0x1fff2a7c        0x4 C:\Users\fabio\AppData\Local\Temp\ccGKmI0M.ltrans2.ltrans.o
 .bss.pxCurrentTCB
                0x1fff2a80        0x4 C:\Users\fabio\AppData\Local\Temp\ccGKmI0M.ltrans2.ltrans.o
                0x1fff2a80                pxCurrentTCB
 .bss.uxTopReadyPriority.5861
                0x1fff2a84        0x4 C:\Users\fabio\AppData\Local\Temp\ccGKmI0M.ltrans2.ltrans.o
                0x1fff2a84                uxTopReadyPriority.5861
 .bss.ldr       0x1fff2a88        0x4 C:\Users\fabio\AppData\Local\Temp\ccGKmI0M.ltrans3.ltrans.o
                0x1fff2a88                ldr
 .bss.pot       0x1fff2a8c        0x4 C:\Users\fabio\AppData\Local\Temp\ccGKmI0M.ltrans3.ltrans.o
                0x1fff2a8c                pot
 .bss.temp.4301
                0x1fff2a90        0x4 C:\Users\fabio\AppData\Local\Temp\ccGKmI0M.ltrans3.ltrans.o
 .bss.s_enetTxIsr.9117.4720
                0x1fff2a94        0x4 C:\Users\fabio\AppData\Local\Temp\ccGKmI0M.ltrans4.ltrans.o
 .bss.s_uartIsr.13223.4321
                0x1fff2a98        0x4 C:\Users\fabio\AppData\Local\Temp\ccGKmI0M.ltrans4.ltrans.o
 .bss.s_enetRxIsr.9119.4719
                0x1fff2a9c        0x4 C:\Users\fabio\AppData\Local\Temp\ccGKmI0M.ltrans4.ltrans.o
 .bss.s_enetErrIsr.9120.4577
                0x1fff2aa0        0x4 C:\Users\fabio\AppData\Local\Temp\ccGKmI0M.ltrans4.ltrans.o
                0x1fff2c00                . = ALIGN (0x200)
 *fill*         0x1fff2aa4      0x15c 
                0x1fff2c00                USB_RAM_START = .
                0x1fff2c00                . = (. + USB_RAM_GAP)
 *(COMMON)
                0x1fff2c00                . = ALIGN (0x4)
                0x1fff2c00                __bss_end__ = .
                0x1fff2c00                __END_BSS = .

.heap           0x20000000      0x400
                0x20000000                . = ALIGN (0x8)
                0x20000000                __end__ = .
                0x20000000                PROVIDE (end, .)
                0x20000000                __HeapBase = .
                0x20000400                . = (. + HEAP_SIZE)
 *fill*         0x20000000      0x400 
                0x20000400                __HeapLimit = .
                0x20000400                __heap_limit = .

.stack          0x20000400      0x400
                0x20000400                . = ALIGN (0x8)
                0x20000800                . = (. + STACK_SIZE)
 *fill*         0x20000400      0x400 

m_usb_bdt       0x1fff2c00        0x0
 *(m_usb_bdt)
                0x1fff2c00                USB_RAM_BDT_END = .

m_usb_global
 *(m_usb_global)
                0x20030000                __StackTop = (ORIGIN (m_data_2) + 0x30000)
                0x2002fc00                __StackLimit = (__StackTop - STACK_SIZE)
                0x20030000                PROVIDE (__stack, __StackTop)

.ARM.attributes
                0x00000000       0x30
 *(.ARM.attributes)
 .ARM.attributes
                0x00000000       0x22 c:/freescale/kds_v3/toolchain/bin/../lib/gcc/arm-none-eabi/4.8.4/armv7e-m/fpu/crti.o
 .ARM.attributes
                0x00000022       0x34 c:/freescale/kds_v3/toolchain/bin/../lib/gcc/arm-none-eabi/4.8.4/armv7e-m/fpu/crtbegin.o
 .ARM.attributes
                0x00000056       0x20 c:/freescale/kds_v3/toolchain/bin/../lib/gcc/arm-none-eabi/4.8.4/../../../../arm-none-eabi/lib/armv7e-m/fpu/crt0.o
 .ARM.attributes
                0x00000076       0x37 C:\Users\fabio\AppData\Local\Temp\ccGKmI0M.ltrans0.ltrans.o
 .ARM.attributes
                0x000000ad       0x37 C:\Users\fabio\AppData\Local\Temp\ccGKmI0M.ltrans1.ltrans.o
 .ARM.attributes
                0x000000e4       0x37 C:\Users\fabio\AppData\Local\Temp\ccGKmI0M.ltrans2.ltrans.o
 .ARM.attributes
                0x0000011b       0x37 C:\Users\fabio\AppData\Local\Temp\ccGKmI0M.ltrans3.ltrans.o
 .ARM.attributes
                0x00000152       0x37 C:\Users\fabio\AppData\Local\Temp\ccGKmI0M.ltrans4.ltrans.o
 .ARM.attributes
                0x00000189       0x34 c:/freescale/kds_v3/toolchain/bin/../lib/gcc/arm-none-eabi/4.8.4/../../../../arm-none-eabi/lib/armv7e-m/fpu\libg_s.a(lib_a-memcpy-stub.o)
 .ARM.attributes
                0x000001bd       0x34 c:/freescale/kds_v3/toolchain/bin/../lib/gcc/arm-none-eabi/4.8.4/../../../../arm-none-eabi/lib/armv7e-m/fpu\libg_s.a(lib_a-strlen.o)
 .ARM.attributes
                0x000001f1       0x1f ./startup/startup_MK64F12.o
 .ARM.attributes
                0x00000210       0x34 c:/freescale/kds_v3/toolchain/bin/../lib/gcc/arm-none-eabi/4.8.4/../../../../arm-none-eabi/lib/armv7e-m/fpu\libg_s.a(lib_a-exit.o)
 .ARM.attributes
                0x00000244       0x34 c:/freescale/kds_v3/toolchain/bin/../lib/gcc/arm-none-eabi/4.8.4/../../../../arm-none-eabi/lib/armv7e-m/fpu\libg_s.a(lib_a-impure.o)
 .ARM.attributes
                0x00000278       0x34 c:/freescale/kds_v3/toolchain/bin/../lib/gcc/arm-none-eabi/4.8.4/../../../../arm-none-eabi/lib/armv7e-m/fpu\libg_s.a(lib_a-init.o)
 .ARM.attributes
                0x000002ac       0x34 c:/freescale/kds_v3/toolchain/bin/../lib/gcc/arm-none-eabi/4.8.4/../../../../arm-none-eabi/lib/armv7e-m/fpu\libg_s.a(lib_a-memset.o)
 .ARM.attributes
                0x000002e0       0x34 c:/freescale/kds_v3/toolchain/bin/../lib/gcc/arm-none-eabi/4.8.4/../../../../arm-none-eabi/lib/armv7e-m/fpu\libnosys.a(_exit.o)
 .ARM.attributes
                0x00000314       0x34 c:/freescale/kds_v3/toolchain/bin/../lib/gcc/arm-none-eabi/4.8.4/armv7e-m/fpu/crtend.o
 .ARM.attributes
                0x00000348       0x22 c:/freescale/kds_v3/toolchain/bin/../lib/gcc/arm-none-eabi/4.8.4/armv7e-m/fpu/crtn.o
                0x00000001                ASSERT ((__StackLimit >= __HeapLimit), region m_data_2 overflowed with stack and heap)
OUTPUT(FreeRTOSeKSDK2.elf elf32-littlearm)

.debug_info     0x00000000     0xb7f0
 .debug_info    0x00000000     0x36e9 C:\Users\fabio\AppData\Local\Temp\ccGKmI0M.ltrans0.ltrans.o
 .debug_info    0x000036e9     0x2ea8 C:\Users\fabio\AppData\Local\Temp\ccGKmI0M.ltrans1.ltrans.o
 .debug_info    0x00006591     0x1a29 C:\Users\fabio\AppData\Local\Temp\ccGKmI0M.ltrans2.ltrans.o
 .debug_info    0x00007fba     0x192c C:\Users\fabio\AppData\Local\Temp\ccGKmI0M.ltrans3.ltrans.o
 .debug_info    0x000098e6     0x1e5a C:\Users\fabio\AppData\Local\Temp\ccGKmI0M.ltrans4.ltrans.o
 .debug_info    0x0000b740       0xb0 ./startup/startup_MK64F12.o

.debug_abbrev   0x00000000     0x181b
 .debug_abbrev  0x00000000      0x658 C:\Users\fabio\AppData\Local\Temp\ccGKmI0M.ltrans0.ltrans.o
 .debug_abbrev  0x00000658      0x4fc C:\Users\fabio\AppData\Local\Temp\ccGKmI0M.ltrans1.ltrans.o
 .debug_abbrev  0x00000b54      0x481 C:\Users\fabio\AppData\Local\Temp\ccGKmI0M.ltrans2.ltrans.o
 .debug_abbrev  0x00000fd5      0x4ae C:\Users\fabio\AppData\Local\Temp\ccGKmI0M.ltrans3.ltrans.o
 .debug_abbrev  0x00001483      0x384 C:\Users\fabio\AppData\Local\Temp\ccGKmI0M.ltrans4.ltrans.o
 .debug_abbrev  0x00001807       0x14 ./startup/startup_MK64F12.o

.debug_loc      0x00000000     0x35f9
 .debug_loc     0x00000000     0x1905 C:\Users\fabio\AppData\Local\Temp\ccGKmI0M.ltrans0.ltrans.o
 .debug_loc     0x00001905      0x54b C:\Users\fabio\AppData\Local\Temp\ccGKmI0M.ltrans1.ltrans.o
 .debug_loc     0x00001e50     0x1022 C:\Users\fabio\AppData\Local\Temp\ccGKmI0M.ltrans2.ltrans.o
 .debug_loc     0x00002e72      0x6ef C:\Users\fabio\AppData\Local\Temp\ccGKmI0M.ltrans3.ltrans.o
 .debug_loc     0x00003561       0x98 C:\Users\fabio\AppData\Local\Temp\ccGKmI0M.ltrans4.ltrans.o

.debug_aranges  0x00000000      0x398
 .debug_aranges
                0x00000000      0x168 C:\Users\fabio\AppData\Local\Temp\ccGKmI0M.ltrans0.ltrans.o
 .debug_aranges
                0x00000168       0x20 C:\Users\fabio\AppData\Local\Temp\ccGKmI0M.ltrans1.ltrans.o
 .debug_aranges
                0x00000188       0x30 C:\Users\fabio\AppData\Local\Temp\ccGKmI0M.ltrans2.ltrans.o
 .debug_aranges
                0x000001b8       0x70 C:\Users\fabio\AppData\Local\Temp\ccGKmI0M.ltrans3.ltrans.o
 .debug_aranges
                0x00000228      0x150 C:\Users\fabio\AppData\Local\Temp\ccGKmI0M.ltrans4.ltrans.o
 .debug_aranges
                0x00000378       0x20 ./startup/startup_MK64F12.o

.debug_ranges   0x00000000      0xb00
 .debug_ranges  0x00000000      0x358 C:\Users\fabio\AppData\Local\Temp\ccGKmI0M.ltrans0.ltrans.o
 .debug_ranges  0x00000358      0x390 C:\Users\fabio\AppData\Local\Temp\ccGKmI0M.ltrans1.ltrans.o
 .debug_ranges  0x000006e8      0x1e8 C:\Users\fabio\AppData\Local\Temp\ccGKmI0M.ltrans2.ltrans.o
 .debug_ranges  0x000008d0       0xf0 C:\Users\fabio\AppData\Local\Temp\ccGKmI0M.ltrans3.ltrans.o
 .debug_ranges  0x000009c0      0x140 C:\Users\fabio\AppData\Local\Temp\ccGKmI0M.ltrans4.ltrans.o

.debug_line     0x00000000     0x229f
 .debug_line    0x00000000      0xb3d C:\Users\fabio\AppData\Local\Temp\ccGKmI0M.ltrans0.ltrans.o
 .debug_line    0x00000b3d      0x742 C:\Users\fabio\AppData\Local\Temp\ccGKmI0M.ltrans1.ltrans.o
 .debug_line    0x0000127f      0x4fc C:\Users\fabio\AppData\Local\Temp\ccGKmI0M.ltrans2.ltrans.o
 .debug_line    0x0000177b      0x466 C:\Users\fabio\AppData\Local\Temp\ccGKmI0M.ltrans3.ltrans.o
 .debug_line    0x00001be1      0x54c C:\Users\fabio\AppData\Local\Temp\ccGKmI0M.ltrans4.ltrans.o
 .debug_line    0x0000212d      0x172 ./startup/startup_MK64F12.o

.debug_str      0x00000000     0x4327
 .debug_str     0x00000000     0x1811 C:\Users\fabio\AppData\Local\Temp\ccGKmI0M.ltrans0.ltrans.o
                               0x18af (size before relaxing)
 .debug_str     0x00001811     0x16db C:\Users\fabio\AppData\Local\Temp\ccGKmI0M.ltrans1.ltrans.o
                               0x1d22 (size before relaxing)
 .debug_str     0x00002eec      0x446 C:\Users\fabio\AppData\Local\Temp\ccGKmI0M.ltrans2.ltrans.o
                                0xd83 (size before relaxing)
 .debug_str     0x00003332      0x44e C:\Users\fabio\AppData\Local\Temp\ccGKmI0M.ltrans3.ltrans.o
                               0x1032 (size before relaxing)
 .debug_str     0x00003780      0xba7 C:\Users\fabio\AppData\Local\Temp\ccGKmI0M.ltrans4.ltrans.o
                               0x131e (size before relaxing)

.comment        0x00000000       0x70
 .comment       0x00000000       0x70 C:\Users\fabio\AppData\Local\Temp\ccGKmI0M.ltrans0.ltrans.o
                                 0x71 (size before relaxing)
 .comment       0x00000000       0x71 C:\Users\fabio\AppData\Local\Temp\ccGKmI0M.ltrans1.ltrans.o
 .comment       0x00000000       0x71 C:\Users\fabio\AppData\Local\Temp\ccGKmI0M.ltrans2.ltrans.o
 .comment       0x00000000       0x71 C:\Users\fabio\AppData\Local\Temp\ccGKmI0M.ltrans3.ltrans.o
 .comment       0x00000000       0x71 C:\Users\fabio\AppData\Local\Temp\ccGKmI0M.ltrans4.ltrans.o

.debug_frame    0x00000000      0x9c0
 .debug_frame   0x00000000      0x3f8 C:\Users\fabio\AppData\Local\Temp\ccGKmI0M.ltrans0.ltrans.o
 .debug_frame   0x000003f8       0x30 C:\Users\fabio\AppData\Local\Temp\ccGKmI0M.ltrans1.ltrans.o
 .debug_frame   0x00000428       0x78 C:\Users\fabio\AppData\Local\Temp\ccGKmI0M.ltrans2.ltrans.o
 .debug_frame   0x000004a0      0x12c C:\Users\fabio\AppData\Local\Temp\ccGKmI0M.ltrans3.ltrans.o
 .debug_frame   0x000005cc      0x318 C:\Users\fabio\AppData\Local\Temp\ccGKmI0M.ltrans4.ltrans.o
 .debug_frame   0x000008e4       0x28 c:/freescale/kds_v3/toolchain/bin/../lib/gcc/arm-none-eabi/4.8.4/../../../../arm-none-eabi/lib/armv7e-m/fpu\libg_s.a(lib_a-memcpy-stub.o)
 .debug_frame   0x0000090c       0x20 c:/freescale/kds_v3/toolchain/bin/../lib/gcc/arm-none-eabi/4.8.4/../../../../arm-none-eabi/lib/armv7e-m/fpu\libg_s.a(lib_a-strlen.o)
 .debug_frame   0x0000092c       0x28 c:/freescale/kds_v3/toolchain/bin/../lib/gcc/arm-none-eabi/4.8.4/../../../../arm-none-eabi/lib/armv7e-m/fpu\libg_s.a(lib_a-exit.o)
 .debug_frame   0x00000954       0x2c c:/freescale/kds_v3/toolchain/bin/../lib/gcc/arm-none-eabi/4.8.4/../../../../arm-none-eabi/lib/armv7e-m/fpu\libg_s.a(lib_a-init.o)
 .debug_frame   0x00000980       0x20 c:/freescale/kds_v3/toolchain/bin/../lib/gcc/arm-none-eabi/4.8.4/../../../../arm-none-eabi/lib/armv7e-m/fpu\libg_s.a(lib_a-memset.o)
 .debug_frame   0x000009a0       0x20 c:/freescale/kds_v3/toolchain/bin/../lib/gcc/arm-none-eabi/4.8.4/../../../../arm-none-eabi/lib/armv7e-m/fpu\libnosys.a(_exit.o)
